Component: ARM Compiler 5.06 update 6 (build 750) Tool: armlink [4d35ed]

==============================================================================

Section Cross References

    stm32f10x_it.o(.text) refers to printfa.o(i.__0printf) for __2printf
    stm32f10x_it.o(.text) refers to usart.o(.text) for uart1_init
    stm32f10x_it.o(.text) refers to user_arm.o(.text) for E2prom_Write_Byte
    stm32f10x_it.o(.text) refers to comm.o(.bss) for Test
    system_stm32f10x.o(.text) refers to system_stm32f10x.o(.data) for .data
    stm32f10x_adc.o(.text) refers to stm32f10x_rcc.o(.text) for RCC_APB2PeriphResetCmd
    stm32f10x_gpio.o(.text) refers to stm32f10x_rcc.o(.text) for RCC_APB2PeriphResetCmd
    stm32f10x_rcc.o(.text) refers to stm32f10x_rcc.o(.data) for .data
    stm32f10x_spi.o(.text) refers to stm32f10x_rcc.o(.text) for RCC_APB2PeriphResetCmd
    stm32f10x_tim.o(.text) refers to stm32f10x_rcc.o(.text) for RCC_APB2PeriphResetCmd
    stm32f10x_usart.o(.text) refers to stm32f10x_rcc.o(.text) for RCC_APB2PeriphResetCmd
    stm32f10x_wwdg.o(.text) refers to stm32f10x_rcc.o(.text) for RCC_APB1PeriphResetCmd
    stm32f10x_bkp.o(.text) refers to stm32f10x_rcc.o(.text) for RCC_BackupResetCmd
    stm32f10x_pwr.o(.text) refers to stm32f10x_rcc.o(.text) for RCC_APB1PeriphResetCmd
    startup_stm32f10x_hd.o(RESET) refers to startup_stm32f10x_hd.o(.text) for Reset_Handler
    startup_stm32f10x_hd.o(RESET) refers to stm32f10x_it.o(.text) for NMI_Handler
    startup_stm32f10x_hd.o(RESET) refers to port.o(.emb_text) for vPortSVCHandler
    startup_stm32f10x_hd.o(RESET) refers to port.o(.text) for xPortSysTickHandler
    startup_stm32f10x_hd.o(RESET) refers to timerx.o(.text) for TIM3_IRQHandler
    startup_stm32f10x_hd.o(RESET) refers to modbus.o(.text) for USART1_IRQHandler
    startup_stm32f10x_hd.o(RESET) refers to wifi.o(.text) for UART4_IRQHandler
    startup_stm32f10x_hd.o(.text) refers to system_stm32f10x.o(.text) for SystemInit
    startup_stm32f10x_hd.o(.text) refers to entry.o(.ARM.Collect$$$$00000000) for __main
    myiic.o(.text) refers to stm32f10x_gpio.o(.text) for GPIO_Init
    myiic.o(.text) refers to stm32f10x_rcc.o(.text) for RCC_APB2PeriphClockCmd
    myiic.o(.text) refers to delay.o(.text) for delay_us
    24cxx.o(.text) refers to myiic.o(.text) for IIC_Init
    24cxx.o(.text) refers to delay.o(.text) for delay_ms
    spi.o(.text) refers to stm32f10x_spi.o(.text) for SPI_Cmd
    spi.o(.text) refers to stm32f10x_rcc.o(.text) for RCC_APB2PeriphClockCmd
    spi.o(.text) refers to stm32f10x_gpio.o(.text) for GPIO_Init
    spi.o(.text) refers to modbus.o(.bss) for Modbus
    flash.o(.text) refers to spi.o(.text) for SPI1_ReadWriteByte
    flash.o(.text) refers to stm32f10x_rcc.o(.text) for RCC_APB2PeriphClockCmd
    flash.o(.text) refers to stm32f10x_gpio.o(.text) for GPIO_Init
    flash.o(.text) refers to delay.o(.text) for delay_us
    flash.o(.text) refers to flash.o(.data) for .data
    flash.o(.text) refers to flash.o(.bss) for .bss
    stmflash.o(.text) refers to delay.o(.text) for delay_us
    stmflash.o(.text) refers to stmflash.o(.emb_text) for MSR_MSP
    stmflash.o(.text) refers to stmflash.o(.bss) for .bss
    stmflash.o(.text) refers to stmflash.o(.data) for .data
    timerx.o(.text) refers to stm32f10x_tim.o(.text) for TIM_GetFlagStatus
    timerx.o(.text) refers to stm32f10x_rcc.o(.text) for RCC_APB1PeriphClockCmd
    timerx.o(.text) refers to misc.o(.text) for NVIC_Init
    timerx.o(.text) refers to newtiny.o(.text) for scan_led
    timerx.o(.text) refers to h_cov.o(.text) for handler_cov_timer_seconds
    timerx.o(.text) refers to timerx.o(.data) for .data
    timerx.o(.text) refers to decode.o(.data) for miliseclast
    timerx.o(.text) refers to modbus.o(.data) for run_time
    timerx.o(.text) refers to rs485.o(.data) for SilenceTime
    enc28j60.o(.text) refers to stm32f10x_rcc.o(.text) for RCC_APB2PeriphClockCmd
    enc28j60.o(.text) refers to stm32f10x_gpio.o(.text) for GPIO_Init
    enc28j60.o(.text) refers to delay.o(.text) for delay_ms
    enc28j60.o(.text) refers to spi.o(.text) for SPI2_ReadWriteByte
    enc28j60.o(.text) refers to enc28j60.o(.data) for .data
    enc28j60.o(.text) refers to modbus.o(.text) for QuickSoftReset
    enc28j60.o(.text) refers to tcpip_task.o(.text) for tcpip_intial
    enc28j60.o(.text) refers to comm.o(.bss) for Test
    rtc.o(.text) refers to stm32f10x_rtc.o(.text) for RTC_GetCounter
    rtc.o(.text) refers to stm32f10x_rcc.o(.text) for RCC_APB1PeriphClockCmd
    rtc.o(.text) refers to stm32f10x_pwr.o(.text) for PWR_BackupAccessCmd
    rtc.o(.text) refers to stm32f10x_bkp.o(.text) for BKP_ReadBackupRegister
    rtc.o(.text) refers to delay.o(.text) for delay_ms
    rtc.o(.text) refers to rtc.o(.constdata) for .constdata
    rtc.o(.text) refers to rtc.o(.data) for .data
    rtc.o(.text) refers to user_data.o(.data) for Local_Date
    rtc.o(.text) refers to user_data.o(.data) for Local_Time
    rtc.o(.text) refers to rtc.o(.bss) for .bss
[...]
    Start_Date                               0x600007e8   Data           5  schedule.o(.data)
    End_Date                                 0x600007ed   Data           5  schedule.o(.data)
    TemcoVars                                0x600007f2   Data           1  proprietary.o(.data)
    MSVS                                     0x600007fd   Data           1  msv.o(.data)
    __microlib_freelist                      0x60000804   Data           4  mvars.o(.data)
    __microlib_freelist_initialised          0x60000808   Data           4  mvars.o(.data)
    iapbuf                                   0x60000810   Data        2048  stmflash.o(.bss)
    STMFLASH_BUF                             0x60001010   Data        2048  stmflash.o(.bss)
    Rtc                                      0x60001810   Data          10  rtc.o(.bss)
    uip_buf                                  0x60010a10   Data        4098  uip.o(.bss)
    uip_conns                                0x60011a12   Data         370  uip.o(.bss)
    uip_listenports                          0x60011b84   Data          20  uip.o(.bss)
    uip_udp_conns                            0x60011b98   Data         580  uip.o(.bss)
    uip_stat                                 0x60011ddc   Data          52  uip.o(.bss)
    uip_time_to_live                         0x60011e10   Data          10  uip.o(.bss)
    tcp_server_databuf                       0x60011fa3   Data         300  tcp_modbus.o(.bss)
    tcp_server_sendbuf                       0x600120cf   Data         500  tcp_modbus.o(.bss)
    Scan_Infor                               0x600122c3   Data          67  udp_scan.o(.bss)
    Infor                                    0x60012306   Data        2010  udp_scan.o(.bss)
    temp_buf_scan                            0x60012b26   Data         140  udp_scan.o(.bss)
    bip_bac_buf                              0x60012bb2   Data         602  tcpip_task.o(.bss)
    mstp_bac_buf                             0x60012e0c   Data       30100  tcpip_task.o(.bss)
    Modbus_Client_Command                    0x6001a3a0   Data         200  tcpip_task.o(.bss)
    mstp_bac_buf1                            0x6001a468   Data        6020  tcpip_task.o(.bss)
    t                                        0x6001bbec   Data          28  sntpc.o(.bss)
    sntp_server                              0x6001bc08   Data          30  sntpc.o(.bss)
    dyndns_User                              0x6001bc26   Data          32  dyndns.o(.bss)
    dyndns_Pass                              0x6001bc46   Data          32  dyndns.o(.bss)
    dyndns_Domain                            0x6001bc66   Data          32  dyndns.o(.bss)
    dyndns_Command                           0x6001bc86   Data         256  dyndns.o(.bss)
    dyndns_TmpEncData                        0x6001bd86   Data          48  dyndns.o(.bss)
    dyndns_EncResult                         0x6001bdb6   Data          64  dyndns.o(.bss)
    dyndns_CheckResult                       0x6001bdf6   Data          16  dyndns.o(.bss)
    dyndns_domain_name                       0x6001be06   Data          32  dyndns_app.o(.bss)
    dyndns_username                          0x6001be26   Data          32  dyndns_app.o(.bss)
    dyndns_password                          0x6001be46   Data          32  dyndns_app.o(.bss)
    send_message                             0x6001be66   Data         200  smtpc.o(.bss)
    smtpc_Buf                                0x6001bf2e   Data         256  smtpc.o(.bss)
    smtpc_rcv_Buf                            0x6001c02e   Data         200  smtpc.o(.bss)
    smtpc_Subject                            0x6001c0f6   Data          50  smtpc.o(.bss)
    smtpc_Context                            0x6001c128   Data         100  smtpc.o(.bss)
    smtpc_Conns                              0x6001c18c   Data         206  smtpc.o(.bss)
    names                                    0x6001c25a   Data         205  resolv.o(.bss)
    AI_Index_To_Instance                     0x6001c328   Data          64  bac_interface.o(.bss)
    BI_Index_To_Instance                     0x6001c368   Data          64  bac_interface.o(.bss)
    AO_Index_To_Instance                     0x6001c3a8   Data          64  bac_interface.o(.bss)
    BO_Index_To_Instance                     0x6001c3e8   Data          64  bac_interface.o(.bss)
    AV_Index_To_Instance                     0x6001c428   Data         128  bac_interface.o(.bss)
    BV_Index_To_Instance                     0x6001c4a8   Data         128  bac_interface.o(.bss)
    AI_Instance_To_Index                     0x6001c528   Data          64  bac_interface.o(.bss)
    BI_Instance_To_Index                     0x6001c568   Data          64  bac_interface.o(.bss)
    AO_Instance_To_Index                     0x6001c5a8   Data          64  bac_interface.o(.bss)
    BO_Instance_To_Index                     0x6001c5e8   Data          64  bac_interface.o(.bss)
    AV_Instance_To_Index                     0x6001c628   Data         128  bac_interface.o(.bss)
    BV_Instance_To_Index                     0x6001c6a8   Data         128  bac_interface.o(.bss)
    backup_IN_value                          0x6001c728   Data         256  bac_interface.o(.bss)
    backup_VAR_value                         0x6001c828   Data         512  bac_interface.o(.bss)
    backup_OUT_value                         0x6001ca28   Data         256  bac_interface.o(.bss)
    mtu                                      0x6001cb28   Data         630  bip.o(.bss)
    PDUBuffer_BIP                            0x6001cd9e   Data         600  bip.o(.bss)
    con_aux                                  0x6001cff6   Data         192  bac_control.o(.bss)
    output_pri_live                          0x6001d0b6   Data          64  bac_control.o(.bss)
    SD_block_num                             0x6001d110   Data          96  monitor.o(.bss)
    read_mon_point_buf                       0x6001d170   Data         400  monitor.o(.bss)
    write_mon_point_buf                      0x6001d300   Data        9600  monitor.o(.bss)
    mon_block                                0x6001f880   Data       11040  monitor.o(.bss)
    last_digital_index                       0x600223a0   Data          12  monitor.o(.bss)
    last_digital_sample_time                 0x600223ac   Data          48  monitor.o(.bss)
    points_header                            0x60023bdc   Data        2560  point.o(.bss)
    temp                                     0x600245dc   Data         600  ptransfer.o(.bss)
    Rtc2                                     0x60024834   Data          10  ptransfer.o(.bss)
    prg_code                                 0x6002483e   Data       32000  ptransfer.o(.bss)
    MSTP_Send_buffer                         0x6002c53e   Data         600  ptransfer.o(.bss)
    MSTP_Rec_Header                          0x6002c796   Data          12  ptransfer.o(.bss)
    bacnet_to_modbus                         0x6002c7a2   Data         300  ptransfer.o(.bss)
    bacnet_to_modbus_struct                  0x6002c8ce   Data         808  ptransfer.o(.bss)
    Temp_CS                                  0x6002cbf6   Data         598  ptransfer.o(.bss)
    MSTP_Rec_buffer                          0x6002ce4c   Data         600  ptransfer.o(.bss)
    update_dyndns_time                       0x6002d0a4   Data          10  user_data.o(.bss)
    input_raw                                0x6002d0ae   Data         128  user_data.o(.bss)
    input_raw_back                           0x6002d12e   Data         128  user_data.o(.bss)
    output_raw                               0x6002d1ae   Data         128  user_data.o(.bss)
    output_raw_back                          0x6002d22e   Data         128  user_data.o(.bss)
    chip_info                                0x6002d2ae   Data          12  user_data.o(.bss)
    extio_points                             0x6002d2ba   Data         360  user_data.o(.bss)
    month_length                             0x6002d422   Data          12  user_data.o(.bss)
    info                                     0x6002d42e   Data         144  user_data.o(.bss)
    var_unit                                 0x6002d4be   Data         100  user_data.o(.bss)
    Write_Special                            0x6002d522   Data         100  user_data.o(.bss)
    MISC_Info                                0x6002d586   Data         400  user_data.o(.bss)
    Remote_tst_db                            0x6002d716   Data         385  user_data.o(.bss)
    Panel_Info                               0x6002d897   Data          23  user_data.o(.bss)
    Setting_Info                             0x6002d8ae   Data         400  user_data.o(.bss)
    Garphi_data_buf                          0x6002da3e   Data         476  user_data.o(.bss)
    alarms                                   0x6002dc1a   Data        1632  user_data.o(.bss)
    alarms_set                               0x6002e27a   Data         480  user_data.o(.bss)
    digi_units                               0x6002e45a   Data         200  user_data.o(.bss)
    passwords                                0x6002e522   Data         384  user_data.o(.bss)
    programs                                 0x6002e6a2   Data         592  user_data.o(.bss)
    vars                                     0x6002e8f2   Data        4992  user_data.o(.bss)
    controllers                              0x6002fc72   Data         448  user_data.o(.bss)
    totalizers                               0x6002fe32   Data          90  user_data.o(.bss)
    monitors                                 0x6002fe8c   Data        1248  user_data.o(.bss)
    backup_monitors                          0x6003036c   Data        1248  user_data.o(.bss)
    Email_Setting                            0x6003084c   Data         400  user_data.o(.bss)
    control_groups                           0x600309dc   Data         736  user_data.o(.bss)
    group_data_new                           0x60030cbc   Data       16800  user_data.o(.bss)
    weekly_routines                          0x60034e5c   Data         336  user_data.o(.bss)
    wr_times                                 0x60034fac   Data        1152  user_data.o(.bss)
    wr_time_on_off                           0x6003542c   Data         576  user_data.o(.bss)
    annual_routines                          0x6003566c   Data         132  user_data.o(.bss)
    ar_dates                                 0x600356f0   Data         184  user_data.o(.bss)
    ID_Config                                0x600357a8   Data        9906  user_data.o(.bss)
    ID_Config_Sche                           0x60037e5a   Data         254  user_data.o(.bss)
    output_priority                          0x60037f58   Data        4096  user_data.o(.bss)
    output_relinquish                        0x60038f58   Data         256  user_data.o(.bss)
    arrays                                   0x60039058   Data         176  user_data.o(.bss)
    arrays_data                              0x60039108   Data        8192  user_data.o(.bss)
    panelname                                0x6003b108   Data          20  user_data.o(.bss)
    network_points_list                      0x6003b11c   Data        3456  user_data.o(.bss)
    remote_points_list                       0x6003be9c   Data        3584  user_data.o(.bss)
    local_points_list                        0x6003cc9c   Data         400  user_data.o(.bss)
    remote_panel_db                          0x6003ce2c   Data        4300  user_data.o(.bss)
    msv_data                                 0x6003def8   Data         736  user_data.o(.bss)
    arrays_address                           0x6003e1d8   Data          64  user_data.o(.bss)
    Last_Contact_Local_points                0x6003e218   Data          40  user_data.o(.bss)
    Last_Contact_Network_points              0x6003e240   Data         256  user_data.o(.bss)
    Last_Contact_Remote_points               0x6003e340   Data         256  user_data.o(.bss)
    stack                                    0x6003e440   Data          80  user_data.o(.bss)
    message                                  0x6003e490   Data          94  user_data.o(.bss)
    write_page_en                            0x6003e730   Data          26  flash_user.o(.bss)
    Flash_Position                           0x6004456a   Data          96  flash_user.o(.bss)
    uart0_sub_addr                           0x600445ca   Data         100  commsub.o(.bss)
    uart1_sub_addr                           0x6004462e   Data         100  commsub.o(.bss)
    uart2_sub_addr                           0x60044692   Data         100  commsub.o(.bss)
    sub_map                                  0x600446f6   Data        1200  commsub.o(.bss)
    tmp_sendbuf                              0x60044ba8   Data         500  scan.o(.bss)
    node_write                               0x60044d9c   Data        2160  scan.o(.bss)
    NPM_node_write                           0x6004560c   Data         240  scan.o(.bss)
    NPB_node_write                           0x600456fc   Data         550  scan.o(.bss)
    com_rx                                   0x60045924   Data          12  scan.o(.bss)
    com_tx                                   0x60045930   Data          12  scan.o(.bss)
    tstat_name                               0x6004593c   Data        1600  scan.o(.bss)
    flag_tstat_name                          0x60045f7c   Data         100  scan.o(.bss)
    count_read_tstat_name                    0x60045fe0   Data         200  scan.o(.bss)
    flag_rmp_ad                              0x600460a8   Data         128  scan.o(.bss)
    count_read_rmp_ad                        0x60046128   Data         128  scan.o(.bss)
    scan_db                                  0x600461a8   Data         700  scan.o(.bss)
    scan_db_time_to_live                     0x60046464   Data         200  scan.o(.bss)
    db_online                                0x6004652c   Data          32  scan.o(.bss)
    db_occupy                                0x6004654c   Data          32  scan.o(.bss)
    current_online                           0x6004656c   Data          32  scan.o(.bss)
    tst_retry                                0x6004658c   Data         100  scan.o(.bss)
    cov_data                                 0x600465f0   Data          22  scan.o(.bss)
    value_list                               0x60046606   Data         617  scan.o(.bss)
    apdu                                     0x6004686f   Data         480  scan.o(.bss)
    subscribe_cov                            0x60046a4f   Data          43  scan.o(.bss)
    id_conflict                              0x60046a7a   Data         260  scan.o(.bss)
    uart0_send_buf                           0x60046b80   Data         500  modbus.o(.bss)
    uart1_send_buf                           0x60046d74   Data         500  modbus.o(.bss)
    uart2_send_buf                           0x60046f68   Data         500  modbus.o(.bss)
    uart2_data_buffer                        0x6004715c   Data         500  modbus.o(.bss)
    rs232_cmd                                0x60047350   Data          18  modbus.o(.bss)
    Modbus                                   0x60047362   Data         104  modbus.o(.bss)
    high_spd_counter                         0x600473cc   Data         128  modbus.o(.bss)
    high_spd_en                              0x6004744c   Data          32  modbus.o(.bss)
    uart0_data_buffer                        0x6004746c   Data         500  modbus.o(.bss)
    uart1_data_buffer                        0x60047660   Data         500  modbus.o(.bss)
    main_data_buffer                         0x60047854   Data         500  modbus.o(.bss)
    subnet_response_buf                      0x60047a48   Data         500  modbus.o(.bss)
    Input_RPM                                0x60047c3c   Data         128  modbus.o(.bss)
    high_spd_counter_tempbuf                 0x60047cbc   Data         128  modbus.o(.bss)
    task_test                                0x60047d4c   Data          90  main.o(.bss)
    xMessage                                 0x60047da6   Data          12  main.o(.bss)
    default_pwm                              0x60047db2   Data          20  main.o(.bss)
    PDUBuffer                                0x60047dc6   Data         600  main.o(.bss)
    net_health                               0x60048020   Data          16  main.o(.bss)
    old_reading                              0x60048030   Data         128  range.o(.bss)
    intput_raw_sum                           0x600480b0   Data         128  range.o(.bss)
    input_raw_max                            0x60048130   Data          64  range.o(.bss)
    input_raw_min                            0x60048170   Data          64  range.o(.bss)
    input_count                              0x600481b0   Data          32  range.o(.bss)
    count_clear_hsp                          0x600481d0   Data          64  comm.o(.bss)
    Test                                     0x60048250   Data         100  comm.o(.bss)
    InputLed                                 0x600482b4   Data          32  comm.o(.bss)
    OutputLed                                0x600482d4   Data          24  comm.o(.bss)
    high_spd_flag                            0x600482ec   Data          32  comm.o(.bss)
    clear_high_spd                           0x6004830c   Data          32  comm.o(.bss)
    flag_count_in                            0x6004832c   Data          32  comm.o(.bss)
    tmpbuf                                   0x6004834c   Data         150  comm.o(.bss)
    AO_feedback                              0x600483e2   Data          32  pic.o(.bss)
    pic_wirte                                0x60048402   Data         200  pic.o(.bss)
    tmpdata                                  0x600484ca   Data          50  pic.o(.bss)
    slop                                     0x6004852c   Data          10  output.o(.bss)
    AO_auto                                  0x60048536   Data          48  output.o(.bss)
    AO_auto_count                            0x60048566   Data          12  output.o(.bss)
    LED_status                               0x60048572   Data          22  newtiny.o(.bss)
    LED_Level                                0x60048588   Data          96  newtiny.o(.bss)
    fs                                       0x600485e8   Data         558  exfuns.o(.bss)
    file                                     0x60048816   Data       26304  exfuns.o(.bss)
    rw_sd_buf                                0x6004eed6   Data         512  exfuns.o(.bss)
    time                                     0x6004f0d6   Data          20  user_arm.o(.bss)
    cStr                                     0x6004f0ea   Data        1024  wifi.o(.bss)
    SSID_Info                                0x6004f4ea   Data         124  wifi.o(.bss)
    bacnet_wifi_buf                          0x6004f566   Data         600  wifi.o(.bss)
    modbus_wifi_buf                          0x6004f7be   Data         500  wifi.o(.bss)
    packet                                   0x6004f9b2   Data        1024  wifi.o(.bss)
    SendBuff                                 0x6004fdb2   Data         600  wifi.o(.bss)
    strEsp8266_Fram_Record                   0x6005000a   Data        1026  bsp_esp8266.o(.bss)
    Address_Cache                            0x6005040c   Data        7905  address.o(.bss)
    TransmitPacket                           0x600524c4   Data         626  dlmstp.o(.bss)
    wp_data                                  0x60052736   Data         619  h_wp.o(.bss)
    Receive_Buffer_Data0                     0x600529a4   Data         512  rs485.o(.bss)
    Receive_Buffer0                          0x60052ba4   Data          16  rs485.o(.bss)
    dat                                      0x60052bb4   Data         619  s_wp.o(.bss)
    Temp_Buf                                 0x60052e1f   Data         600  h_rpm.o(.bss)
    custom_tab                               0x600532fb   Data         525  inputs.o(.bss)
    inputs                                   0x60053508   Data        2944  inputs.o(.bss)
    input_type                               0x60054088   Data          32  inputs.o(.bss)
    input_type1                              0x600540a8   Data          32  inputs.o(.bss)
    outputs                                  0x600540c8   Data        2880  outputs.o(.bss)
    Handler_Transmit_Buffer                  0x6007df72   Data        1878  txbuf.o(.bss)
    __heap_base                              0x6007f6c8   Data           0  startup_stm32f10x_hd.o(HEAP)
    __heap_limit                             0x6007f8c8   Data           0  startup_stm32f10x_hd.o(HEAP)



==============================================================================

Memory Map of the image

  Image Entry point : 0x08008131

  Load Region LR_IROM1 (Base: 0x08008000, Size: 0x0003f3f4, Max: 0x00060000, ABSOLUTE, COMPRESSED[0x0003eda8])

    Execution Region ER_IROM1 (Exec base: 0x08008000, Load base: 0x08008000, Size: 0x0003ebe4, Max: 0x00060000, ABSOLUTE)

    Exec Addr    Load Addr    Size         Type   Attr      Idx    E Section Name        Object

    0x08008000   0x08008000   0x00000130   Data   RO          756    RESET               startup_stm32f10x_hd.o
    0x08008130   0x08008130   0x00000000   Code   RO         5018  * .ARM.Collect$$$$00000000  mc_w.l(entry.o)
    0x08008130   0x08008130   0x00000004   Code   RO         5410    .ARM.Collect$$$$00000001  mc_w.l(entry2.o)
    0x08008134   0x08008134   0x00000004   Code   RO         5413    .ARM.Collect$$$$00000004  mc_w.l(entry5.o)
    0x08008138   0x08008138   0x00000000   Code   RO         5415    .ARM.Collect$$$$00000008  mc_w.l(entry7b.o)
    0x08008138   0x08008138   0x00000000   Code   RO         5417    .ARM.Collect$$$$0000000A  mc_w.l(entry8b.o)
    0x08008138   0x08008138   0x00000008   Code   RO         5418    .ARM.Collect$$$$0000000B  mc_w.l(entry9a.o)
    0x08008140   0x08008140   0x00000000   Code   RO         5420    .ARM.Collect$$$$0000000D  mc_w.l(entry10a.o)
    0x08008140   0x08008140   0x00000000   Code   RO         5422    .ARM.Collect$$$$0000000F  mc_w.l(entry11a.o)
    0x08008140   0x08008140   0x00000004   Code   RO         5411    .ARM.Collect$$$$00002712  mc_w.l(entry2.o)
    0x08008144   0x08008144   0x00000006   Code   RO          931    .emb_text           stmflash.o
    0x0800814a   0x0800814a   0x00000002   PAD
    0x0800814c   0x0800814c   0x00000096   Code   RO         1277    .emb_text           port.o
    0x080081e2   0x080081e2   0x00000002   PAD
    0x080081e4   0x080081e4   0x0000000c   Code   RO         1668    .text               clock-arch.o
    0x080081f0   0x080081f0   0x0000000c   Code   RO         5021    .text               mc_w.l(toupper.o)
    0x080081fc   0x080081fc   0x00000000   Code   RO         5477    .text               mc_w.l(iusefp.o)
    0x080081fc   0x080081fc   0x00000002   Code   RO         5518    i.__scatterload_null  mc_w.l(handlers.o)
    0x080081fe   0x080081fe   0x00000002   PAD
    0x08008200   0x08008200   0x00000014   Data   RO         2680    .ARM.__AT_0x08008200  info.o
    0x08008214   0x08008214   0x00000104   Code   RO            1    .text               stm32f10x_it.o
    0x08008318   0x08008318   0x00000174   Code   RO          501    .text               system_stm32f10x.o
    0x0800848c   0x0800848c   0x000000b8   Code   RO          519    .text               misc.o
    0x08008544   0x08008544   0x00000390   Code   RO          551    .text               stm32f10x_adc.o
    0x080088d4   0x080088d4   0x000001e8   Code   RO          579    .text               stm32f10x_dma.o
    0x08008abc   0x08008abc   0x00000298   Code   RO          615    .text               stm32f10x_gpio.o
    0x08008d54   0x08008d54   0x0000003c   Code   RO          627    .text               stm32f10x_iwdg.o
    0x08008d90   0x08008d90   0x000002f4   Code   RO          639    .text               stm32f10x_rcc.o
    0x08009084   0x08009084   0x00000114   Code   RO          653    .text               stm32f10x_rtc.o
    0x08009198   0x08009198   0x000002b4   Code   RO          665    .text               stm32f10x_spi.o
    0x0800944c   0x0800944c   0x00000c2a   Code   RO          677    .text               stm32f10x_tim.o
    0x0800a076   0x0800a076   0x00000002   PAD
    0x0800a078   0x0800a078   0x0000039c   Code   RO          689    .text               stm32f10x_usart.o
    0x0800a414   0x0800a414   0x0000009c   Code   RO          716    .text               stm32f10x_bkp.o
    0x0800a4b0   0x0800a4b0   0x000000ac   Code   RO          728    .text               stm32f10x_pwr.o
    0x0800a55c   0x0800a55c   0x000000c4   Code   RO          757    .text               startup_stm32f10x_hd.o
    0x0800a620   0x0800a620   0x0000028c   Code   RO          761    .text               myiic.o
    0x0800a8ac   0x0800a8ac   0x00000142   Code   RO          776    .text               24cxx.o
    0x0800a9ee   0x0800a9ee   0x00000002   PAD
    0x0800a9f0   0x0800a9f0   0x0000046c   Code   RO          788    .text               spi.o
    0x0800ae5c   0x0800ae5c   0x000002b4   Code   RO          932    .text               stmflash.o
    0x0800b110   0x0800b110   0x00000160   Code   RO          952    .text               timerx.o
    0x0800b270   0x0800b270   0x00000530   Code   RO         1011    .text               enc28j60.o
    0x0800b7a0   0x0800b7a0   0x0000033c   Code   RO         1031    .text               rtc.o
    0x0800badc   0x0800badc   0x000005d8   Code   RO         1062    .text               mmc_sd.o
    0x0800c0b4   0x0800c0b4   0x00000df0   Code   RO         1198    .text               tasks.o
    0x0800cea4   0x0800cea4   0x00000088   Code   RO         1244    .text               list.o
    0x0800cf2c   0x0800cf2c   0x0000064e   Code   RO         1259    .text               queue.o
    0x0800d57a   0x0800d57a   0x00000002   PAD
    0x0800d57c   0x0800d57c   0x000000c0   Code   RO         1278    .text               port.o
    0x0800d63c   0x0800d63c   0x00000100   Code   RO         1307    .text               heap_2.o
    0x0800d73c   0x0800d73c   0x00000334   Code   RO         1325    .text               usart.o
    0x0800da70   0x0800da70   0x000000a0   Code   RO         1384    .text               delay.o
    0x0800db10   0x0800db10   0x0000003e   Code   RO         1423    .text               timer.o
    0x0800db4e   0x0800db4e   0x00000002   PAD
    0x0800db50   0x0800db50   0x000010f0   Code   RO         1435    .text               uip.o
    0x0800ec40   0x0800ec40   0x00000330   Code   RO         1486    .text               uip_arp.o
    0x0800ef70   0x0800ef70   0x00000170   Code   RO         1556    .text               tapdev.o
    0x0800f0e0   0x0800f0e0   0x000003f8   Code   RO         1591    .text               dhcpc.o
    0x0800f4d8   0x0800f4d8   0x00000444   Code   RO         1608    .text               tcp_modbus.o
    0x0800f91c   0x0800f91c   0x000008c4   Code   RO         1642    .text               udp_scan.o
    0x080101e0   0x080101e0   0x00000cbc   Code   RO         1681    .text               tcpip_task.o
    0x08010e9c   0x08010e9c   0x00000624   Code   RO         1718    .text               sntpc.o
    0x080114c0   0x080114c0   0x000003f4   Code   RO         1764    .text               dyndns.o
    0x080118b4   0x080118b4   0x00000144   Code   RO         1805    .text               dyndns_app.o
    0x080119f8   0x080119f8   0x00000098   Code   RO         1830    .text               cmime64.o
    0x08011a90   0x08011a90   0x0000076c   Code   RO         1846    .text               smtpc.o
    0x080121fc   0x080121fc   0x000002dc   Code   RO         1884    .text               resolv.o
    0x080124d8   0x080124d8   0x0000274c   Code   RO         1900    .text               bac_interface.o
    0x08014c24   0x08014c24   0x00000594   Code   RO         1932    .text               bip.o
    0x080151b8   0x080151b8   0x00000938   Code   RO         1999    .text               alarm.o
    0x08015af0   0x08015af0   0x00000d80   Code   RO         2169    .text               bac_control.o
    0x08016870   0x08016870   0x00001ea8   Code   RO         2217    .text               decode.o
    0x08018718   0x08018718   0x00000e78   Code   RO         2253    .text               monitor.o
    0x08019590   0x08019590   0x000021f4   Code   RO         2285    .text               point.o
    0x0801b784   0x0801b784   0x00002630   Code   RO         2317    .text               ptransfer.o
    0x0801ddb4   0x0801ddb4   0x000014d0   Code   RO         2361    .text               user_data.o
    0x0801f284   0x0801f284   0x0000056c   Code   RO         2436    .text               io.o
    0x0801f7f0   0x0801f7f0   0x00001094   Code   RO         2449    .text               flash_user.o
    0x08020884   0x08020884   0x000004b8   Code   RO         2472    .text               lcd.o
    0x08020d3c   0x08020d3c   0x000001a4   Code   RO         2492    .text               display.o
    0x08020ee0   0x08020ee0   0x00000130   Code   RO         2525    .text               key.o
    0x08021010   0x08021010   0x00001b1c   Code   RO         2552    .text               commsub.o
    0x08022b2c   0x08022b2c   0x00003a08   Code   RO         2583    .text               scan.o
    0x08026534   0x08026534   0x00005ed8   Code   RO         2689    .text               modbus.o
    0x0802c40c   0x0802c40c   0x00002248   Code   RO         2751    .text               main.o
    0x0802e654   0x0802e654   0x00000244   Code   RO         2802    .text               range.o
    0x0802e898   0x0802e898   0x00000f0c   Code   RO         2819    .text               comm.o
    0x0802f7a4   0x0802f7a4   0x000002a0   Code   RO         2856    .text               pic.o
    0x0802fa44   0x0802fa44   0x000016f0   Code   RO         2877    .text               output.o
    0x08031134   0x08031134   0x00000e54   Code   RO         2904    .text               newtiny.o
    0x08031f88   0x08031f88   0x00000788   Code   RO         2922    .text               exfuns.o
    0x08032710   0x08032710   0x000000c8   Code   RO         2965    .text               diskio.o
    0x080327d8   0x080327d8   0x00001f60   Code   RO         2984    .text               ff.o
    0x08034738   0x08034738   0x0000033c   Code   RO         3000    .text               user_arm.o
    0x08034a74   0x08034a74   0x00000fc0   Code   RO         3019    .text               wifi.o
    0x08035a34   0x08035a34   0x000011a4   Code   RO         3047    .text               bsp_esp8266.o
    0x08036bd8   0x08036bd8   0x00000304   Code   RO         3142    .text               bacnet_ARM_revXX_mini.lib(ai.o)
    0x08036edc   0x08036edc   0x000004d8   Code   RO         3324    .text               bacnet_ARM_revXX_mini.lib(ao.o)
    0x080373b4   0x080373b4   0x00000492   Code   RO         3384    .text               bacnet_ARM_revXX_mini.lib(av.o)
    0x08037846   0x08037846   0x00000002   PAD
    0x08037848   0x08037848   0x000005a8   Code   RO         3405    .text               bacnet_ARM_revXX_mini.lib(address.o)
    0x08037df0   0x08037df0   0x000004d4   Code   RO         3470    .text               bacnet_ARM_revXX_mini.lib(apdu.o)
    0x080382c4   0x080382c4   0x000002f0   Code   RO         3499    .text               bacnet_ARM_revXX_mini.lib(bi.o)
    0x080385b4   0x080385b4   0x000003e4   Code   RO         3521    .text               bacnet_ARM_revXX_mini.lib(bv.o)
    0x08038998   0x08038998   0x0000050e   Code   RO         3538    .text               bacnet_ARM_revXX_mini.lib(bo.o)
    0x08038ea6   0x08038ea6   0x00000002   PAD
    0x08038ea8   0x08038ea8   0x00000804   Code   RO         3679    .text               bacnet_ARM_revXX_mini.lib(bacapp.o)
    0x080396ac   0x080396ac   0x00000d4c   Code   RO         3699    .text               bacnet_ARM_revXX_mini.lib(bacdcode.o)
    0x0803a3f8   0x0803a3f8   0x00000138   Code   RO         3755    .text               bacnet_ARM_revXX_mini.lib(bacint.o)
    0x0803a530   0x0803a530   0x00000116   Code   RO         3767    .text               bacnet_ARM_revXX_mini.lib(bacreal.o)
    0x0803a646   0x0803a646   0x00000034   Code   RO         3780    .text               bacnet_ARM_revXX_mini.lib(bvlc.o)
    0x0803a67a   0x0803a67a   0x0000004e   Code   RO         3796    .text               bacnet_ARM_revXX_mini.lib(crc.o)
    0x0803a6c8   0x0803a6c8   0x00000082   Code   RO         3811    .text               bacnet_ARM_revXX_mini.lib(datalink.o)
    0x0803a74a   0x0803a74a   0x00000002   PAD
    0x0803a74c   0x0803a74c   0x000009e8   Code   RO         3894    .text               bacnet_ARM_revXX_mini.lib(device.o)
    0x0803b134   0x0803b134   0x00000a94   Code   RO         3922    .text               bacnet_ARM_revXX_mini.lib(dlmstp.o)
    0x0803bbc8   0x0803bbc8   0x00000160   Code   RO         3961    .text               bacnet_ARM_revXX_mini.lib(fifo.o)
    0x0803bd28   0x0803bd28   0x000000d2   Code   RO         3977    .text               bacnet_ARM_revXX_mini.lib(h_iam.o)
    0x0803bdfa   0x0803bdfa   0x00000002   PAD
    0x0803bdfc   0x0803bdfc   0x000000a8   Code   RO         3989    .text               bacnet_ARM_revXX_mini.lib(h_npdu.o)
    0x0803bea4   0x0803bea4   0x000002e0   Code   RO         4001    .text               bacnet_ARM_revXX_mini.lib(h_rp.o)
    0x0803c184   0x0803c184   0x00000048   Code   RO         4031    .text               bacnet_ARM_revXX_mini.lib(h_whois.o)
    0x0803c1cc   0x0803c1cc   0x00000188   Code   RO         4055    .text               bacnet_ARM_revXX_mini.lib(h_wp.o)
    0x0803c354   0x0803c354   0x00000054   Code   RO         4070    .text               bacnet_ARM_revXX_mini.lib(noserv.o)
    0x0803c3a8   0x0803c3a8   0x000000a4   Code   RO         4124    .text               bacnet_ARM_revXX_mini.lib(rs485.o)
    0x0803c44c   0x0803c44c   0x000000f8   Code   RO         4154    .text               bacnet_ARM_revXX_mini.lib(s_upt.o)
    0x0803c544   0x0803c544   0x00000108   Code   RO         4167    .text               bacnet_ARM_revXX_mini.lib(s_whois.o)
    0x0803c64c   0x0803c64c   0x00000274   Code   RO         4180    .text               bacnet_ARM_revXX_mini.lib(calendar.o)
    0x0803c8c0   0x0803c8c0   0x000004d0   Code   RO         4201    .text               bacnet_ARM_revXX_mini.lib(schedule.o)
    0x0803cd90   0x0803cd90   0x00000124   Code   RO         4222    .text               bacnet_ARM_revXX_mini.lib(s_rp.o)
    0x0803ceb4   0x0803ceb4   0x00000180   Code   RO         4243    .text               bacnet_ARM_revXX_mini.lib(s_wp.o)
    0x0803d034   0x0803d034   0x000003a4   Code   RO         4258    .text               bacnet_ARM_revXX_mini.lib(h_rpm.o)
    0x0803d3d8   0x0803d3d8   0x00000134   Code   RO         4283    .text               bacnet_ARM_revXX_mini.lib(h_wpm.o)
    0x0803d50c   0x0803d50c   0x00000164   Code   RO         4298    .text               bacnet_ARM_revXX_mini.lib(s_ts.o)
    0x0803d670   0x0803d670   0x000001c0   Code   RO         4311    .text               bacnet_ARM_revXX_mini.lib(proprietary.o)
    0x0803d830   0x0803d830   0x00000bd8   Code   RO         4328    .text               bacnet_ARM_revXX_mini.lib(h_cov.o)
    0x0803e408   0x0803e408   0x00000740   Code   RO         4347    .text               bacnet_ARM_revXX_mini.lib(cov.o)
    0x0803eb48   0x0803eb48   0x0000015c   Code   RO         4392    .text               bacnet_ARM_revXX_mini.lib(s_cov.o)
    0x0803eca4   0x0803eca4   0x0000002e   Code   RO         4448    .text               bacnet_ARM_revXX_mini.lib(h_ucov.o)
    0x0803ecd2   0x0803ecd2   0x00000002   PAD
    0x0803ecd4   0x0803ecd4   0x000000e0   Code   RO         4466    .text               bacnet_ARM_revXX_mini.lib(h_ccov.o)
    0x0803edb4   0x0803edb4   0x0000089c   Code   RO         4478    .text               IO_control_ARM_revx.lib(inputs.o)
    0x0803f650   0x0803f650   0x0000007c   Code   RO         4505    .text               IO_control_ARM_revx.lib(outputs.o)
    0x0803f6cc   0x0803f6cc   0x00000058   Code   RO         4524    .text               bacnet_ARM_revXX_mini.lib(abort.o)
    0x0803f724   0x0803f724   0x0000009c   Code   RO         4536    .text               bacnet_ARM_revXX_mini.lib(bacaddr.o)
    0x0803f7c0   0x0803f7c0   0x000000be   Code   RO         4548    .text               bacnet_ARM_revXX_mini.lib(bacerror.o)
    0x0803f87e   0x0803f87e   0x00000002   PAD
    0x0803f880   0x0803f880   0x0000056c   Code   RO         4560    .text               bacnet_ARM_revXX_mini.lib(bacstr.o)
    0x0803fdec   0x0803fdec   0x000006b8   Code   RO         4575    .text               bacnet_ARM_revXX_mini.lib(datetime.o)
    0x080404a4   0x080404a4   0x0000012e   Code   RO         4629    .text               bacnet_ARM_revXX_mini.lib(iam.o)
    0x080405d2   0x080405d2   0x00000002   PAD
    0x080405d4   0x080405d4   0x000002b0   Code   RO         4642    .text               bacnet_ARM_revXX_mini.lib(npdu.o)
    0x08040884   0x08040884   0x00000068   Code   RO         4655    .text               bacnet_ARM_revXX_mini.lib(reject.o)
    0x080408ec   0x080408ec   0x00000248   Code   RO         4667    .text               bacnet_ARM_revXX_mini.lib(rp.o)
    0x08040b34   0x08040b34   0x000000ea   Code   RO         4679    .text               bacnet_ARM_revXX_mini.lib(s_iam.o)
    0x08040c1e   0x08040c1e   0x00000002   PAD
    0x08040c20   0x08040c20   0x00000290   Code   RO         4691    .text               bacnet_ARM_revXX_mini.lib(tsm.o)
    0x08040eb0   0x08040eb0   0x000001a8   Code   RO         4716    .text               bacnet_ARM_revXX_mini.lib(whois.o)
    0x08041058   0x08041058   0x000001c4   Code   RO         4728    .text               bacnet_ARM_revXX_mini.lib(wp.o)
    0x0804121c   0x0804121c   0x000000a2   Code   RO         4740    .text               bacnet_ARM_revXX_mini.lib(bactimevalue.o)
    0x080412be   0x080412be   0x00000472   Code   RO         4753    .text               bacnet_ARM_revXX_mini.lib(rpm.o)
    0x08041730   0x08041730   0x0000031e   Code   RO         4766    .text               bacnet_ARM_revXX_mini.lib(wpm.o)
    0x08041a4e   0x08041a4e   0x0000001e   Code   RO         4778    .text               bacnet_ARM_revXX_mini.lib(memcopy.o)
    0x08041a6c   0x08041a6c   0x00000224   Code   RO         4793    .text               bacnet_ARM_revXX_mini.lib(timesync.o)
    0x08041c90   0x08041c90   0x000000a0   Code   RO         4805    .text               bacnet_ARM_revXX_mini.lib(h_ts.o)
    0x08041d30   0x08041d30   0x00000348   Code   RO         4817    .text               bacnet_ARM_revXX_mini.lib(msv.o)
    0x08042078   0x08042078   0x000000a2   Code   RO         4841    .text               bacnet_ARM_revXX_mini.lib(h_whohas.o)
    0x0804211a   0x0804211a   0x000001c2   Code   RO         4856    .text               bacnet_ARM_revXX_mini.lib(proplist.o)
    0x080422dc   0x080422dc   0x00000198   Code   RO         4872    .text               bacnet_ARM_revXX_mini.lib(h_getevent.o)
    0x08042474   0x08042474   0x00000084   Code   RO         4886    .text               bacnet_ARM_revXX_mini.lib(s_ihave.o)
    0x080424f8   0x080424f8   0x0000015c   Code   RO         4901    .text               bacnet_ARM_revXX_mini.lib(whohas.o)
    0x08042654   0x08042654   0x00000380   Code   RO         4916    .text               bacnet_ARM_revXX_mini.lib(getevent.o)
    0x080429d4   0x080429d4   0x000000f0   Code   RO         4928    .text               bacnet_ARM_revXX_mini.lib(ihave.o)
    0x08042ac4   0x08042ac4   0x00000146   Code   RO         4943    .text               bacnet_ARM_revXX_mini.lib(timestamp.o)
    0x08042c0a   0x08042c0a   0x00000002   PAD
    0x08042c0c   0x08042c0c   0x00000024   Code   RO         5023    .text               mc_w.l(rand.o)
    0x08042c30   0x08042c30   0x00000024   Code   RO         5028    .text               mc_w.l(memcpya.o)
    0x08042c54   0x08042c54   0x00000024   Code   RO         5030    .text               mc_w.l(memseta.o)
    0x08042c78   0x08042c78   0x00000024   Code   RO         5032    .text               mc_w.l(strstr.o)
    0x08042c9c   0x08042c9c   0x00000014   Code   RO         5034    .text               mc_w.l(strchr.o)
    0x08042cb0   0x08042cb0   0x0000000e   Code   RO         5036    .text               mc_w.l(strlen.o)
    0x08042cbe   0x08042cbe   0x0000001c   Code   RO         5038    .text               mc_w.l(strcmp.o)
    0x08042cda   0x08042cda   0x00000014   Code   RO         5040    .text               mc_w.l(memchr.o)
    0x08042cee   0x08042cee   0x0000001a   Code   RO         5042    .text               mc_w.l(memcmp.o)
    0x08042d08   0x08042d08   0x00000012   Code   RO         5044    .text               mc_w.l(strcpy.o)
    0x08042d1a   0x08042d1a   0x00000002   PAD
    0x08042d1c   0x08042d1c   0x00000038   Code   RO         5337    .text               mc_w.l(__0sscanf.o)
    0x08042d54   0x08042d54   0x0000014c   Code   RO         5339    .text               mc_w.l(_scanf_int.o)
    0x08042ea0   0x08042ea0   0x00000070   Code   RO         5341    .text               mc_w.l(strtol.o)
    0x08042f10   0x08042f10   0x00000072   Code   RO         5343    .text               mc_w.l(strtoul.o)
    0x08042f82   0x08042f82   0x000000b0   Code   RO         5345    .text               mf_w.l(fadd.o)
    0x08043032   0x08043032   0x00000064   Code   RO         5347    .text               mf_w.l(fmul.o)
    0x08043096   0x08043096   0x0000007c   Code   RO         5349    .text               mf_w.l(fdiv.o)
    0x08043112   0x08043112   0x00000018   Code   RO         5351    .text               mf_w.l(fscalb.o)
    0x0804312a   0x0804312a   0x000000e4   Code   RO         5353    .text               mf_w.l(dmul.o)
    0x0804320e   0x0804320e   0x000000de   Code   RO         5355    .text               mf_w.l(ddiv.o)
    0x080432ec   0x080432ec   0x00000012   Code   RO         5357    .text               mf_w.l(fflti.o)
    0x080432fe   0x080432fe   0x0000000a   Code   RO         5359    .text               mf_w.l(ffltui.o)
    0x08043308   0x08043308   0x00000022   Code   RO         5361    .text               mf_w.l(dflti.o)
    0x0804332a   0x0804332a   0x0000001a   Code   RO         5363    .text               mf_w.l(dfltui.o)
    0x08043344   0x08043344   0x00000032   Code   RO         5365    .text               mf_w.l(ffixi.o)
    0x08043376   0x08043376   0x00000028   Code   RO         5367    .text               mf_w.l(ffixui.o)
    0x0804339e   0x0804339e   0x00000032   Code   RO         5369    .text               mf_w.l(dfixui.o)
    0x080433d0   0x080433d0   0x00000026   Code   RO         5371    .text               mf_w.l(f2d.o)
    0x080433f6   0x080433f6   0x00000038   Code   RO         5373    .text               mf_w.l(d2f.o)
    0x0804342e   0x0804342e   0x00000002   PAD
    0x08043430   0x08043430   0x00000014   Code   RO         5375    .text               mf_w.l(cfcmple.o)
    0x08043444   0x08043444   0x0000002c   Code   RO         5424    .text               mc_w.l(uidiv.o)
    0x08043470   0x08043470   0x00000062   Code   RO         5426    .text               mc_w.l(uldiv.o)
    0x080434d2   0x080434d2   0x00000020   Code   RO         5428    .text               mc_w.l(llushr.o)
    0x080434f2   0x080434f2   0x00000002   PAD
    0x080434f4   0x080434f4   0x00000008   Code   RO         5430    .text               mc_w.l(ctype_o.o)
    0x080434fc   0x080434fc   0x00000012   Code   RO         5452    .text               mc_w.l(isspace_o.o)
    0x0804350e   0x0804350e   0x0000001c   Code   RO         5467    .text               mc_w.l(_chval.o)
    0x0804352a   0x0804352a   0x00000002   PAD
    0x0804352c   0x0804352c   0x00000028   Code   RO         5469    .text               mc_w.l(scanf_char.o)
    0x08043554   0x08043554   0x00000040   Code   RO         5471    .text               mc_w.l(_sgetc.o)
    0x08043594   0x08043594   0x0000009e   Code   RO         5473    .text               mc_w.l(_strtoul.o)
    0x08043632   0x08043632   0x00000002   PAD
    0x08043634   0x08043634   0x0000009c   Code   RO         5475    .text               mc_w.l(strtod.o)
    0x080436d0   0x080436d0   0x0000006e   Code   RO         5478    .text               mf_w.l(fepilogue.o)
    0x0804373e   0x0804373e   0x000000ba   Code   RO         5480    .text               mf_w.l(depilogue.o)
    0x080437f8   0x080437f8   0x0000014e   Code   RO         5482    .text               mf_w.l(dadd.o)
    0x08043946   0x08043946   0x0000002e   Code   RO         5484    .text               mf_w.l(dscalb.o)
    0x08043974   0x08043974   0x000000a2   Code   RO         5486    .text               mf_w.l(dsqrt.o)
    0x08043a16   0x08043a16   0x0000003e   Code   RO         5488    .text               mf_w.l(dfixi.o)
    0x08043a54   0x08043a54   0x00000030   Code   RO         5490    .text               mf_w.l(dfixul.o)
    0x08043a84   0x08043a84   0x00000030   Code   RO         5492    .text               mf_w.l(cdcmple.o)
    0x08043ab4   0x08043ab4   0x00000030   Code   RO         5494    .text               mf_w.l(cdrcmple.o)
    0x08043ae4   0x08043ae4   0x00000024   Code   RO         5496    .text               mc_w.l(init.o)
    0x08043b08   0x08043b08   0x0000001e   Code   RO         5498    .text               mc_w.l(llshl.o)
    0x08043b26   0x08043b26   0x00000024   Code   RO         5500    .text               mc_w.l(llsshr.o)
    0x08043b4a   0x08043b4a   0x00000002   PAD
    0x08043b4c   0x08043b4c   0x0000032c   Code   RO         5504    .text               mc_w.l(_scanf.o)
    0x08043e78   0x08043e78   0x00000360   Code   RO         5506    .text               mc_w.l(scanf_fp.o)
    0x080441d8   0x080441d8   0x00000018   Code   RO         5513    .text               mf_w.l(dfltul.o)
    0x080441f0   0x080441f0   0x00000056   Code   RO         5523    .text               mc_w.l(__dczerorl2.o)
    0x08044246   0x08044246   0x00000002   PAD
    0x08044248   0x08044248   0x00000020   Code   RO         5281    i.__0printf         mc_w.l(printfa.o)
    0x08044268   0x08044268   0x00000028   Code   RO         5283    i.__0sprintf        mc_w.l(printfa.o)
    0x08044290   0x08044290   0x00000028   Code   RO         5394    i.__ARM_fpclassify  m_ws.l(fpclassify.o)
    0x080442b8   0x080442b8   0x00000008   Code   RO         5460    i.__aeabi_errno_addr  mc_w.l(errno.o)
    0x080442c0   0x080442c0   0x00000388   Code   RO         5399    i.__ieee754_rem_pio2  m_ws.l(rred.o)
    0x08044648   0x08044648   0x000000fc   Code   RO         5377    i.__kernel_cos      m_ws.l(cos_i.o)
    0x08044744   0x08044744   0x000000aa   Code   RO         5396    i.__kernel_poly     m_ws.l(poly.o)
    0x080447ee   0x080447ee   0x00000002   PAD
    0x080447f0   0x080447f0   0x000000ec   Code   RO         5404    i.__kernel_sin      m_ws.l(sin_i.o)
    0x080448dc   0x080448dc   0x00000010   Code   RO         5380    i.__mathlib_dbl_divzero  m_ws.l(dunder.o)
    0x080448ec   0x080448ec   0x00000006   Code   RO         5381    i.__mathlib_dbl_infnan  m_ws.l(dunder.o)
    0x080448f2   0x080448f2   0x0000000c   Code   RO         5383    i.__mathlib_dbl_invalid  m_ws.l(dunder.o)
    0x080448fe   0x080448fe   0x0000000e   Code   RO         5384    i.__mathlib_dbl_overflow  m_ws.l(dunder.o)
    0x0804490c   0x0804490c   0x00000010   Code   RO         5386    i.__mathlib_dbl_underflow  m_ws.l(dunder.o)
    0x0804491c   0x0804491c   0x0000000e   Code   RO         5517    i.__scatterload_copy  mc_w.l(handlers.o)
    0x0804492a   0x0804492a   0x0000000e   Code   RO         5519    i.__scatterload_zeroinit  mc_w.l(handlers.o)
    0x08044938   0x08044938   0x0000000c   Code   RO         5462    i.__set_errno       mc_w.l(errno.o)
    0x08044944   0x08044944   0x00000184   Code   RO         5288    i._fp_digits        mc_w.l(printfa.o)
    0x08044ac8   0x08044ac8   0x0000000e   Code   RO         5508    i._is_digit         mc_w.l(scanf_fp.o)
    0x08044ad6   0x08044ad6   0x00000002   PAD
    0x08044ad8   0x08044ad8   0x000006dc   Code   RO         5289    i._printf_core      mc_w.l(printfa.o)
    0x080451b4   0x080451b4   0x00000024   Code   RO         5290    i._printf_post_padding  mc_w.l(printfa.o)
    0x080451d8   0x080451d8   0x0000002e   Code   RO         5291    i._printf_pre_padding  mc_w.l(printfa.o)
    0x08045206   0x08045206   0x0000000a   Code   RO         5293    i._sputc            mc_w.l(printfa.o)
    0x08045210   0x08045210   0x0000009c   Code   RO         4971    i.cos               m_ws.l(cos.o)
    0x080452ac   0x080452ac   0x00000284   Code   RO         4979    i.exp               m_ws.l(exp.o)
    0x08045530   0x08045530   0x00000050   Code   RO         5309    i.free              mc_w.l(malloc.o)
    0x08045580   0x08045580   0x0000035c   Code   RO         4989    i.log               m_ws.l(log.o)
    0x080458dc   0x080458dc   0x0000006c   Code   RO         5310    i.malloc            mc_w.l(malloc.o)
    0x08045948   0x08045948   0x000000a0   Code   RO         4999    i.sin               m_ws.l(sin.o)
    0x080459e8   0x080459e8   0x0000004c   Code   RO         5007    i.sqrt              m_ws.l(sqrt.o)
    0x08045a34   0x08045a34   0x0000001c   Code   RO         5015    i.strtod            m_ws.l(strtod.o)
    0x08045a50   0x08045a50   0x00000018   Data   RO         1033    .constdata          rtc.o
    0x08045a68   0x08045a68   0x00000006   Data   RO         1488    .constdata          uip_arp.o
    0x08045a6e   0x08045a6e   0x00000008   Data   RO         1593    .constdata          dhcpc.o
    0x08045a76   0x08045a76   0x00000018   Data   RO         1720    .constdata          sntpc.o
    0x08045a8e   0x08045a8e   0x00000041   Data   RO         1767    .constdata          dyndns.o
    0x08045acf   0x08045acf   0x00000003   Data   RO         1807    .constdata          dyndns_app.o
    0x08045ad2   0x08045ad2   0x0000000f   Data   RO         2370    .constdata          user_data.o
    0x08045ae1   0x08045ae1   0x0000048a   Data   RO         2473    .constdata          lcd.o
    0x08045f6b   0x08045f6b   0x00000200   Data   RO         2693    .constdata          modbus.o
    0x0804616b   0x0804616b   0x0000000f   Data   RO         2805    .constdata          range.o
    0x0804617a   0x0804617a   0x0000002c   Data   RO         2985    .constdata          ff.o
    0x080461a6   0x080461a6   0x00000002   PAD
    0x080461a8   0x080461a8   0x0000002c   Data   RO         3143    .constdata          bacnet_ARM_revXX_mini.lib(ai.o)
    0x080461d4   0x080461d4   0x00000034   Data   RO         3325    .constdata          bacnet_ARM_revXX_mini.lib(ao.o)
    0x08046208   0x08046208   0x00000020   Data   RO         3385    .constdata          bacnet_ARM_revXX_mini.lib(av.o)
    0x08046228   0x08046228   0x0000002c   Data   RO         3501    .constdata          bacnet_ARM_revXX_mini.lib(bi.o)
    0x08046254   0x08046254   0x00000030   Data   RO         3522    .constdata          bacnet_ARM_revXX_mini.lib(bv.o)
    0x08046284   0x08046284   0x00000040   Data   RO         3539    .constdata          bacnet_ARM_revXX_mini.lib(bo.o)
    0x080462c4   0x080462c4   0x00000080   Data   RO         3896    .constdata          bacnet_ARM_revXX_mini.lib(device.o)
    0x08046344   0x08046344   0x00000020   Data   RO         4181    .constdata          bacnet_ARM_revXX_mini.lib(calendar.o)
    0x08046364   0x08046364   0x00000040   Data   RO         4202    .constdata          bacnet_ARM_revXX_mini.lib(schedule.o)
    0x080463a4   0x080463a4   0x00000014   Data   RO         4312    .constdata          bacnet_ARM_revXX_mini.lib(proprietary.o)
    0x080463b8   0x080463b8   0x00000232   Data   RO         4480    .constdata          IO_control_ARM_revx.lib(inputs.o)
    0x080465ea   0x080465ea   0x00000100   Data   RO         4561    .constdata          bacnet_ARM_revXX_mini.lib(bacstr.o)
    0x080466ea   0x080466ea   0x00000002   PAD
    0x080466ec   0x080466ec   0x00000034   Data   RO         4576    .constdata          bacnet_ARM_revXX_mini.lib(datetime.o)
    0x08046720   0x08046720   0x00000034   Data   RO         4818    .constdata          bacnet_ARM_revXX_mini.lib(msv.o)
    0x08046754   0x08046754   0x00000004   PAD
    0x08046758   0x08046758   0x00000058   Data   RO         4980    .constdata          m_ws.l(exp.o)
    0x080467b0   0x080467b0   0x00000038   Data   RO         4990    .constdata          m_ws.l(log.o)
    0x080467e8   0x080467e8   0x00000030   Data   RO         5378    .constdata          m_ws.l(cos_i.o)
    0x08046818   0x08046818   0x00000008   Data   RO         5398    .constdata          m_ws.l(qnan.o)
    0x08046820   0x08046820   0x000000c8   Data   RO         5401    .constdata          m_ws.l(rred.o)
    0x080468e8   0x080468e8   0x00000028   Data   RO         5405    .constdata          m_ws.l(sin_i.o)
    0x08046910   0x08046910   0x00000081   Data   RO         5431    .constdata          mc_w.l(ctype_o.o)
    0x08046991   0x08046991   0x00000003   PAD
    0x08046994   0x08046994   0x00000004   Data   RO         5432    .constdata          mc_w.l(ctype_o.o)
    0x08046998   0x08046998   0x0000022b   Data   RO         1768    .conststring        dyndns.o
    0x08046bc3   0x08046bc3   0x00000001   PAD
    0x08046bc4   0x08046bc4   0x00000020   Data   RO         5515    Region$$Table       anon$$obj.o


    Execution Region RW_IRAM1 (Exec base: 0x20000000, Load base: 0x08046da8, Size: 0x00000000, Max: 0x00080000, ABSOLUTE)

    **** No section assigned to this execution region ****


    Execution Region RW_RAM1 (Exec base: 0x60000000, Load base: 0x08046be4, Size: 0x0007f8c8, Max: 0x00800000, ABSOLUTE, COMPRESSED[0x000001c4])

    Exec Addr    Load Addr    Size         Type   Attr      Idx    E Section Name        Object

    0x60000000   COMPRESSED   0x00000014   Data   RW          502    .data               system_stm32f10x.o
    0x60000014   COMPRESSED   0x00000014   Data   RW          640    .data               stm32f10x_rcc.o
    0x60000028   COMPRESSED   0x00000004   Data   RW          934    .data               stmflash.o
    0x6000002c   COMPRESSED   0x00000008   Data   RW          953    .data               timerx.o
    0x60000034   COMPRESSED   0x00000008   Data   RW         1012    .data               enc28j60.o
    0x6000003c   COMPRESSED   0x00000001   Data   RW         1013    .data               enc28j60.o
    0x6000003d   COMPRESSED   0x00000001   PAD
    0x6000003e   COMPRESSED   0x00000002   Data   RW         1034    .data               rtc.o
    0x60000040   COMPRESSED   0x00000001   Data   RW         1063    .data               mmc_sd.o
    0x60000041   COMPRESSED   0x00000003   PAD
    0x60000044   COMPRESSED   0x0000003c   Data   RW         1200    .data               tasks.o
    0x60000080   COMPRESSED   0x00000004   Data   RW         1279    .data               port.o
    0x60000084   COMPRESSED   0x00000018   Data   RW         1309    .data               heap_2.o
    0x6000009c   COMPRESSED   0x00000004   Data   RW         1327    .data               usart.o
    0x600000a0   COMPRESSED   0x00000004   Data   RW         1385    .data               delay.o
    0x600000a4   COMPRESSED   0x00000006   Data   RW         1439    .data               uip.o
    0x600000aa   COMPRESSED   0x00000002   PAD
    0x600000ac   COMPRESSED   0x00000034   Data   RW         1440    .data               uip.o
    0x600000e0   COMPRESSED   0x00000004   Data   RW         1441    .data               uip.o
    0x600000e4   COMPRESSED   0x00000008   Data   RW         1490    .data               uip_arp.o
    0x600000ec   COMPRESSED   0x00000006   Data   RW         1610    .data               tcp_modbus.o
    0x600000f2   COMPRESSED   0x00000002   PAD
    0x600000f4   COMPRESSED   0x00000024   Data   RW         1644    .data               udp_scan.o
    0x60000118   COMPRESSED   0x0000003c   Data   RW         1687    .data               tcpip_task.o
    0x60000154   COMPRESSED   0x00000001   Data   RW         1692    .data               tcpip_task.o
    0x60000155   COMPRESSED   0x00000001   Data   RW         1693    .data               tcpip_task.o
    0x60000156   COMPRESSED   0x00000001   Data   RW         1695    .data               tcpip_task.o
    0x60000157   COMPRESSED   0x00000001   PAD
    0x60000158   COMPRESSED   0x00000012   Data   RW         1721    .data               sntpc.o
    0x6000016a   COMPRESSED   0x00000001   Data   RW         1722    .data               sntpc.o
    0x6000016b   COMPRESSED   0x00000001   PAD
    0x6000016c   COMPRESSED   0x00000018   Data   RW         1769    .data               dyndns.o
    0x60000184   COMPRESSED   0x00000008   Data   RW         1808    .data               dyndns_app.o
    0x6000018c   COMPRESSED   0x00000002   Data   RW         1809    .data               dyndns_app.o
    0x6000018e   COMPRESSED   0x00000002   PAD
    0x60000190   COMPRESSED   0x00000004   Data   RW         1831    .data               cmime64.o
    0x60000194   COMPRESSED   0x0000000c   Data   RW         1848    .data               smtpc.o
    0x600001a0   COMPRESSED   0x00000015   Data   RW         1886    .data               resolv.o
    0x600001b5   COMPRESSED   0x00000001   PAD
    0x600001b6   COMPRESSED   0x0000002a   Data   RW         1902    .data               bac_interface.o
    0x600001e0   COMPRESSED   0x00000024   Data   RW         1934    .data               bip.o
    0x60000204   COMPRESSED   0x00000014   Data   RW         2171    .data               bac_control.o
    0x60000218   COMPRESSED   0x00000002   Data   RW         2173    .data               bac_control.o
    0x6000021a   COMPRESSED   0x00000002   PAD
    0x6000021c   COMPRESSED   0x0000000c   Data   RW         2218    .data               decode.o
    0x60000228   COMPRESSED   0x00000004   Data   RW         2219    .data               decode.o
    0x6000022c   COMPRESSED   0x00000014   Data   RW         2255    .data               monitor.o
    0x60000240   COMPRESSED   0x00000001   Data   RW         2287    .data               point.o
    0x60000241   COMPRESSED   0x00000003   PAD
    0x60000244   COMPRESSED   0x00000014   Data   RW         2321    .data               ptransfer.o
    0x60000258   COMPRESSED   0x00000046   Data   RW         2371    .data               user_data.o
    0x6000029e   COMPRESSED   0x00000005   Data   RW         2372    .data               user_data.o
    0x600002a3   COMPRESSED   0x00000004   Data   RW         2373    .data               user_data.o
    0x600002a7   COMPRESSED   0x00000001   Data   RW         2374    .data               user_data.o
    0x600002a8   COMPRESSED   0x00000001   Data   RW         2375    .data               user_data.o
    0x600002a9   COMPRESSED   0x00000001   Data   RW         2376    .data               user_data.o
    0x600002aa   COMPRESSED   0x00000001   Data   RW         2377    .data               user_data.o
    0x600002ab   COMPRESSED   0x00000001   Data   RW         2380    .data               user_data.o
    0x600002ac   COMPRESSED   0x00000004   Data   RW         2381    .data               user_data.o
    0x600002b0   COMPRESSED   0x00000004   Data   RW         2382    .data               user_data.o
    0x600002b4   COMPRESSED   0x00000004   Data   RW         2383    .data               user_data.o
    0x600002b8   COMPRESSED   0x00000004   Data   RW         2384    .data               user_data.o
    0x600002bc   COMPRESSED   0x00000004   Data   RW         2385    .data               user_data.o
    0x600002c0   COMPRESSED   0x00000004   Data   RW         2386    .data               user_data.o
    0x600002c4   COMPRESSED   0x00000004   Data   RW         2387    .data               user_data.o
    0x600002c8   COMPRESSED   0x00000004   Data   RW         2388    .data               user_data.o
    0x600002cc   COMPRESSED   0x00000004   Data   RW         2390    .data               user_data.o
    0x600002d0   COMPRESSED   0x00000001   Data   RW         2391    .data               user_data.o
    0x600002d1   COMPRESSED   0x00000001   Data   RW         2392    .data               user_data.o
    0x600002d2   COMPRESSED   0x00000001   Data   RW         2393    .data               user_data.o
    0x600002d3   COMPRESSED   0x00000005   Data   RW         2394    .data               user_data.o
    0x600002d8   COMPRESSED   0x00000001   Data   RW         2501    .data               display.o
    0x600002d9   COMPRESSED   0x00000003   PAD
    0x600002dc   COMPRESSED   0x00000014   Data   RW         2526    .data               key.o
    0x600002f0   COMPRESSED   0x00000004   Data   RW         2561    .data               commsub.o
    0x600002f4   COMPRESSED   0x00000001   Data   RW         2562    .data               commsub.o
    0x600002f5   COMPRESSED   0x00000001   Data   RW         2563    .data               commsub.o
    0x600002f6   COMPRESSED   0x00000001   Data   RW         2564    .data               commsub.o
    0x600002f7   COMPRESSED   0x00000001   Data   RW         2565    .data               commsub.o
    0x600002f8   COMPRESSED   0x0000005e   Data   RW         2586    .data               scan.o
    0x60000356   COMPRESSED   0x00000001   Data   RW         2587    .data               scan.o
    0x60000357   COMPRESSED   0x00000001   Data   RW         2588    .data               scan.o
    0x60000358   COMPRESSED   0x00000004   Data   RW         2590    .data               scan.o
    0x6000035c   COMPRESSED   0x00000004   Data   RW         2591    .data               scan.o
    0x60000360   COMPRESSED   0x00000001   Data   RW         2599    .data               scan.o
    0x60000361   COMPRESSED   0x00000001   Data   RW         2600    .data               scan.o
    0x60000362   COMPRESSED   0x00000002   PAD
    0x60000364   COMPRESSED   0x0000007c   Data   RW         2694    .data               modbus.o
    0x600003e0   COMPRESSED   0x00000001   Data   RW         2696    .data               modbus.o
    0x600003e1   COMPRESSED   0x00000001   Data   RW         2697    .data               modbus.o
    0x600003e2   COMPRESSED   0x00000001   Data   RW         2698    .data               modbus.o
    0x600003e3   COMPRESSED   0x00000003   Data   RW         2700    .data               modbus.o
    0x600003e6   COMPRESSED   0x00000003   Data   RW         2701    .data               modbus.o
    0x600003e9   COMPRESSED   0x00000001   Data   RW         2702    .data               modbus.o
    0x600003ea   COMPRESSED   0x00000002   PAD
    0x600003ec   COMPRESSED   0x0000005c   Data   RW         2753    .data               main.o
    0x60000448   COMPRESSED   0x00000002   Data   RW         2762    .data               main.o
    0x6000044a   COMPRESSED   0x00000001   Data   RW         2763    .data               main.o
    0x6000044b   COMPRESSED   0x00000001   Data   RW         2764    .data               main.o
    0x6000044c   COMPRESSED   0x00000004   Data   RW         2765    .data               main.o
    0x60000450   COMPRESSED   0x00000004   Data   RW         2766    .data               main.o
    0x60000454   COMPRESSED   0x00000004   Data   RW         2767    .data               main.o
    0x60000458   COMPRESSED   0x00000020   Data   RW         2821    .data               comm.o
    0x60000478   COMPRESSED   0x00000003   Data   RW         2859    .data               pic.o
    0x6000047b   COMPRESSED   0x00000001   PAD
    0x6000047c   COMPRESSED   0x0000001c   Data   RW         2879    .data               output.o
    0x60000498   COMPRESSED   0x00000008   Data   RW         2906    .data               newtiny.o
    0x600004a0   COMPRESSED   0x00000014   Data   RW         2927    .data               exfuns.o
    0x600004b4   COMPRESSED   0x00000008   Data   RW         2986    .data               ff.o
    0x600004bc   COMPRESSED   0x00000018   Data   RW         3022    .data               wifi.o
    0x600004d4   COMPRESSED   0x00000001   Data   RW         3144    .data               bacnet_ARM_revXX_mini.lib(ai.o)
    0x600004d5   COMPRESSED   0x00000001   Data   RW         3326    .data               bacnet_ARM_revXX_mini.lib(ao.o)
    0x600004d6   COMPRESSED   0x00000001   Data   RW         3386    .data               bacnet_ARM_revXX_mini.lib(av.o)
    0x600004d7   COMPRESSED   0x00000001   PAD
    0x600004d8   COMPRESSED   0x00000039   Data   RW         3472    .data               bacnet_ARM_revXX_mini.lib(apdu.o)
    0x60000511   COMPRESSED   0x00000001   Data   RW         3502    .data               bacnet_ARM_revXX_mini.lib(bi.o)
    0x60000512   COMPRESSED   0x00000001   Data   RW         3523    .data               bacnet_ARM_revXX_mini.lib(bv.o)
    0x60000513   COMPRESSED   0x00000001   Data   RW         3540    .data               bacnet_ARM_revXX_mini.lib(bo.o)
    0x60000514   COMPRESSED   0x0000000c   Data   RW         3680    .data               bacnet_ARM_revXX_mini.lib(bacapp.o)
    0x60000520   COMPRESSED   0x00000290   Data   RW         3897    .data               bacnet_ARM_revXX_mini.lib(device.o)
    0x600007b0   COMPRESSED   0x00000030   Data   RW         3924    .data               bacnet_ARM_revXX_mini.lib(dlmstp.o)
    0x600007e0   COMPRESSED   0x00000001   Data   RW         4032    .data               bacnet_ARM_revXX_mini.lib(h_whois.o)
    0x600007e1   COMPRESSED   0x00000001   Data   RW         4033    .data               bacnet_ARM_revXX_mini.lib(h_whois.o)
    0x600007e2   COMPRESSED   0x00000001   Data   RW         4035    .data               bacnet_ARM_revXX_mini.lib(h_whois.o)
    0x600007e3   COMPRESSED   0x00000001   Data   RW         4037    .data               bacnet_ARM_revXX_mini.lib(h_whois.o)
    0x600007e4   COMPRESSED   0x00000002   Data   RW         4128    .data               bacnet_ARM_revXX_mini.lib(rs485.o)
    0x600007e6   COMPRESSED   0x00000001   Data   RW         4182    .data               bacnet_ARM_revXX_mini.lib(calendar.o)
    0x600007e7   COMPRESSED   0x0000000b   Data   RW         4203    .data               bacnet_ARM_revXX_mini.lib(schedule.o)
    0x600007f2   COMPRESSED   0x00000001   Data   RW         4313    .data               bacnet_ARM_revXX_mini.lib(proprietary.o)
    0x600007f3   COMPRESSED   0x00000001   PAD
    0x600007f4   COMPRESSED   0x00000008   Data   RW         4330    .data               bacnet_ARM_revXX_mini.lib(h_cov.o)
    0x600007fc   COMPRESSED   0x00000001   Data   RW         4693    .data               bacnet_ARM_revXX_mini.lib(tsm.o)
    0x600007fd   COMPRESSED   0x00000001   Data   RW         4819    .data               bacnet_ARM_revXX_mini.lib(msv.o)
    0x600007fe   COMPRESSED   0x00000002   PAD
    0x60000800   COMPRESSED   0x00000004   Data   RW         5024    .data               mc_w.l(rand.o)
    0x60000804   COMPRESSED   0x00000004   Data   RW         5458    .data               mc_w.l(mvars.o)
    0x60000808   COMPRESSED   0x00000004   Data   RW         5459    .data               mc_w.l(mvars.o)
    0x6000080c   COMPRESSED   0x00000004   Data   RW         5463    .data               mc_w.l(errno.o)
    0x60000810        -       0x00001000   Zero   RW          933    .bss                stmflash.o
    0x60001810        -       0x0000000a   Zero   RW         1032    .bss                rtc.o
    0x6000181a   COMPRESSED   0x00000002   PAD
    0x6000181c        -       0x000001f4   Zero   RW         1199    .bss                tasks.o
    0x60001a10        -       0x0000f000   Zero   RW         1308    .bss                heap_2.o
    0x60010a10        -       0x0000140a   Zero   RW         1436    .bss                uip.o
    0x60011e1a        -       0x00000058   Zero   RW         1487    .bss                uip_arp.o
    0x60011e72        -       0x00000031   Zero   RW         1592    .bss                dhcpc.o
    0x60011ea3        -       0x00000420   Zero   RW         1609    .bss                tcp_modbus.o
    0x600122c3        -       0x000008ef   Zero   RW         1643    .bss                udp_scan.o
    0x60012bb2        -       0x000078b6   Zero   RW         1682    .bss                tcpip_task.o
    0x6001a468        -       0x00001784   Zero   RW         1685    .bss                tcpip_task.o
    0x6001bbec        -       0x0000003a   Zero   RW         1719    .bss                sntpc.o
    0x6001bc26        -       0x000001e0   Zero   RW         1765    .bss                dyndns.o
    0x6001be06        -       0x00000060   Zero   RW         1806    .bss                dyndns_app.o
    0x6001be66        -       0x000003f4   Zero   RW         1847    .bss                smtpc.o
    0x6001c25a        -       0x000000cd   Zero   RW         1885    .bss                resolv.o
    0x6001c327   COMPRESSED   0x00000001   PAD
    0x6001c328        -       0x00000800   Zero   RW         1901    .bss                bac_interface.o
    0x6001cb28        -       0x000004ce   Zero   RW         1933    .bss                bip.o
    0x6001cff6        -       0x00000100   Zero   RW         2170    .bss                bac_control.o
    0x6001d0f6   COMPRESSED   0x00000002   PAD
    0x6001d0f8        -       0x000052e4   Zero   RW         2254    .bss                monitor.o
    0x600223dc        -       0x00002200   Zero   RW         2286    .bss                point.o
    0x600245dc        -       0x00008870   Zero   RW         2318    .bss                ptransfer.o
    0x6002ce4c        -       0x00000258   Zero   RW         2320    .bss                ptransfer.o
    0x6002d0a4        -       0x00010e54   Zero   RW         2362    .bss                user_data.o
    0x6003def8        -       0x000002e0   Zero   RW         2363    .bss                user_data.o
    0x6003e1d8        -       0x00000040   Zero   RW         2364    .bss                user_data.o
    0x6003e218        -       0x00000028   Zero   RW         2365    .bss                user_data.o
    0x6003e240        -       0x00000100   Zero   RW         2366    .bss                user_data.o
    0x6003e340        -       0x00000100   Zero   RW         2367    .bss                user_data.o
    0x6003e440        -       0x00000050   Zero   RW         2368    .bss                user_data.o
    0x6003e490        -       0x0000005e   Zero   RW         2369    .bss                user_data.o
    0x6003e4ee   COMPRESSED   0x00000002   PAD
    0x6003e4f0        -       0x00000240   Zero   RW         2437    .bss                io.o
    0x6003e730        -       0x00005e9a   Zero   RW         2450    .bss                flash_user.o
    0x600445ca        -       0x00000064   Zero   RW         2553    .bss                commsub.o
    0x6004462e        -       0x00000064   Zero   RW         2554    .bss                commsub.o
    0x60044692        -       0x00000064   Zero   RW         2555    .bss                commsub.o
    0x600446f6        -       0x000004b0   Zero   RW         2556    .bss                commsub.o
    0x60044ba6   COMPRESSED   0x00000002   PAD
    0x60044ba8        -       0x00001fd6   Zero   RW         2584    .bss                scan.o
    0x60046b7e   COMPRESSED   0x00000002   PAD
    0x60046b80        -       0x000010bc   Zero   RW         2690    .bss                modbus.o
    0x60047c3c        -       0x00000080   Zero   RW         2691    .bss                modbus.o
    0x60047cbc        -       0x00000080   Zero   RW         2692    .bss                modbus.o
    0x60047d3c        -       0x000002f4   Zero   RW         2752    .bss                main.o
    0x60048030        -       0x000001a0   Zero   RW         2803    .bss                range.o
    0x600481d0        -       0x00000212   Zero   RW         2820    .bss                comm.o
    0x600483e2        -       0x0000011a   Zero   RW         2857    .bss                pic.o
    0x600484fc        -       0x00000076   Zero   RW         2878    .bss                output.o
    0x60048572        -       0x00000076   Zero   RW         2905    .bss                newtiny.o
    0x600485e8        -       0x00006aee   Zero   RW         2926    .bss                exfuns.o
    0x6004f0d6        -       0x00000014   Zero   RW         3001    .bss                user_arm.o
    0x6004f0ea        -       0x00000f20   Zero   RW         3020    .bss                wifi.o
    0x6005000a        -       0x00000402   Zero   RW         3048    .bss                bsp_esp8266.o
    0x6005040c        -       0x00001ee1   Zero   RW         3406    .bss                bacnet_ARM_revXX_mini.lib(address.o)
    0x600522ed   COMPRESSED   0x00000003   PAD
    0x600522f0        -       0x00000194   Zero   RW         3471    .bss                bacnet_ARM_revXX_mini.lib(apdu.o)
    0x60052484        -       0x00000040   Zero   RW         3500    .bss                bacnet_ARM_revXX_mini.lib(bi.o)
    0x600524c4        -       0x00000272   Zero   RW         3923    .bss                bacnet_ARM_revXX_mini.lib(dlmstp.o)
    0x60052736        -       0x0000026b   Zero   RW         4056    .bss                bacnet_ARM_revXX_mini.lib(h_wp.o)
    0x600529a1   COMPRESSED   0x00000003   PAD
    0x600529a4        -       0x00000210   Zero   RW         4125    .bss                bacnet_ARM_revXX_mini.lib(rs485.o)
    0x60052bb4        -       0x0000026b   Zero   RW         4244    .bss                bacnet_ARM_revXX_mini.lib(s_wp.o)
    0x60052e1f        -       0x00000258   Zero   RW         4259    .bss                bacnet_ARM_revXX_mini.lib(h_rpm.o)
    0x60053077        -       0x00000284   Zero   RW         4329    .bss                bacnet_ARM_revXX_mini.lib(h_cov.o)
    0x600532fb        -       0x00000dcd   Zero   RW         4479    .bss                IO_control_ARM_revx.lib(inputs.o)
    0x600540c8        -       0x00000b40   Zero   RW         4506    .bss                IO_control_ARM_revx.lib(outputs.o)
    0x60054c08        -       0x0002936a   Zero   RW         4692    .bss                bacnet_ARM_revXX_mini.lib(tsm.o)
    0x6007df72        -       0x00000756   Zero   RW         4707    .bss                bacnet_ARM_revXX_mini.lib(txbuf.o)
    0x6007e6c8        -       0x00001000   Zero   RW         4873    .bss                bacnet_ARM_revXX_mini.lib(h_getevent.o)
    0x6007f6c8        -       0x00000200   Zero   RW          755    HEAP                startup_stm32f10x_hd.o


==============================================================================

Image component sizes


      Code (inc. data)   RO Data    RW Data    ZI Data      Debug   Object Name

       322          0          0          0          0       2830   24cxx.o
      2360        422          0          0          0      46263   alarm.o
      3456        280          0         22        256       8073   bac_control.o
     10060        812          0         42       2048      32204   bac_interface.o
      1428         88          0         36       1230       7891   bip.o
      4516        774          0          0       1026      16221   bsp_esp8266.o
        12          6          0          0          0        425   clock-arch.o
       152         14          0          4          0       1130   cmime64.o
      3852        184          0         32        530       9572   comm.o
      6940        158          0          8       1500      15824   commsub.o
         0          0          0          0          0         32   cortexm3_macro_rvds.o
      7848        450          0         16          0      22507   decode.o
       160          6          0          4          0       1175   delay.o
      1016         28          8          0         49       5261   dhcpc.o
       200          0          0          0          0       4088   diskio.o
       420        126          0          1          0       2943   display.o
      1012         68        620         24        480      14303   dyndns.o
       324         88          3         10         96       2624   dyndns_app.o
      1328         26          0          9          0       5430   enc28j60.o
      1928        114          0         20      27374       9654   exfuns.o
      8032        106         44          8          0      26904   ff.o
      4244        558          0          0      24218      11812   flash_user.o
       256          8          0         24      61440       3152   heap_2.o
         0          0         20          0          0        479   info.o
      1388         98          0          0        576       6206   io.o
       304         26          0         20          0       1752   key.o
      1208         36       1162          0          0       4983   lcd.o
       136          0          0          0          0       1794   list.o
      8776        846          0        108        756      19298   main.o
       184         12          0          0          0     206653   misc.o
      1496         24          0          1          0       6394   mmc_sd.o
     24280       1328        512        134       4540      78718   modbus.o
      3704        118          0         20      21220       6419   monitor.o
       652          6          0          0          0       3020   myiic.o
      3668        250          0          8        118       7336   newtiny.o
      5872        272          0         28        118      27427   output.o
       672         24          0          3        282       3254   pic.o
      8692        376          0          1       8704      18248   point.o
       342         28          0          4          0       6856   port.o
         0          0          0          0          0       7825   psock.o
      9776        762          0         20      35528      35389   ptransfer.o
      1614          6          0          0          0      15098   queue.o
       580         38         15          0        416       3419   range.o
       732         22          0         21        205       4522   resolv.o
       828         34         24          2         10      15869   rtc.o
     14856        812          0        106       8150      41512   scan.o
         0          0          0          0          0       7841   sdcard.o
         0          0          0          0          0       8160   sdioemmcdrive.o
      1900         80          0         12       1012       6451   smtpc.o
      1572        168         24         19         58       6842   sntpc.o
      1132         52          0          0          0      14955   spi.o
       196         72        304          0        512        812   startup_stm32f10x_hd.o
       912         24          0          0          0      20872   stm32f10x_adc.o
       156          8          0          0          0       3404   stm32f10x_bkp.o
       488         10          0          0          0       4766   stm32f10x_dma.o
       664         36          0          0          0       6189   stm32f10x_gpio.o
       260        112          0          0          0     157615   stm32f10x_it.o
        60          6          0          0          0       1289   stm32f10x_iwdg.o
       172         12          0          0          0       1939   stm32f10x_pwr.o
       756         32          0         20          0       9296   stm32f10x_rcc.o
       276          6          0          0          0       2782   stm32f10x_rtc.o
       692         12          0          0          0       7118   stm32f10x_spi.o
      3114         84          0          0          0      25076   stm32f10x_tim.o
       924         20          0          0          0       9148   stm32f10x_usart.o
       698         34          0          4       4096       5880   stmflash.o
       372         34          0         20          0       1723   system_stm32f10x.o
       368         36          0          0          0       1026   tapdev.o
      3568         90          0         60        500      30707   tasks.o
      1092        104          0          6       1056      12379   tcp_modbus.o
      3260        280          0         63      36922      10840   tcpip_task.o
        62          0          0          0          0       1364   timer.o
       352         24          0          8          0       6854   timerx.o
      2244        154          0         36       2287       7240   udp_scan.o
      4336         96          0         62       5130      17763   uip.o
       816         46          6          8         88       3867   uip_arp.o
       820         38          0          4          0       3870   usart.o
       828         68          0          0         20       4295   user_arm.o
      5328        526         15        128      70730      43834   user_data.o
      4032        354          0         24       3872      10299   wifi.o

    ----------------------------------------------------------------------
    191088      12052       2792       1236     327164    1229285   Object Totals
         0          0         32          0          0          0   (incl. Generated)
        12          0          3         26         11          0   (incl. Padding)

    ----------------------------------------------------------------------

      Code (inc. data)   RO Data    RW Data    ZI Data      Debug   Library Member Name

      2204         66        562          0       3533      14947   inputs.o
       124          4          0          0       2880       1131   outputs.o
        88          6          0          0          0       1850   abort.o
      1448         20          0          0       7905      16129   address.o
       772         18         44          1          0     253381   ai.o
      1240         22         52          1          0      12159   ao.o
      1236        112          0         57        404       8016   apdu.o
      1170         22         32          1          0       6977   av.o
       156          0          0          0          0       1446   bacaddr.o
      2052        148          0         12          0      10010   bacapp.o
      3404         20          0          0          0      29548   bacdcode.o
       190          0          0          0          0       2224   bacerror.o
       312          4          0          0          0       3616   bacint.o
       278          0          0          0          0       3548   bacreal.o
      1388         18        256          0          0      13169   bacstr.o
       162          0          0          0          0       2268   bactimevalue.o
       752         20         44          1         64       6013   bi.o
      1294         28         64          1          0      48663   bo.o
       996         20         48          1          0       5289   bv.o
        52          0          0          0          0        986   bvlc.o
       628          8         32          1          0       4540   calendar.o
      1856        162          0          0          0       9805   cov.o
        78          0          0          0          0        796   crc.o
       130          0          0          0          0      44732   datalink.o
      1720          6         52          0          0      15186   datetime.o
      2536         94        128        656          0      13636   device.o
      2708         92          0         48        626      11998   dlmstp.o
       352          0          0          0          0       4351   fifo.o
       896          0          0          0          0       3812   getevent.o
       224          4          0          0          0       1808   h_ccov.o
      3032        742          0          8        644       9394   h_cov.o
       408          8          0          0       4096       2842   h_getevent.o
       210          0          0          0          0       1917   h_iam.o
       168          4          0          0          0       1399   h_npdu.o
       736         14          0          0          0       2777   h_rp.o
       932         14          0          0        600       4368   h_rpm.o
       160          6          0          0          0       1520   h_ts.o
        46          0          0          0          0       1328   h_ucov.o
       162          0          0          0          0       2190   h_whohas.o
        72         10          0          4          0       1696   h_whois.o
       392         14          0          0        619       2417   h_wp.o
       308          4          0          0          0       1966   h_wpm.o
       302          0          0          0          0       2220   iam.o
       240          0          0          0          0       2391   ihave.o
        30          0          0          0          0        670   memcopy.o
       840         10         52          1          0       5677   msv.o
        84          4          0          0          0       6075   noserv.o
       688          4          0          0          0       3073   npdu.o
       450          0          0          0          0       2825   proplist.o
       448         10         20          1          0       4554   proprietary.o
       104         10          0          0          0       1857   reject.o
       584          0          0          0          0       3663   rp.o
      1138          0          0          0          0       8138   rpm.o
       164         14          0          2        528       3425   rs485.o
       348         24          0          0          0       5039   s_cov.o
       234          0          0          0          0       2516   s_iam.o
       132          6          0          0          0       1890   s_ihave.o
       292         16          0          0          0       2444   s_rp.o
       356         12          0          0          0       2885   s_ts.o
       248         20          0          0          0       2124   s_upt.o
       264         12          0          0          0       2818   s_whois.o
       384         16          0          0        619       3041   s_wp.o
      1232         12         64         11          0       5336   schedule.o
       326          0          0          0          0       3232   timestamp.o
       548          0          0          0          0       3705   timesync.o
       656         10          0          1     168810       5044   tsm.o
         0          0          0          0       1878        606   txbuf.o
       348          0          0          0          0       2275   whohas.o
       424         12          0          0          0       3146   whois.o
       452          0          0          0          0       2107   wp.o
       798          0          0          0          0       4266   wpm.o
       156          8          0          0          0        104   cos.o
       252         22         48          0          0        124   cos_i.o
        64         10          0          0          0        340   dunder.o
       644         90         88          0          0        204   exp.o
        40          0          0          0          0         68   fpclassify.o
       860         52         56          0          0        256   log.o
       170          0          0          0          0         96   poly.o
         0          0          8          0          0          0   qnan.o
       904         76        200          0          0        140   rred.o
       160         10          0          0          0        108   sin.o
       236         12         40          0          0        128   sin_i.o
        76          0          0          0          0         84   sqrt.o
        28          0          0          0          0         80   strtod.o
        56          8          0          0          0         84   __0sscanf.o
        86          0          0          0          0          0   __dczerorl2.o
        28          0          0          0          0         68   _chval.o
       812          4          0          0          0        112   _scanf.o
       332          0          0          0          0         96   _scanf_int.o
        64          0          0          0          0         84   _sgetc.o
       158          0          0          0          0         92   _strtoul.o
         8          4        133          0          0         68   ctype_o.o
         0          0          0          0          0          0   entry.o
         0          0          0          0          0          0   entry10a.o
         0          0          0          0          0          0   entry11a.o
         8          4          0          0          0          0   entry2.o
         4          0          0          0          0          0   entry5.o
         0          0          0          0          0          0   entry7b.o
         0          0          0          0          0          0   entry8b.o
         8          4          0          0          0          0   entry9a.o
        20         10          0          4          0        136   errno.o
        30          0          0          0          0          0   handlers.o
        36          8          0          0          0         68   init.o
        18          0          0          0          0         76   isspace_o.o
         0          0          0          0          0          0   iusefp.o
        30          0          0          0          0         68   llshl.o
        36          0          0          0          0         68   llsshr.o
        32          0          0          0          0         68   llushr.o
       188         20          0          0          0        160   malloc.o
        20          0          0          0          0         68   memchr.o
        26          0          0          0          0         80   memcmp.o
        36          0          0          0          0         68   memcpya.o
        36          0          0          0          0        108   memseta.o
         0          0          0          8          0          0   mvars.o
      2308         96          0          0          0        604   printfa.o
        36         10          0          4          0        136   rand.o
        40          8          0          0          0         84   scanf_char.o
       878         12          0          0          0        216   scanf_fp.o
        20          0          0          0          0         68   strchr.o
        28          0          0          0          0         76   strcmp.o
        18          0          0          0          0         68   strcpy.o
        14          0          0          0          0         68   strlen.o
        36          0          0          0          0         80   strstr.o
       156         12          0          0          0        120   strtod.o
       112          0          0          0          0         88   strtol.o
       114          0          0          0          0         92   strtoul.o
        12          0          0          0          0         68   toupper.o
        44          0          0          0          0         80   uidiv.o
        98          0          0          0          0         92   uldiv.o
        48          0          0          0          0         68   cdcmple.o
        48          0          0          0          0         68   cdrcmple.o
        20          0          0          0          0         68   cfcmple.o
        56          0          0          0          0         88   d2f.o
       334          0          0          0          0        148   dadd.o
       222          0          0          0          0        100   ddiv.o
       186          0          0          0          0        176   depilogue.o
        62          0          0          0          0         80   dfixi.o
        50          0          0          0          0         76   dfixui.o
        48          0          0          0          0         68   dfixul.o
        34          0          0          0          0         76   dflti.o
        26          0          0          0          0         76   dfltui.o
        24          0          0          0          0         76   dfltul.o
       228          0          0          0          0         96   dmul.o
        46          0          0          0          0         80   dscalb.o
       162          0          0          0          0        100   dsqrt.o
        38          0          0          0          0         68   f2d.o
       176          0          0          0          0        140   fadd.o
       124          0          0          0          0         88   fdiv.o
       110          0          0          0          0        168   fepilogue.o
        50          0          0          0          0         68   ffixi.o
        40          0          0          0          0         68   ffixui.o
        18          0          0          0          0         68   fflti.o
        10          0          0          0          0         68   ffltui.o
       100          0          0          0          0         76   fmul.o
        24          0          0          0          0         68   fscalb.o

    ----------------------------------------------------------------------
     61084       2382       2032        828     193212     690458   Library Totals
        38          0          9          4          6          0   (incl. Padding)

    ----------------------------------------------------------------------

      Code (inc. data)   RO Data    RW Data    ZI Data      Debug   Library Name

      2328         70        562          0       6413      16078   IO_control_ARM_revx.lib
     46858       1832        888        808     186793     666812   bacnet_ARM_revXX_mini.lib
      3590        280        440          0          0       1732   m_ws.l
      5986        200        133         16          0       3512   mc_w.l
      2284          0          0          0          0       2324   mf_w.l

    ----------------------------------------------------------------------
     61084       2382       2032        828     193212     690458   Library Totals

    ----------------------------------------------------------------------

==============================================================================


      Code (inc. data)   RO Data    RW Data    ZI Data      Debug   

    252172      14434       4824       2064     520376    1899279   Grand Totals
    252172      14434       4824        452     520376    1899279   ELF Image Totals (compressed)
    252172      14434       4824        452          0          0   ROM Totals

==============================================================================

    Total RO  Size (Code + RO Data)               256996 ( 250.97kB)
    Total RW  Size (RW Data + ZI Data)            522440 ( 510.20kB)
    Total ROM Size (Code + RO Data + RW Data)     257448 ( 251.41kB)

==============================================================================

