Component: ARM Compiler 5.06 update 6 (build 750) Tool: armlink [4d35ed]

==============================================================================

Section Cross References

    stm32f10x_it.o(.text) refers to printfa.o(i.__0printf) for __2printf
    system_stm32f10x.o(.text) refers to system_stm32f10x.o(.data) for .data
    stm32f10x_adc.o(.text) refers to stm32f10x_rcc.o(.text) for RCC_APB2PeriphResetCmd
    stm32f10x_dac.o(.text) refers to stm32f10x_rcc.o(.text) for RCC_APB1PeriphResetCmd
    stm32f10x_gpio.o(.text) refers to stm32f10x_rcc.o(.text) for RCC_APB2PeriphResetCmd
    stm32f10x_rcc.o(.text) refers to stm32f10x_rcc.o(.data) for .data
    stm32f10x_spi.o(.text) refers to stm32f10x_rcc.o(.text) for RCC_APB2PeriphResetCmd
    stm32f10x_tim.o(.text) refers to stm32f10x_rcc.o(.text) for RCC_APB2PeriphResetCmd
    stm32f10x_usart.o(.text) refers to stm32f10x_rcc.o(.text) for RCC_APB2PeriphResetCmd
    stm32f10x_wwdg.o(.text) refers to stm32f10x_rcc.o(.text) for RCC_APB1PeriphResetCmd
    stm32f10x_bkp.o(.text) refers to stm32f10x_rcc.o(.text) for RCC_BackupResetCmd
    stm32f10x_pwr.o(.text) refers to stm32f10x_rcc.o(.text) for RCC_APB1PeriphResetCmd
    startup_stm32f10x_hd.o(RESET) refers to startup_stm32f10x_hd.o(.text) for Reset_Handler
    startup_stm32f10x_hd.o(RESET) refers to stm32f10x_it.o(.text) for NMI_Handler
    startup_stm32f10x_hd.o(RESET) refers to port.o(.emb_text) for vPortSVCHandler
    startup_stm32f10x_hd.o(RESET) refers to port.o(.text) for xPortSysTickHandler
    startup_stm32f10x_hd.o(RESET) refers to timerx.o(.text) for TIM3_IRQHandler
    startup_stm32f10x_hd.o(RESET) refers to modbus.o(.text) for USART1_IRQHandler
    startup_stm32f10x_hd.o(RESET) refers to tstat_wifi.o(.text) for EXTI15_10_IRQHandler
    startup_stm32f10x_hd.o(RESET) refers to wifi.o(.text) for UART4_IRQHandler
    startup_stm32f10x_hd.o(.text) refers to system_stm32f10x.o(.text) for SystemInit
    startup_stm32f10x_hd.o(.text) refers to entry.o(.ARM.Collect$$$$00000000) for __main
    myiic.o(.text) refers to stm32f10x_gpio.o(.text) for GPIO_SetBits
    myiic.o(.text) refers to stm32f10x_rcc.o(.text) for RCC_APB2PeriphClockCmd
    myiic.o(.text) refers to delay.o(.text) for delay_us
    24cxx.o(.text) refers to myiic.o(.text) for IIC_Init
    24cxx.o(.text) refers to delay.o(.text) for delay_ms
    spi.o(.text) refers to stm32f10x_spi.o(.text) for SPI_Cmd
    spi.o(.text) refers to stm32f10x_rcc.o(.text) for RCC_APB2PeriphClockCmd
    spi.o(.text) refers to stm32f10x_gpio.o(.text) for GPIO_Init
    spi.o(.text) refers to modbus.o(.bss) for Modbus
    flash.o(.text) refers to spi.o(.text) for SPI1_ReadWriteByte
    flash.o(.text) refers to stm32f10x_rcc.o(.text) for RCC_APB2PeriphClockCmd
    flash.o(.text) refers to stm32f10x_gpio.o(.text) for GPIO_Init
    flash.o(.text) refers to delay.o(.text) for delay_us
    flash.o(.text) refers to flash.o(.data) for .data
    flash.o(.text) refers to flash.o(.bss) for .bss
    stmflash.o(.text) refers to delay.o(.text) for delay_us
    stmflash.o(.text) refers to stmflash.o(.emb_text) for MSR_MSP
    stmflash.o(.text) refers to stmflash.o(.bss) for .bss
    stmflash.o(.text) refers to stmflash.o(.data) for .data
    dma.o(.text) refers to delay.o(.text) for delay_ms
    dma.o(.text) refers to dma.o(.data) for .data
    timerx.o(.text) refers to stm32f10x_tim.o(.text) for TIM_GetFlagStatus
    timerx.o(.text) refers to stm32f10x_rcc.o(.text) for RCC_APB1PeriphClockCmd
    timerx.o(.text) refers to misc.o(.text) for NVIC_Init
    timerx.o(.text) refers to timerx.o(.data) for .data
    timerx.o(.text) refers to decode.o(.data) for miliseclast
    timerx.o(.text) refers to modbus.o(.data) for run_time
    timerx.o(.text) refers to rs485.o(.data) for SilenceTime
    enc28j60.o(.text) refers to stm32f10x_rcc.o(.text) for RCC_APB2PeriphClockCmd
    enc28j60.o(.text) refers to stm32f10x_gpio.o(.text) for GPIO_Init
    enc28j60.o(.text) refers to delay.o(.text) for delay_ms
    enc28j60.o(.text) refers to spi.o(.text) for SPI2_ReadWriteByte
    enc28j60.o(.text) refers to enc28j60.o(.data) for .data
    enc28j60.o(.text) refers to modbus.o(.text) for QuickSoftReset
    rtc.o(.text) refers to stm32f10x_rtc.o(.text) for RTC_GetCounter
    rtc.o(.text) refers to stm32f10x_rcc.o(.text) for RCC_APB1PeriphClockCmd
    rtc.o(.text) refers to stm32f10x_pwr.o(.text) for PWR_BackupAccessCmd
    rtc.o(.text) refers to stm32f10x_bkp.o(.text) for BKP_ReadBackupRegister
    rtc.o(.text) refers to delay.o(.text) for delay_ms
    rtc.o(.text) refers to rtc.o(.constdata) for .constdata
    rtc.o(.text) refers to rtc.o(.data) for .data
    rtc.o(.text) refers to user_data.o(.data) for Local_Date
    rtc.o(.text) refers to user_data.o(.data) for Local_Time
    rtc.o(.text) refers to rtc.o(.bss) for .bss
    mmc_sd.o(.text) refers to spi.o(.text) for SPI1_ReadWriteByte
    mmc_sd.o(.text) refers to stm32f10x_iwdg.o(.text) for IWDG_ReloadCounter
[...]
    index_in_time_txt                        0x600004a3   Data           1  exfuns.o(.data)
    flag_f_mount                             0x600004a4   Data           1  exfuns.o(.data)
    br                                       0x600004ac   Data           4  exfuns.o(.data)
    bw                                       0x600004b0   Data           4  exfuns.o(.data)
    SGP_DRV_VERSION_STR                      0x600004bc   Data           4  sgp_git_version.o(.data)
    voc_ok                                   0x60000535   Data           1  voc.o(.data)
    voc_ini_baseline                         0x60000536   Data           1  voc.o(.data)
    voc_value                                0x60000538   Data           2  voc.o(.data)
    iaq_baseline                             0x6000053c   Data           4  voc.o(.data)
    scd4x_perform_forced                     0x60000541   Data           1  scd4x_i2c_example_usage.o(.data)
    AIS                                      0x60000542   Data           1  ai.o(.data)
    AOS                                      0x60000543   Data           1  ao.o(.data)
    AVS                                      0x60000544   Data           1  av.o(.data)
    BIS                                      0x60000581   Data           1  bi.o(.data)
    BVS                                      0x60000582   Data           1  bv.o(.data)
    BOS                                      0x60000583   Data           1  bo.o(.data)
    Object_Instance_Number                   0x60000594   Data           4  device.o(.data)
    This_Station                             0x60000842   Data           1  dlmstp.o(.data)
    TransmitPacket_panel                     0x60000846   Data           1  dlmstp.o(.data)
    DataLength                               0x6000084c   Data           2  dlmstp.o(.data)
    TransmitPacketLen                        0x60000850   Data           2  dlmstp.o(.data)
    MSTP_Flag                                0x6000085c   Data           4  dlmstp.o(.data)
    modbus_frame                             0x60000864   Data           8  dlmstp.o(.data)
    Send_I_Am_Flag                           0x6000086c   Data           1  h_whois.o(.data)
    Send_Whois_Flag                          0x6000086d   Data           1  h_whois.o(.data)
    Send_Private_Flag                        0x6000086e   Data           1  h_whois.o(.data)
    Send_Time_Sync                           0x6000086f   Data           1  h_whois.o(.data)
    SilenceTime                              0x60000870   Data           2  rs485.o(.data)
    CALENDARS                                0x60000872   Data           1  calendar.o(.data)
    SCHEDULES                                0x60000874   Data           1  schedule.o(.data)
    Start_Date                               0x60000876   Data           6  schedule.o(.data)
    End_Date                                 0x6000087c   Data           6  schedule.o(.data)
    TemcoVars                                0x60000882   Data           1  proprietary.o(.data)
    MSVS                                     0x60000883   Data           1  msv.o(.data)
    __microlib_freelist                      0x6000088c   Data           4  mvars.o(.data)
    __microlib_freelist_initialised          0x60000890   Data           4  mvars.o(.data)
    iapbuf                                   0x60000898   Data        2048  stmflash.o(.bss)
    STMFLASH_BUF                             0x60001098   Data        2048  stmflash.o(.bss)
    Rtc                                      0x60001898   Data          10  rtc.o(.bss)
    AI_Index_To_Instance                     0x60010a98   Data          64  bac_interface.o(.bss)
    BI_Index_To_Instance                     0x60010ad8   Data          64  bac_interface.o(.bss)
    AO_Index_To_Instance                     0x60010b18   Data          64  bac_interface.o(.bss)
    BO_Index_To_Instance                     0x60010b58   Data          64  bac_interface.o(.bss)
    AV_Index_To_Instance                     0x60010b98   Data         128  bac_interface.o(.bss)
    BV_Index_To_Instance                     0x60010c18   Data         128  bac_interface.o(.bss)
    AI_Instance_To_Index                     0x60010c98   Data          64  bac_interface.o(.bss)
    BI_Instance_To_Index                     0x60010cd8   Data          64  bac_interface.o(.bss)
    AO_Instance_To_Index                     0x60010d18   Data          64  bac_interface.o(.bss)
    BO_Instance_To_Index                     0x60010d58   Data          64  bac_interface.o(.bss)
    AV_Instance_To_Index                     0x60010d98   Data         128  bac_interface.o(.bss)
    BV_Instance_To_Index                     0x60010e18   Data         128  bac_interface.o(.bss)
    backup_AI_value                          0x60010e98   Data         256  bac_interface.o(.bss)
    backup_AV_value                          0x60010f98   Data         256  bac_interface.o(.bss)
    output_state_index                       0x60011098   Data          32  bac_control.o(.bss)
    first_time_schedual                      0x600110b8   Data          32  bac_control.o(.bss)
    con_aux                                  0x600110d8   Data         192  bac_control.o(.bss)
    output_pri_live                          0x60011198   Data          64  bac_control.o(.bss)
    SD_block_num                             0x600111f0   Data          96  monitor.o(.bss)
    read_mon_point_buf                       0x60011250   Data         400  monitor.o(.bss)
    write_mon_point_buf                      0x600113e0   Data        9600  monitor.o(.bss)
    mon_block                                0x60013960   Data       11040  monitor.o(.bss)
    last_digital_index                       0x60016480   Data          12  monitor.o(.bss)
    last_digital_sample_time                 0x6001648c   Data          48  monitor.o(.bss)
    points_header                            0x600164bc   Data        2560  point.o(.bss)
    temp                                     0x60016ebc   Data         600  ptransfer.o(.bss)
    Rtc2                                     0x60017114   Data          10  ptransfer.o(.bss)
    prg_code                                 0x6001711e   Data       32000  ptransfer.o(.bss)
    MSTP_Send_buffer                         0x6001ee1e   Data         600  ptransfer.o(.bss)
    MSTP_Rec_Header                          0x6001f076   Data          12  ptransfer.o(.bss)
    bacnet_to_modbus                         0x6001f082   Data         300  ptransfer.o(.bss)
    bacnet_to_modbus_struct                  0x6001f1ae   Data         808  ptransfer.o(.bss)
    Temp_CS                                  0x6001f4d6   Data         598  ptransfer.o(.bss)
    Test                                     0x6001f72c   Data         100  ptransfer.o(.bss)
    MSTP_Rec_buffer                          0x6001f790   Data         600  ptransfer.o(.bss)
    update_dyndns_time                       0x6001f9f4   Data          10  user_data.o(.bss)
    input_raw                                0x6001f9fe   Data         128  user_data.o(.bss)
    input_raw_back                           0x6001fa7e   Data         128  user_data.o(.bss)
    output_raw                               0x6001fafe   Data         128  user_data.o(.bss)
    output_raw_back                          0x6001fb7e   Data         128  user_data.o(.bss)
    chip_info                                0x6001fbfe   Data          12  user_data.o(.bss)
    extio_points                             0x6001fc0a   Data         360  user_data.o(.bss)
    month_length                             0x6001fd72   Data          12  user_data.o(.bss)
    info                                     0x6001fd7e   Data         144  user_data.o(.bss)
    var_unit                                 0x6001fe0e   Data         100  user_data.o(.bss)
    Write_Special                            0x6001fe72   Data         100  user_data.o(.bss)
    MISC_Info                                0x6001fed6   Data         400  user_data.o(.bss)
    Remote_tst_db                            0x60020066   Data         385  user_data.o(.bss)
    Panel_Info                               0x600201e7   Data          23  user_data.o(.bss)
    Setting_Info                             0x600201fe   Data         400  user_data.o(.bss)
    Garphi_data_buf                          0x6002038e   Data         476  user_data.o(.bss)
    alarms                                   0x6002056a   Data        1632  user_data.o(.bss)
    alarms_set                               0x60020bca   Data         480  user_data.o(.bss)
    digi_units                               0x60020daa   Data         200  user_data.o(.bss)
    passwords                                0x60020e72   Data         384  user_data.o(.bss)
    programs                                 0x60020ff2   Data         592  user_data.o(.bss)
    vars                                     0x60021242   Data        4992  user_data.o(.bss)
    controllers                              0x600225c2   Data         448  user_data.o(.bss)
    totalizers                               0x60022782   Data          90  user_data.o(.bss)
    monitors                                 0x600227dc   Data        1248  user_data.o(.bss)
    backup_monitors                          0x60022cbc   Data        1248  user_data.o(.bss)
    msv_data                                 0x6002319c   Data         736  user_data.o(.bss)
    control_groups                           0x6002347c   Data         736  user_data.o(.bss)
    group_data_new                           0x6002375c   Data       16800  user_data.o(.bss)
    weekly_routines                          0x600278fc   Data         336  user_data.o(.bss)
    wr_times                                 0x60027a4c   Data        1152  user_data.o(.bss)
    wr_time_on_off                           0x60027ecc   Data         576  user_data.o(.bss)
    annual_routines                          0x6002810c   Data         132  user_data.o(.bss)
    ar_dates                                 0x60028190   Data         184  user_data.o(.bss)
    ID_Config                                0x60028248   Data        9906  user_data.o(.bss)
    ID_Config_Sche                           0x6002a8fa   Data         254  user_data.o(.bss)
    output_priority                          0x6002a9f8   Data        4096  user_data.o(.bss)
    output_relinquish                        0x6002b9f8   Data         256  user_data.o(.bss)
    arrays                                   0x6002baf8   Data         176  user_data.o(.bss)
    arrays_data                              0x6002bba8   Data        8192  user_data.o(.bss)
    panelname                                0x6002dba8   Data          20  user_data.o(.bss)
    network_points_list                      0x6002dbbc   Data        3456  user_data.o(.bss)
    remote_points_list                       0x6002e93c   Data        3584  user_data.o(.bss)
    remote_panel_db                          0x6002f73c   Data        4300  user_data.o(.bss)
    Email_Setting                            0x60030808   Data         400  user_data.o(.bss)
    arrays_address                           0x60030998   Data          64  user_data.o(.bss)
    Last_Contact_Network_points              0x600309d8   Data         256  user_data.o(.bss)
    Last_Contact_Remote_points               0x60030ad8   Data         256  user_data.o(.bss)
    stack                                    0x60030bd8   Data          80  user_data.o(.bss)
    message                                  0x60030c28   Data          94  user_data.o(.bss)
    write_page_en                            0x60030da8   Data          26  flash_user.o(.bss)
    Flash_Position                           0x60035be2   Data          96  flash_user.o(.bss)
    scroll_buf                               0x60035c42   Data          11  er-tft024-3_4-wire_spi.o(.bss)
    Modename                                 0x60035c4d   Data          16  er-tft024-3_4-wire_spi.o(.bss)
    icon_flag                                0x60035c5d   Data           9  er-tft024-3_4-wire_spi.o(.bss)
    uart0_sub_addr                           0x60035c66   Data         254  commsub.o(.bss)
    uart1_sub_addr                           0x60035d64   Data         254  commsub.o(.bss)
    uart2_sub_addr                           0x60035e62   Data         254  commsub.o(.bss)
    sub_map                                  0x60035f60   Data        3048  commsub.o(.bss)
    tmp_sendbuf                              0x60036b48   Data         500  scan.o(.bss)
    node_write                               0x60036d3c   Data        2160  scan.o(.bss)
    NP_node_write                            0x600375ac   Data         240  scan.o(.bss)
    com_rx                                   0x6003769c   Data          12  scan.o(.bss)
    com_tx                                   0x600376a8   Data          12  scan.o(.bss)
    tstat_name                               0x600376b4   Data        4080  scan.o(.bss)
    flag_tstat_name                          0x600386a4   Data         255  scan.o(.bss)
    count_read_tstat_name                    0x600387a4   Data         510  scan.o(.bss)
    flag_rmp_ad                              0x600389a2   Data         128  scan.o(.bss)
    count_read_rmp_ad                        0x60038a22   Data         128  scan.o(.bss)
    scan_db                                  0x60038aa2   Data        1785  scan.o(.bss)
    scan_db_time_to_live                     0x6003919c   Data         510  scan.o(.bss)
    db_online                                0x6003939a   Data          32  scan.o(.bss)
    db_occupy                                0x600393ba   Data          32  scan.o(.bss)
    current_online                           0x600393da   Data          32  scan.o(.bss)
    tst_retry                                0x600393fa   Data         255  scan.o(.bss)
    Sch_To_T8                                0x600394f9   Data        2040  scan.o(.bss)
    id_conflict                              0x60039cf1   Data         260  scan.o(.bss)
    clear_high_spd                           0x60039df8   Data          12  modbus.o(.bss)
    uart0_send_buf                           0x60039e04   Data         500  modbus.o(.bss)
    uart1_send_buf                           0x60039ff8   Data         500  modbus.o(.bss)
    uart2_send_buf                           0x6003a1ec   Data         500  modbus.o(.bss)
    uart2_data_buffer                        0x6003a3e0   Data         500  modbus.o(.bss)
    tcp_server_sendbuf                       0x6003a5d4   Data         300  modbus.o(.bss)
    Modbus                                   0x6003a700   Data         104  modbus.o(.bss)
    high_spd_counter                         0x6003a768   Data          64  modbus.o(.bss)
    high_spd_en                              0x6003a7a8   Data          16  modbus.o(.bss)
    uart0_data_buffer                        0x6003a7b8   Data         500  modbus.o(.bss)
    uart1_data_buffer                        0x6003a9ac   Data         500  modbus.o(.bss)
    main_data_buffer                         0x6003aba0   Data         500  modbus.o(.bss)
    subnet_response_buf                      0x6003ad94   Data         500  modbus.o(.bss)
    Input_RPM                                0x6003af88   Data          64  modbus.o(.bss)
    high_spd_counter_tempbuf                 0x6003afc8   Data          64  modbus.o(.bss)
    task_test                                0x6003b018   Data          90  main.o(.bss)
    default_pwm                              0x6003b072   Data          20  main.o(.bss)
    PDUBuffer                                0x6003b086   Data         600  main.o(.bss)
    net_health                               0x6003b2e0   Data          16  main.o(.bss)
    old_reading                              0x6003b2f0   Data         128  range.o(.bss)
    intput_raw_sum                           0x6003b370   Data         128  range.o(.bss)
    input_raw_max                            0x6003b3f0   Data          64  range.o(.bss)
    input_raw_min                            0x6003b430   Data          64  range.o(.bss)
    input_count                              0x6003b470   Data          32  range.o(.bss)
    FAN_MODE                                 0x6003b490   Data          72  tstat_wifi.o(.bss)
    flag_count_in                            0x6003b4d8   Data          16  tstat_wifi.o(.bss)
    slop                                     0x6003b4e8   Data          10  tstat_wifi.o(.bss)
    t                                        0x6003b4f2   Data          28  sntpc.o(.bss)
    sntp_server                              0x6003b50e   Data          30  sntpc.o(.bss)
    time                                     0x6003b52c   Data          20  user_arm.o(.bss)
    cStr                                     0x6003b540   Data        1024  wifi.o(.bss)
    SSID_Info                                0x6003b940   Data         124  wifi.o(.bss)
    mstp_bac_buf                             0x6003b9bc   Data       30100  wifi.o(.bss)
    mstp_bac_buf1                            0x60042f50   Data        6020  wifi.o(.bss)
    Scan_Infor                               0x600446d4   Data          64  wifi.o(.bss)
    bacnet_wifi_buf                          0x60044714   Data         600  wifi.o(.bss)
    modbus_wifi_buf                          0x6004496c   Data         500  wifi.o(.bss)
    packet                                   0x60044b60   Data        1024  wifi.o(.bss)
    SendBuff                                 0x60044f60   Data         600  wifi.o(.bss)
    strEsp8266_Fram_Record                   0x600451b8   Data        1026  bsp_esp8266.o(.bss)
    CurrentState                             0x600455ba   Data          14  menu.o(.bss)
    UI_DIS_TOP                               0x600455c8   Data           9  menuidle.o(.bss)
    fs                                       0x600455d1   Data         558  exfuns.o(.bss)
    file                                     0x600457ff   Data       26304  exfuns.o(.bss)
    rw_sd_buf                                0x6004bebf   Data         512  exfuns.o(.bss)
    voc_buf                                  0x6004c0f8   Data          10  voc.o(.bss)
    Address_Cache                            0x6004c104   Data        9180  address.o(.bss)
    TransmitPacket                           0x6004e6b4   Data         626  dlmstp.o(.bss)
    wp_data                                  0x6004e928   Data         624  h_wp.o(.bss)
    Receive_Buffer_Data0                     0x6004eb98   Data         512  rs485.o(.bss)
    Receive_Buffer0                          0x6004ed98   Data          16  rs485.o(.bss)
    Temp_Buf                                 0x6004eda8   Data         600  h_rpm.o(.bss)
    custom_tab                               0x6004f000   Data         525  inputs.o(.bss)
    inputs                                   0x6004f20d   Data        2944  inputs.o(.bss)
    input_type                               0x6004fd8d   Data          32  inputs.o(.bss)
    input_type1                              0x6004fdad   Data          32  inputs.o(.bss)
    outputs                                  0x6004fdcd   Data        2880  outputs.o(.bss)
    Handler_Transmit_Buffer                  0x60079e78   Data        1252  txbuf.o(.bss)
    __heap_base                              0x6007a360   Data           0  startup_stm32f10x_hd.o(HEAP)
    __heap_limit                             0x6007a560   Data           0  startup_stm32f10x_hd.o(HEAP)



==============================================================================

Memory Map of the image

  Image Entry point : 0x08008131

  Load Region LR_IROM1 (Base: 0x08008000, Size: 0x00046f80, Max: 0x00060000, ABSOLUTE, COMPRESSED[0x000469c4])

    Execution Region ER_IROM1 (Exec base: 0x08008000, Load base: 0x08008000, Size: 0x000466e8, Max: 0x00060000, ABSOLUTE)

    Exec Addr    Load Addr    Size         Type   Attr      Idx    E Section Name        Object

    0x08008000   0x08008000   0x00000130   Data   RO          871    RESET               startup_stm32f10x_hd.o
    0x08008130   0x08008130   0x00000000   Code   RO         5093  * .ARM.Collect$$$$00000000  mc_w.l(entry.o)
    0x08008130   0x08008130   0x00000004   Code   RO         5485    .ARM.Collect$$$$00000001  mc_w.l(entry2.o)
    0x08008134   0x08008134   0x00000004   Code   RO         5488    .ARM.Collect$$$$00000004  mc_w.l(entry5.o)
    0x08008138   0x08008138   0x00000000   Code   RO         5490    .ARM.Collect$$$$00000008  mc_w.l(entry7b.o)
    0x08008138   0x08008138   0x00000000   Code   RO         5492    .ARM.Collect$$$$0000000A  mc_w.l(entry8b.o)
    0x08008138   0x08008138   0x00000008   Code   RO         5493    .ARM.Collect$$$$0000000B  mc_w.l(entry9a.o)
    0x08008140   0x08008140   0x00000000   Code   RO         5495    .ARM.Collect$$$$0000000D  mc_w.l(entry10a.o)
    0x08008140   0x08008140   0x00000000   Code   RO         5497    .ARM.Collect$$$$0000000F  mc_w.l(entry11a.o)
    0x08008140   0x08008140   0x00000004   Code   RO         5486    .ARM.Collect$$$$00002712  mc_w.l(entry2.o)
    0x08008144   0x08008144   0x00000006   Code   RO         1067    .emb_text           stmflash.o
    0x0800814a   0x0800814a   0x00000002   PAD
    0x0800814c   0x0800814c   0x00000096   Code   RO         1563    .emb_text           port.o
    0x080081e2   0x080081e2   0x0000001c   Code   RO         4907    .text               bacnet_ARM_revXX_mini.lib(memcopy.o)
    0x080081fe   0x080081fe   0x00000000   Code   RO         5556    .text               mc_w.l(iusefp.o)
    0x080081fe   0x080081fe   0x00000002   Code   RO         5589    i.__scatterload_null  mc_w.l(handlers.o)
    0x08008200   0x08008200   0x00000014   Data   RO         2513    .ARM.__AT_0x08008200  info.o
    0x08008214   0x08008214   0x00000090   Code   RO            1    .text               stm32f10x_it.o
    0x080082a4   0x080082a4   0x00000174   Code   RO          508    .text               system_stm32f10x.o
    0x08008418   0x08008418   0x000000b8   Code   RO          587    .text               misc.o
    0x080084d0   0x080084d0   0x00000390   Code   RO          619    .text               stm32f10x_adc.o
    0x08008860   0x08008860   0x000001e8   Code   RO          682    .text               stm32f10x_dma.o
    0x08008a48   0x08008a48   0x000000ec   Code   RO          694    .text               stm32f10x_exti.o
    0x08008b34   0x08008b34   0x00000298   Code   RO          718    .text               stm32f10x_gpio.o
    0x08008dcc   0x08008dcc   0x0000003c   Code   RO          730    .text               stm32f10x_iwdg.o
    0x08008e08   0x08008e08   0x000002f4   Code   RO          742    .text               stm32f10x_rcc.o
    0x080090fc   0x080090fc   0x00000114   Code   RO          756    .text               stm32f10x_rtc.o
    0x08009210   0x08009210   0x000002b4   Code   RO          780    .text               stm32f10x_spi.o
    0x080094c4   0x080094c4   0x00000c2a   Code   RO          792    .text               stm32f10x_tim.o
    0x0800a0ee   0x0800a0ee   0x00000002   PAD
    0x0800a0f0   0x0800a0f0   0x0000039c   Code   RO          804    .text               stm32f10x_usart.o
    0x0800a48c   0x0800a48c   0x0000009c   Code   RO          831    .text               stm32f10x_bkp.o
    0x0800a528   0x0800a528   0x000000ac   Code   RO          843    .text               stm32f10x_pwr.o
    0x0800a5d4   0x0800a5d4   0x000000c4   Code   RO          872    .text               startup_stm32f10x_hd.o
    0x0800a698   0x0800a698   0x00000250   Code   RO          876    .text               myiic.o
    0x0800a8e8   0x0800a8e8   0x0000013e   Code   RO          892    .text               24cxx.o
    0x0800aa26   0x0800aa26   0x00000002   PAD
    0x0800aa28   0x0800aa28   0x000003b8   Code   RO          904    .text               spi.o
    0x0800ade0   0x0800ade0   0x000002b4   Code   RO         1068    .text               stmflash.o
    0x0800b094   0x0800b094   0x00000154   Code   RO         1106    .text               timerx.o
    0x0800b1e8   0x0800b1e8   0x0000033c   Code   RO         1185    .text               rtc.o
    0x0800b524   0x0800b524   0x000005d8   Code   RO         1230    .text               mmc_sd.o
    0x0800bafc   0x0800bafc   0x000001ec   Code   RO         1358    .text               i2c_hal.o
    0x0800bce8   0x0800bce8   0x00000548   Code   RO         1377    .text               sht3x.o
    0x0800c230   0x0800c230   0x000000c8   Code   RO         1409    .text               sht4x.o
    0x0800c2f8   0x0800c2f8   0x0000009c   Code   RO         1439    .text               sht4x_example_usage.o
    0x0800c394   0x0800c394   0x00000df0   Code   RO         1457    .text               tasks.o
    0x0800d184   0x0800d184   0x00000088   Code   RO         1515    .text               list.o
    0x0800d20c   0x0800d20c   0x0000064e   Code   RO         1536    .text               queue.o
    0x0800d85a   0x0800d85a   0x00000002   PAD
    0x0800d85c   0x0800d85c   0x000000c0   Code   RO         1564    .text               port.o
    0x0800d91c   0x0800d91c   0x00000100   Code   RO         1599    .text               heap_2.o
    0x0800da1c   0x0800da1c   0x0000031c   Code   RO         1617    .text               usart.o
    0x0800dd38   0x0800dd38   0x000000a0   Code   RO         1676    .text               delay.o
    0x0800ddd8   0x0800ddd8   0x000022b0   Code   RO         1696    .text               bac_interface.o
    0x08010088   0x08010088   0x00000294   Code   RO         1732    .text               bip.o
    0x0801031c   0x0801031c   0x000008b8   Code   RO         1814    .text               alarm.o
    0x08010bd4   0x08010bd4   0x00000f58   Code   RO         1987    .text               bac_control.o
    0x08011b2c   0x08011b2c   0x000017f2   Code   RO         2035    .text               decode.o
    0x0801331e   0x0801331e   0x00000002   PAD
    0x08013320   0x08013320   0x00000cfc   Code   RO         2071    .text               monitor.o
    0x0801401c   0x0801401c   0x0000190c   Code   RO         2104    .text               point.o
    0x08015928   0x08015928   0x00002278   Code   RO         2136    .text               ptransfer.o
    0x08017ba0   0x08017ba0   0x000012c0   Code   RO         2181    .text               user_data.o
    0x08018e60   0x08018e60   0x00000598   Code   RO         2260    .text               io.o
    0x080193f8   0x080193f8   0x00000cf8   Code   RO         2273    .text               flash_user.o
    0x0801a0f0   0x0801a0f0   0x00001854   Code   RO         2296    .text               er-tft024-3_4-wire_spi.o
    0x0801b944   0x0801b944   0x00000154   Code   RO         2343    .text               key.o
    0x0801ba98   0x0801ba98   0x000005b0   Code   RO         2374    .text               commsub.o
    0x0801c048   0x0801c048   0x000026cc   Code   RO         2405    .text               scan.o
    0x0801e714   0x0801e714   0x000049d4   Code   RO         2522    .text               modbus.o
    0x080230e8   0x080230e8   0x00001838   Code   RO         2585    .text               main.o
    0x08024920   0x08024920   0x00000180   Code   RO         2642    .text               range.o
    0x08024aa0   0x08024aa0   0x000018bc   Code   RO         2659    .text               tstat_wifi.o
    0x0802635c   0x0802635c   0x000003e4   Code   RO         2690    .text               sntpc.o
    0x08026740   0x08026740   0x00000274   Code   RO         2713    .text               user_arm.o
    0x080269b4   0x080269b4   0x00000f8c   Code   RO         2728    .text               wifi.o
    0x08027940   0x08027940   0x00001088   Code   RO         2759    .text               bsp_esp8266.o
    0x080289c8   0x080289c8   0x00000154   Code   RO         2860    .text               menu.o
    0x08028b1c   0x08028b1c   0x00000ff8   Code   RO         2911    .text               menuidle.o
    0x08029b14   0x08029b14   0x00000284   Code   RO         2932    .text               menuset.o
    0x08029d98   0x08029d98   0x00000138   Code   RO         2988    .text               menumain.o
    0x08029ed0   0x08029ed0   0x00000818   Code   RO         3004    .text               menudayset.o
    0x0802a6e8   0x0802a6e8   0x00000610   Code   RO         3020    .text               exfuns.o
    0x0802acf8   0x0802acf8   0x000000a2   Code   RO         3063    .text               diskio.o
    0x0802ad9a   0x0802ad9a   0x00000002   PAD
    0x0802ad9c   0x0802ad9c   0x00001c92   Code   RO         3082    .text               ff.o
    0x0802ca2e   0x0802ca2e   0x000001a6   Code   RO         3098    .text               sensirion_common.o
    0x0802cbd4   0x0802cbd4   0x00000196   Code   RO         3111    .text               sensirion_sw_i2c.o
    0x0802cd6a   0x0802cd6a   0x00000002   PAD
    0x0802cd6c   0x0802cd6c   0x000000a4   Code   RO         3127    .text               sensirion_sw_i2c_implementation.o
    0x0802ce10   0x0802ce10   0x000004a4   Code   RO         3153    .text               sgp30.o
    0x0802d2b4   0x0802d2b4   0x00000158   Code   RO         3224    .text               voc.o
    0x0802d40c   0x0802d40c   0x000004fc   Code   RO         3245    .text               scd4x_i2c.o
    0x0802d908   0x0802d908   0x000000e0   Code   RO         3270    .text               scd4x_i2c_example_usage.o
    0x0802d9e8   0x0802d9e8   0x000001f4   Code   RO         3292    .text               sensirion_i2c.o
    0x0802dbdc   0x0802dbdc   0x000002fc   Code   RO         3305    .text               bacnet_ARM_revXX_mini.lib(ai.o)
    0x0802ded8   0x0802ded8   0x000004d4   Code   RO         3493    .text               bacnet_ARM_revXX_mini.lib(ao.o)
    0x0802e3ac   0x0802e3ac   0x00000488   Code   RO         3563    .text               bacnet_ARM_revXX_mini.lib(av.o)
    0x0802e834   0x0802e834   0x00000560   Code   RO         3584    .text               bacnet_ARM_revXX_mini.lib(address.o)
    0x0802ed94   0x0802ed94   0x00000488   Code   RO         3659    .text               bacnet_ARM_revXX_mini.lib(apdu.o)
    0x0802f21c   0x0802f21c   0x000002f4   Code   RO         3688    .text               bacnet_ARM_revXX_mini.lib(bi.o)
    0x0802f510   0x0802f510   0x000003d4   Code   RO         3710    .text               bacnet_ARM_revXX_mini.lib(bv.o)
    0x0802f8e4   0x0802f8e4   0x00000502   Code   RO         3727    .text               bacnet_ARM_revXX_mini.lib(bo.o)
    0x0802fde6   0x0802fde6   0x00000002   PAD
    0x0802fde8   0x0802fde8   0x000007b4   Code   RO         3868    .text               bacnet_ARM_revXX_mini.lib(bacapp.o)
    0x0803059c   0x0803059c   0x00000d4c   Code   RO         3895    .text               bacnet_ARM_revXX_mini.lib(bacdcode.o)
    0x080312e8   0x080312e8   0x00000138   Code   RO         3951    .text               bacnet_ARM_revXX_mini.lib(bacint.o)
    0x08031420   0x08031420   0x00000116   Code   RO         3963    .text               bacnet_ARM_revXX_mini.lib(bacreal.o)
    0x08031536   0x08031536   0x00000020   Code   RO         3976    .text               bacnet_ARM_revXX_mini.lib(bvlc.o)
    0x08031556   0x08031556   0x000000a4   Code   RO         3988    .text               bacnet_ARM_revXX_mini.lib(datalink.o)
    0x080315fa   0x080315fa   0x00000002   PAD
    0x080315fc   0x080315fc   0x00000918   Code   RO         4071    .text               bacnet_ARM_revXX_mini.lib(device.o)
    0x08031f14   0x08031f14   0x00000a94   Code   RO         4099    .text               bacnet_ARM_revXX_mini.lib(dlmstp.o)
    0x080329a8   0x080329a8   0x00000198   Code   RO         4141    .text               bacnet_ARM_revXX_mini.lib(fifo.o)
    0x08032b40   0x08032b40   0x000000d2   Code   RO         4157    .text               bacnet_ARM_revXX_mini.lib(h_iam.o)
    0x08032c12   0x08032c12   0x00000094   Code   RO         4169    .text               bacnet_ARM_revXX_mini.lib(h_npdu.o)
    0x08032ca6   0x08032ca6   0x00000002   PAD
    0x08032ca8   0x08032ca8   0x000002b0   Code   RO         4181    .text               bacnet_ARM_revXX_mini.lib(h_rp.o)
    0x08032f58   0x08032f58   0x00000048   Code   RO         4211    .text               bacnet_ARM_revXX_mini.lib(h_whois.o)
    0x08032fa0   0x08032fa0   0x00000188   Code   RO         4235    .text               bacnet_ARM_revXX_mini.lib(h_wp.o)
    0x08033128   0x08033128   0x00000054   Code   RO         4250    .text               bacnet_ARM_revXX_mini.lib(noserv.o)
    0x0803317c   0x0803317c   0x000000b4   Code   RO         4304    .text               bacnet_ARM_revXX_mini.lib(rs485.o)
    0x08033230   0x08033230   0x000000f8   Code   RO         4334    .text               bacnet_ARM_revXX_mini.lib(s_upt.o)
    0x08033328   0x08033328   0x00000274   Code   RO         4347    .text               bacnet_ARM_revXX_mini.lib(calendar.o)
    0x0803359c   0x0803359c   0x000004cc   Code   RO         4368    .text               bacnet_ARM_revXX_mini.lib(schedule.o)
    0x08033a68   0x08033a68   0x00000110   Code   RO         4389    .text               bacnet_ARM_revXX_mini.lib(s_rp.o)
    0x08033b78   0x08033b78   0x00000174   Code   RO         4410    .text               bacnet_ARM_revXX_mini.lib(s_wp.o)
    0x08033cec   0x08033cec   0x00000398   Code   RO         4422    .text               bacnet_ARM_revXX_mini.lib(h_rpm.o)
    0x08034084   0x08034084   0x00000134   Code   RO         4447    .text               bacnet_ARM_revXX_mini.lib(h_wpm.o)
    0x080341b8   0x080341b8   0x000001bc   Code   RO         4462    .text               bacnet_ARM_revXX_mini.lib(proprietary.o)
    0x08034374   0x08034374   0x00000340   Code   RO         4479    .text               bacnet_ARM_revXX_mini.lib(msv.o)
    0x080346b4   0x080346b4   0x0000089c   Code   RO         4503    .text               IO_control_ARM_revx.lib(inputs.o)
    0x08034f50   0x08034f50   0x0000007c   Code   RO         4530    .text               IO_control_ARM_revx.lib(outputs.o)
    0x08034fcc   0x08034fcc   0x00000058   Code   RO         4549    .text               bacnet_ARM_revXX_mini.lib(abort.o)
    0x08035024   0x08035024   0x0000009c   Code   RO         4561    .text               bacnet_ARM_revXX_mini.lib(bacaddr.o)
    0x080350c0   0x080350c0   0x000000be   Code   RO         4573    .text               bacnet_ARM_revXX_mini.lib(bacerror.o)
    0x0803517e   0x0803517e   0x00000002   PAD
    0x08035180   0x08035180   0x0000056c   Code   RO         4618    .text               bacnet_ARM_revXX_mini.lib(bacstr.o)
    0x080356ec   0x080356ec   0x0000004e   Code   RO         4633    .text               bacnet_ARM_revXX_mini.lib(crc.o)
    0x0803573a   0x0803573a   0x00000002   PAD
    0x0803573c   0x0803573c   0x000006b8   Code   RO         4645    .text               bacnet_ARM_revXX_mini.lib(datetime.o)
    0x08035df4   0x08035df4   0x0000012e   Code   RO         4705    .text               bacnet_ARM_revXX_mini.lib(iam.o)
    0x08035f22   0x08035f22   0x00000002   PAD
    0x08035f24   0x08035f24   0x000002b0   Code   RO         4718    .text               bacnet_ARM_revXX_mini.lib(npdu.o)
    0x080361d4   0x080361d4   0x00000068   Code   RO         4767    .text               bacnet_ARM_revXX_mini.lib(reject.o)
    0x0803623c   0x0803623c   0x00000244   Code   RO         4779    .text               bacnet_ARM_revXX_mini.lib(rp.o)
    0x08036480   0x08036480   0x000000ea   Code   RO         4791    .text               bacnet_ARM_revXX_mini.lib(s_iam.o)
    0x0803656a   0x0803656a   0x00000002   PAD
    0x0803656c   0x0803656c   0x00000108   Code   RO         4803    .text               bacnet_ARM_revXX_mini.lib(s_whois.o)
    0x08036674   0x08036674   0x0000026c   Code   RO         4816    .text               bacnet_ARM_revXX_mini.lib(tsm.o)
    0x080368e0   0x080368e0   0x000001a8   Code   RO         4841    .text               bacnet_ARM_revXX_mini.lib(whois.o)
    0x08036a88   0x08036a88   0x000001ba   Code   RO         4857    .text               bacnet_ARM_revXX_mini.lib(wp.o)
    0x08036c42   0x08036c42   0x000000a6   Code   RO         4869    .text               bacnet_ARM_revXX_mini.lib(bactimevalue.o)
    0x08036ce8   0x08036ce8   0x00000468   Code   RO         4882    .text               bacnet_ARM_revXX_mini.lib(rpm.o)
    0x08037150   0x08037150   0x00000316   Code   RO         4895    .text               bacnet_ARM_revXX_mini.lib(wpm.o)
    0x08037466   0x08037466   0x00000002   PAD
    0x08037468   0x08037468   0x00000164   Code   RO         4922    .text               bacnet_ARM_revXX_mini.lib(s_ts.o)
    0x080375cc   0x080375cc   0x000000a0   Code   RO         4935    .text               bacnet_ARM_revXX_mini.lib(h_ts.o)
    0x0803766c   0x0803766c   0x0000009a   Code   RO         4947    .text               bacnet_ARM_revXX_mini.lib(h_whohas.o)
    0x08037706   0x08037706   0x000001c2   Code   RO         4962    .text               bacnet_ARM_revXX_mini.lib(proplist.o)
    0x080378c8   0x080378c8   0x00000214   Code   RO         4978    .text               bacnet_ARM_revXX_mini.lib(timesync.o)
    0x08037adc   0x08037adc   0x00000084   Code   RO         4990    .text               bacnet_ARM_revXX_mini.lib(s_ihave.o)
    0x08037b60   0x08037b60   0x00000156   Code   RO         5005    .text               bacnet_ARM_revXX_mini.lib(whohas.o)
    0x08037cb6   0x08037cb6   0x000000ee   Code   RO         5020    .text               bacnet_ARM_revXX_mini.lib(ihave.o)
    0x08037da4   0x08037da4   0x00000024   Code   RO         5096    .text               mc_w.l(rand.o)
    0x08037dc8   0x08037dc8   0x00000024   Code   RO         5099    .text               mc_w.l(memcpya.o)
    0x08037dec   0x08037dec   0x00000024   Code   RO         5101    .text               mc_w.l(memseta.o)
    0x08037e10   0x08037e10   0x00000024   Code   RO         5103    .text               mc_w.l(strstr.o)
    0x08037e34   0x08037e34   0x00000014   Code   RO         5105    .text               mc_w.l(strchr.o)
    0x08037e48   0x08037e48   0x0000000e   Code   RO         5107    .text               mc_w.l(strlen.o)
    0x08037e56   0x08037e56   0x0000001c   Code   RO         5109    .text               mc_w.l(strcmp.o)
    0x08037e72   0x08037e72   0x00000014   Code   RO         5111    .text               mc_w.l(memchr.o)
    0x08037e86   0x08037e86   0x0000001a   Code   RO         5113    .text               mc_w.l(memcmp.o)
    0x08037ea0   0x08037ea0   0x00000012   Code   RO         5115    .text               mc_w.l(strcpy.o)
    0x08037eb2   0x08037eb2   0x00000002   PAD
    0x08037eb4   0x08037eb4   0x00000038   Code   RO         5408    .text               mc_w.l(__0sscanf.o)
    0x08037eec   0x08037eec   0x0000014c   Code   RO         5410    .text               mc_w.l(_scanf_int.o)
    0x08038038   0x08038038   0x00000070   Code   RO         5412    .text               mc_w.l(strtol.o)
    0x080380a8   0x080380a8   0x00000072   Code   RO         5414    .text               mc_w.l(strtoul.o)
    0x0803811a   0x0803811a   0x000000b0   Code   RO         5416    .text               mf_w.l(fadd.o)
    0x080381ca   0x080381ca   0x00000064   Code   RO         5418    .text               mf_w.l(fmul.o)
    0x0803822e   0x0803822e   0x0000007c   Code   RO         5420    .text               mf_w.l(fdiv.o)
    0x080382aa   0x080382aa   0x00000018   Code   RO         5422    .text               mf_w.l(fscalb.o)
    0x080382c2   0x080382c2   0x0000014e   Code   RO         5424    .text               mf_w.l(dadd.o)
    0x08038410   0x08038410   0x000000e4   Code   RO         5426    .text               mf_w.l(dmul.o)
    0x080384f4   0x080384f4   0x000000de   Code   RO         5428    .text               mf_w.l(ddiv.o)
    0x080385d2   0x080385d2   0x00000012   Code   RO         5430    .text               mf_w.l(fflti.o)
    0x080385e4   0x080385e4   0x0000000a   Code   RO         5432    .text               mf_w.l(ffltui.o)
    0x080385ee   0x080385ee   0x00000022   Code   RO         5434    .text               mf_w.l(dflti.o)
    0x08038610   0x08038610   0x0000001a   Code   RO         5436    .text               mf_w.l(dfltui.o)
    0x0803862a   0x0803862a   0x00000032   Code   RO         5438    .text               mf_w.l(ffixi.o)
    0x0803865c   0x0803865c   0x00000028   Code   RO         5440    .text               mf_w.l(ffixui.o)
    0x08038684   0x08038684   0x0000003e   Code   RO         5442    .text               mf_w.l(dfixi.o)
    0x080386c2   0x080386c2   0x00000032   Code   RO         5444    .text               mf_w.l(dfixui.o)
    0x080386f4   0x080386f4   0x00000026   Code   RO         5446    .text               mf_w.l(f2d.o)
    0x0803871a   0x0803871a   0x00000038   Code   RO         5448    .text               mf_w.l(d2f.o)
    0x08038752   0x08038752   0x00000002   PAD
    0x08038754   0x08038754   0x00000014   Code   RO         5450    .text               mf_w.l(cfcmple.o)
    0x08038768   0x08038768   0x0000002c   Code   RO         5499    .text               mc_w.l(uidiv.o)
    0x08038794   0x08038794   0x00000062   Code   RO         5501    .text               mc_w.l(uldiv.o)
    0x080387f6   0x080387f6   0x0000001e   Code   RO         5503    .text               mc_w.l(llshl.o)
    0x08038814   0x08038814   0x00000020   Code   RO         5505    .text               mc_w.l(llushr.o)
    0x08038834   0x08038834   0x00000024   Code   RO         5507    .text               mc_w.l(llsshr.o)
    0x08038858   0x08038858   0x00000008   Code   RO         5509    .text               mc_w.l(ctype_o.o)
    0x08038860   0x08038860   0x00000012   Code   RO         5531    .text               mc_w.l(isspace_o.o)
    0x08038872   0x08038872   0x0000001c   Code   RO         5546    .text               mc_w.l(_chval.o)
    0x0803888e   0x0803888e   0x00000002   PAD
    0x08038890   0x08038890   0x00000028   Code   RO         5548    .text               mc_w.l(scanf_char.o)
    0x080388b8   0x080388b8   0x00000040   Code   RO         5550    .text               mc_w.l(_sgetc.o)
    0x080388f8   0x080388f8   0x0000009e   Code   RO         5552    .text               mc_w.l(_strtoul.o)
    0x08038996   0x08038996   0x00000002   PAD
    0x08038998   0x08038998   0x0000009c   Code   RO         5554    .text               mc_w.l(strtod.o)
    0x08038a34   0x08038a34   0x0000006e   Code   RO         5557    .text               mf_w.l(fepilogue.o)
    0x08038aa2   0x08038aa2   0x000000ba   Code   RO         5559    .text               mf_w.l(depilogue.o)
    0x08038b5c   0x08038b5c   0x0000002e   Code   RO         5561    .text               mf_w.l(dscalb.o)
    0x08038b8a   0x08038b8a   0x000000a2   Code   RO         5563    .text               mf_w.l(dsqrt.o)
    0x08038c2c   0x08038c2c   0x00000030   Code   RO         5565    .text               mf_w.l(dfixul.o)
    0x08038c5c   0x08038c5c   0x00000030   Code   RO         5567    .text               mf_w.l(cdcmple.o)
    0x08038c8c   0x08038c8c   0x00000030   Code   RO         5569    .text               mf_w.l(cdrcmple.o)
    0x08038cbc   0x08038cbc   0x00000024   Code   RO         5571    .text               mc_w.l(init.o)
    0x08038ce0   0x08038ce0   0x0000032c   Code   RO         5575    .text               mc_w.l(_scanf.o)
    0x0803900c   0x0803900c   0x00000360   Code   RO         5577    .text               mc_w.l(scanf_fp.o)
    0x0803936c   0x0803936c   0x00000018   Code   RO         5584    .text               mf_w.l(dfltul.o)
    0x08039384   0x08039384   0x00000056   Code   RO         5594    .text               mc_w.l(__dczerorl2.o)
    0x080393da   0x080393da   0x00000002   PAD
    0x080393dc   0x080393dc   0x00000020   Code   RO         5352    i.__0printf         mc_w.l(printfa.o)
    0x080393fc   0x080393fc   0x00000028   Code   RO         5354    i.__0sprintf        mc_w.l(printfa.o)
    0x08039424   0x08039424   0x00000028   Code   RO         5469    i.__ARM_fpclassify  m_ws.l(fpclassify.o)
    0x0803944c   0x0803944c   0x00000008   Code   RO         5539    i.__aeabi_errno_addr  mc_w.l(errno.o)
    0x08039454   0x08039454   0x00000388   Code   RO         5474    i.__ieee754_rem_pio2  m_ws.l(rred.o)
    0x080397dc   0x080397dc   0x000000fc   Code   RO         5452    i.__kernel_cos      m_ws.l(cos_i.o)
    0x080398d8   0x080398d8   0x000000aa   Code   RO         5471    i.__kernel_poly     m_ws.l(poly.o)
    0x08039982   0x08039982   0x00000002   PAD
    0x08039984   0x08039984   0x000000ec   Code   RO         5479    i.__kernel_sin      m_ws.l(sin_i.o)
    0x08039a70   0x08039a70   0x00000010   Code   RO         5455    i.__mathlib_dbl_divzero  m_ws.l(dunder.o)
    0x08039a80   0x08039a80   0x00000006   Code   RO         5456    i.__mathlib_dbl_infnan  m_ws.l(dunder.o)
    0x08039a86   0x08039a86   0x00000004   Code   RO         5457    i.__mathlib_dbl_infnan2  m_ws.l(dunder.o)
    0x08039a8a   0x08039a8a   0x0000000c   Code   RO         5458    i.__mathlib_dbl_invalid  m_ws.l(dunder.o)
    0x08039a96   0x08039a96   0x0000000e   Code   RO         5459    i.__mathlib_dbl_overflow  m_ws.l(dunder.o)
    0x08039aa4   0x08039aa4   0x00000010   Code   RO         5461    i.__mathlib_dbl_underflow  m_ws.l(dunder.o)
    0x08039ab4   0x08039ab4   0x0000000e   Code   RO         5588    i.__scatterload_copy  mc_w.l(handlers.o)
    0x08039ac2   0x08039ac2   0x0000000e   Code   RO         5590    i.__scatterload_zeroinit  mc_w.l(handlers.o)
    0x08039ad0   0x08039ad0   0x0000000c   Code   RO         5541    i.__set_errno       mc_w.l(errno.o)
    0x08039adc   0x08039adc   0x00000184   Code   RO         5359    i._fp_digits        mc_w.l(printfa.o)
    0x08039c60   0x08039c60   0x0000000e   Code   RO         5579    i._is_digit         mc_w.l(scanf_fp.o)
    0x08039c6e   0x08039c6e   0x00000002   PAD
    0x08039c70   0x08039c70   0x000006dc   Code   RO         5360    i._printf_core      mc_w.l(printfa.o)
    0x0803a34c   0x0803a34c   0x00000024   Code   RO         5361    i._printf_post_padding  mc_w.l(printfa.o)
    0x0803a370   0x0803a370   0x0000002e   Code   RO         5362    i._printf_pre_padding  mc_w.l(printfa.o)
    0x0803a39e   0x0803a39e   0x0000000a   Code   RO         5364    i._sputc            mc_w.l(printfa.o)
    0x0803a3a8   0x0803a3a8   0x0000009c   Code   RO         5036    i.cos               m_ws.l(cos.o)
    0x0803a444   0x0803a444   0x00000284   Code   RO         5044    i.exp               m_ws.l(exp.o)
    0x0803a6c8   0x0803a6c8   0x00000050   Code   RO         5380    i.free              mc_w.l(malloc.o)
    0x0803a718   0x0803a718   0x0000035c   Code   RO         5054    i.log               m_ws.l(log.o)
    0x0803aa74   0x0803aa74   0x0000006c   Code   RO         5381    i.malloc            mc_w.l(malloc.o)
    0x0803aae0   0x0803aae0   0x000009d8   Code   RO         5064    i.pow               m_ws.l(pow.o)
    0x0803b4b8   0x0803b4b8   0x000000a0   Code   RO         5074    i.sin               m_ws.l(sin.o)
    0x0803b558   0x0803b558   0x0000004c   Code   RO         5082    i.sqrt              m_ws.l(sqrt.o)
    0x0803b5a4   0x0803b5a4   0x0000001c   Code   RO         5090    i.strtod            m_ws.l(strtod.o)
    0x0803b5c0   0x0803b5c0   0x00000018   Data   RO         1187    .constdata          rtc.o
    0x0803b5d8   0x0803b5d8   0x0000005a   Data   RO         2189    .constdata          user_data.o
    0x0803b632   0x0803b632   0x0000000f   Data   RO         2190    .constdata          user_data.o
    0x0803b641   0x0803b641   0x00000001   PAD
    0x0803b642   0x0803b642   0x0000fd24   Data   RO         2302    .constdata          er-tft024-3_4-wire_spi.o
    0x0804b366   0x0804b366   0x000002a4   Data   RO         2303    .constdata          er-tft024-3_4-wire_spi.o
    0x0804b60a   0x0804b60a   0x000002a4   Data   RO         2304    .constdata          er-tft024-3_4-wire_spi.o
    0x0804b8ae   0x0804b8ae   0x00000548   Data   RO         2305    .constdata          er-tft024-3_4-wire_spi.o
    0x0804bdf6   0x0804bdf6   0x00000548   Data   RO         2306    .constdata          er-tft024-3_4-wire_spi.o
    0x0804c33e   0x0804c33e   0x00000548   Data   RO         2307    .constdata          er-tft024-3_4-wire_spi.o
    0x0804c886   0x0804c886   0x00000548   Data   RO         2308    .constdata          er-tft024-3_4-wire_spi.o
    0x0804cdce   0x0804cdce   0x00000548   Data   RO         2309    .constdata          er-tft024-3_4-wire_spi.o
    0x0804d316   0x0804d316   0x00000548   Data   RO         2310    .constdata          er-tft024-3_4-wire_spi.o
    0x0804d85e   0x0804d85e   0x00000200   Data   RO         2526    .constdata          modbus.o
    0x0804da5e   0x0804da5e   0x0000000f   Data   RO         2645    .constdata          range.o
    0x0804da6d   0x0804da6d   0x00000018   Data   RO         2693    .constdata          sntpc.o
    0x0804da85   0x0804da85   0x00000060   Data   RO         2965    .constdata          constcode.o
    0x0804dae5   0x0804dae5   0x0000008c   Data   RO         2989    .constdata          menumain.o
    0x0804db71   0x0804db71   0x00000001   PAD
    0x0804db72   0x0804db72   0x0000002c   Data   RO         3083    .constdata          ff.o
    0x0804db9e   0x0804db9e   0x00000002   PAD
    0x0804dba0   0x0804dba0   0x00000010   Data   RO         3155    .constdata          sgp30.o
    0x0804dbb0   0x0804dbb0   0x00000001   Data   RO         3180    .constdata          sgp30_featureset.o
    0x0804dbb1   0x0804dbb1   0x00000001   Data   RO         3181    .constdata          sgp30_featureset.o
    0x0804dbb2   0x0804dbb2   0x00000001   Data   RO         3182    .constdata          sgp30_featureset.o
    0x0804dbb3   0x0804dbb3   0x00000001   PAD
    0x0804dbb4   0x0804dbb4   0x00000024   Data   RO         3183    .constdata          sgp30_featureset.o
    0x0804dbd8   0x0804dbd8   0x00000024   Data   RO         3184    .constdata          sgp30_featureset.o
    0x0804dbfc   0x0804dbfc   0x00000024   Data   RO         3185    .constdata          sgp30_featureset.o
    0x0804dc20   0x0804dc20   0x00000024   Data   RO         3186    .constdata          sgp30_featureset.o
    0x0804dc44   0x0804dc44   0x00000024   Data   RO         3187    .constdata          sgp30_featureset.o
    0x0804dc68   0x0804dc68   0x00000024   Data   RO         3188    .constdata          sgp30_featureset.o
    0x0804dc8c   0x0804dc8c   0x00000030   Data   RO         3189    .constdata          sgp30_featureset.o
    0x0804dcbc   0x0804dcbc   0x00000030   Data   RO         3190    .constdata          sgp30_featureset.o
    0x0804dcec   0x0804dcec   0x00000030   Data   RO         3191    .constdata          sgp30_featureset.o
    0x0804dd1c   0x0804dd1c   0x00000030   Data   RO         3192    .constdata          sgp30_featureset.o
    0x0804dd4c   0x0804dd4c   0x00000030   Data   RO         3193    .constdata          sgp30_featureset.o
    0x0804dd7c   0x0804dd7c   0x00000030   Data   RO         3194    .constdata          sgp30_featureset.o
    0x0804ddac   0x0804ddac   0x00000030   Data   RO         3195    .constdata          sgp30_featureset.o
    0x0804dddc   0x0804dddc   0x00000030   Data   RO         3196    .constdata          sgp30_featureset.o
    0x0804de0c   0x0804de0c   0x00000002   Data   RO         3197    .constdata          sgp30_featureset.o
    0x0804de0e   0x0804de0e   0x00000002   Data   RO         3198    .constdata          sgp30_featureset.o
    0x0804de10   0x0804de10   0x00000002   Data   RO         3199    .constdata          sgp30_featureset.o
    0x0804de12   0x0804de12   0x00000002   PAD
    0x0804de14   0x0804de14   0x00000010   Data   RO         3200    .constdata          sgp30_featureset.o
    0x0804de24   0x0804de24   0x00000010   Data   RO         3201    .constdata          sgp30_featureset.o
    0x0804de34   0x0804de34   0x00000010   Data   RO         3202    .constdata          sgp30_featureset.o
    0x0804de44   0x0804de44   0x00000008   Data   RO         3203    .constdata          sgp30_featureset.o
    0x0804de4c   0x0804de4c   0x0000002c   Data   RO         3306    .constdata          bacnet_ARM_revXX_mini.lib(ai.o)
    0x0804de78   0x0804de78   0x00000034   Data   RO         3494    .constdata          bacnet_ARM_revXX_mini.lib(ao.o)
    0x0804deac   0x0804deac   0x00000020   Data   RO         3564    .constdata          bacnet_ARM_revXX_mini.lib(av.o)
    0x0804decc   0x0804decc   0x0000002c   Data   RO         3690    .constdata          bacnet_ARM_revXX_mini.lib(bi.o)
    0x0804def8   0x0804def8   0x00000030   Data   RO         3711    .constdata          bacnet_ARM_revXX_mini.lib(bv.o)
    0x0804df28   0x0804df28   0x00000040   Data   RO         3728    .constdata          bacnet_ARM_revXX_mini.lib(bo.o)
    0x0804df68   0x0804df68   0x00000080   Data   RO         4073    .constdata          bacnet_ARM_revXX_mini.lib(device.o)
    0x0804dfe8   0x0804dfe8   0x00000020   Data   RO         4348    .constdata          bacnet_ARM_revXX_mini.lib(calendar.o)
    0x0804e008   0x0804e008   0x00000040   Data   RO         4369    .constdata          bacnet_ARM_revXX_mini.lib(schedule.o)
    0x0804e048   0x0804e048   0x00000014   Data   RO         4463    .constdata          bacnet_ARM_revXX_mini.lib(proprietary.o)
    0x0804e05c   0x0804e05c   0x00000034   Data   RO         4480    .constdata          bacnet_ARM_revXX_mini.lib(msv.o)
    0x0804e090   0x0804e090   0x00000232   Data   RO         4505    .constdata          IO_control_ARM_revx.lib(inputs.o)
    0x0804e2c2   0x0804e2c2   0x00000100   Data   RO         4619    .constdata          bacnet_ARM_revXX_mini.lib(bacstr.o)
    0x0804e3c2   0x0804e3c2   0x00000002   PAD
    0x0804e3c4   0x0804e3c4   0x00000034   Data   RO         4646    .constdata          bacnet_ARM_revXX_mini.lib(datetime.o)
    0x0804e3f8   0x0804e3f8   0x00000058   Data   RO         5045    .constdata          m_ws.l(exp.o)
    0x0804e450   0x0804e450   0x00000038   Data   RO         5055    .constdata          m_ws.l(log.o)
    0x0804e488   0x0804e488   0x00000088   Data   RO         5065    .constdata          m_ws.l(pow.o)
    0x0804e510   0x0804e510   0x00000030   Data   RO         5453    .constdata          m_ws.l(cos_i.o)
    0x0804e540   0x0804e540   0x00000008   Data   RO         5473    .constdata          m_ws.l(qnan.o)
    0x0804e548   0x0804e548   0x000000c8   Data   RO         5476    .constdata          m_ws.l(rred.o)
    0x0804e610   0x0804e610   0x00000028   Data   RO         5480    .constdata          m_ws.l(sin_i.o)
    0x0804e638   0x0804e638   0x00000081   Data   RO         5510    .constdata          mc_w.l(ctype_o.o)
    0x0804e6b9   0x0804e6b9   0x00000003   PAD
    0x0804e6bc   0x0804e6bc   0x00000004   Data   RO         5511    .constdata          mc_w.l(ctype_o.o)
    0x0804e6c0   0x0804e6c0   0x00000006   Data   RO         3140    .conststring        sgp_git_version.o
    0x0804e6c6   0x0804e6c6   0x00000002   PAD
    0x0804e6c8   0x0804e6c8   0x00000020   Data   RO         5586    Region$$Table       anon$$obj.o


    Execution Region RW_IRAM1 (Exec base: 0x20000000, Load base: 0x0804e9c4, Size: 0x00000000, Max: 0x00080000, ABSOLUTE)

    **** No section assigned to this execution region ****


    Execution Region RW_RAM1 (Exec base: 0x60000000, Load base: 0x0804e6e8, Size: 0x0007a560, Max: 0x00800000, ABSOLUTE, COMPRESSED[0x000002dc])

    Exec Addr    Load Addr    Size         Type   Attr      Idx    E Section Name        Object

    0x60000000   COMPRESSED   0x00000014   Data   RW          509    .data               system_stm32f10x.o
    0x60000014   COMPRESSED   0x00000014   Data   RW          743    .data               stm32f10x_rcc.o
    0x60000028   COMPRESSED   0x00000004   Data   RW         1070    .data               stmflash.o
    0x6000002c   COMPRESSED   0x00000008   Data   RW         1107    .data               timerx.o
    0x60000034   COMPRESSED   0x00000002   Data   RW         1188    .data               rtc.o
    0x60000036   COMPRESSED   0x00000001   Data   RW         1231    .data               mmc_sd.o
    0x60000037   COMPRESSED   0x00000002   Data   RW         1378    .data               sht3x.o
    0x60000039   COMPRESSED   0x00000001   PAD
    0x6000003a   COMPRESSED   0x00000004   Data   RW         1410    .data               sht4x.o
    0x6000003e   COMPRESSED   0x00000001   Data   RW         1440    .data               sht4x_example_usage.o
    0x6000003f   COMPRESSED   0x00000001   PAD
    0x60000040   COMPRESSED   0x0000003c   Data   RW         1459    .data               tasks.o
    0x6000007c   COMPRESSED   0x00000004   Data   RW         1565    .data               port.o
    0x60000080   COMPRESSED   0x00000018   Data   RW         1601    .data               heap_2.o
    0x60000098   COMPRESSED   0x00000004   Data   RW         1619    .data               usart.o
    0x6000009c   COMPRESSED   0x00000004   Data   RW         1677    .data               delay.o
    0x600000a0   COMPRESSED   0x0000002a   Data   RW         1698    .data               bac_interface.o
    0x600000ca   COMPRESSED   0x00000002   PAD
    0x600000cc   COMPRESSED   0x00000018   Data   RW         1735    .data               bip.o
    0x600000e4   COMPRESSED   0x00000018   Data   RW         1989    .data               bac_control.o
    0x600000fc   COMPRESSED   0x00000002   Data   RW         1991    .data               bac_control.o
    0x600000fe   COMPRESSED   0x00000002   PAD
    0x60000100   COMPRESSED   0x0000000c   Data   RW         2036    .data               decode.o
    0x6000010c   COMPRESSED   0x00000004   Data   RW         2037    .data               decode.o
    0x60000110   COMPRESSED   0x00000010   Data   RW         2073    .data               monitor.o
    0x60000120   COMPRESSED   0x00000004   Data   RW         2074    .data               monitor.o
    0x60000124   COMPRESSED   0x00000014   Data   RW         2141    .data               ptransfer.o
    0x60000138   COMPRESSED   0x0000002c   Data   RW         2193    .data               user_data.o
    0x60000164   COMPRESSED   0x00000005   Data   RW         2194    .data               user_data.o
    0x60000169   COMPRESSED   0x00000004   Data   RW         2195    .data               user_data.o
    0x6000016d   COMPRESSED   0x00000001   Data   RW         2196    .data               user_data.o
    0x6000016e   COMPRESSED   0x00000001   Data   RW         2197    .data               user_data.o
    0x6000016f   COMPRESSED   0x00000001   Data   RW         2198    .data               user_data.o
    0x60000170   COMPRESSED   0x00000001   Data   RW         2199    .data               user_data.o
    0x60000171   COMPRESSED   0x00000001   Data   RW         2202    .data               user_data.o
    0x60000172   COMPRESSED   0x00000002   PAD
    0x60000174   COMPRESSED   0x00000004   Data   RW         2203    .data               user_data.o
    0x60000178   COMPRESSED   0x00000004   Data   RW         2204    .data               user_data.o
    0x6000017c   COMPRESSED   0x00000004   Data   RW         2205    .data               user_data.o
    0x60000180   COMPRESSED   0x00000004   Data   RW         2206    .data               user_data.o
    0x60000184   COMPRESSED   0x00000004   Data   RW         2207    .data               user_data.o
    0x60000188   COMPRESSED   0x00000004   Data   RW         2208    .data               user_data.o
    0x6000018c   COMPRESSED   0x00000004   Data   RW         2209    .data               user_data.o
    0x60000190   COMPRESSED   0x00000004   Data   RW         2210    .data               user_data.o
    0x60000194   COMPRESSED   0x00000004   Data   RW         2212    .data               user_data.o
    0x60000198   COMPRESSED   0x00000001   Data   RW         2213    .data               user_data.o
    0x60000199   COMPRESSED   0x00000001   Data   RW         2214    .data               user_data.o
    0x6000019a   COMPRESSED   0x00000001   Data   RW         2215    .data               user_data.o
    0x6000019b   COMPRESSED   0x00000005   Data   RW         2216    .data               user_data.o
    0x600001a0   COMPRESSED   0x0000006c   Data   RW         2311    .data               er-tft024-3_4-wire_spi.o
    0x6000020c   COMPRESSED   0x00000018   Data   RW         2345    .data               key.o
    0x60000224   COMPRESSED   0x00000004   Data   RW         2383    .data               commsub.o
    0x60000228   COMPRESSED   0x00000001   Data   RW         2384    .data               commsub.o
    0x60000229   COMPRESSED   0x00000001   Data   RW         2385    .data               commsub.o
    0x6000022a   COMPRESSED   0x00000001   Data   RW         2386    .data               commsub.o
    0x6000022b   COMPRESSED   0x00000001   Data   RW         2387    .data               commsub.o
    0x6000022c   COMPRESSED   0x00000040   Data   RW         2408    .data               scan.o
    0x6000026c   COMPRESSED   0x00000001   Data   RW         2409    .data               scan.o
    0x6000026d   COMPRESSED   0x00000001   Data   RW         2410    .data               scan.o
    0x6000026e   COMPRESSED   0x00000001   Data   RW         2415    .data               scan.o
    0x6000026f   COMPRESSED   0x00000001   Data   RW         2416    .data               scan.o
    0x60000270   COMPRESSED   0x0000007c   Data   RW         2527    .data               modbus.o
    0x600002ec   COMPRESSED   0x00000001   Data   RW         2532    .data               modbus.o
    0x600002ed   COMPRESSED   0x00000001   Data   RW         2533    .data               modbus.o
    0x600002ee   COMPRESSED   0x00000001   Data   RW         2534    .data               modbus.o
    0x600002ef   COMPRESSED   0x00000003   Data   RW         2536    .data               modbus.o
    0x600002f2   COMPRESSED   0x00000003   Data   RW         2537    .data               modbus.o
    0x600002f5   COMPRESSED   0x00000001   PAD
    0x600002f6   COMPRESSED   0x00000002   Data   RW         2538    .data               modbus.o
    0x600002f8   COMPRESSED   0x00000001   Data   RW         2539    .data               modbus.o
    0x600002f9   COMPRESSED   0x00000003   PAD
    0x600002fc   COMPRESSED   0x00000048   Data   RW         2590    .data               main.o
    0x60000344   COMPRESSED   0x00000002   Data   RW         2601    .data               main.o
    0x60000346   COMPRESSED   0x00000001   Data   RW         2602    .data               main.o
    0x60000347   COMPRESSED   0x00000001   Data   RW         2603    .data               main.o
    0x60000348   COMPRESSED   0x00000004   Data   RW         2604    .data               main.o
    0x6000034c   COMPRESSED   0x00000004   Data   RW         2605    .data               main.o
    0x60000350   COMPRESSED   0x00000004   Data   RW         2606    .data               main.o
    0x60000354   COMPRESSED   0x00000054   Data   RW         2664    .data               tstat_wifi.o
    0x600003a8   COMPRESSED   0x00000002   Data   RW         2665    .data               tstat_wifi.o
    0x600003aa   COMPRESSED   0x00000002   Data   RW         2666    .data               tstat_wifi.o
    0x600003ac   COMPRESSED   0x0000000a   Data   RW         2694    .data               sntpc.o
    0x600003b6   COMPRESSED   0x00000001   Data   RW         2695    .data               sntpc.o
    0x600003b7   COMPRESSED   0x00000001   PAD
    0x600003b8   COMPRESSED   0x00000018   Data   RW         2732    .data               wifi.o
    0x600003d0   COMPRESSED   0x00000001   Data   RW         2735    .data               wifi.o
    0x600003d1   COMPRESSED   0x00000003   PAD
    0x600003d4   COMPRESSED   0x0000006c   Data   RW         2864    .data               menu.o
    0x60000440   COMPRESSED   0x00000015   Data   RW         2913    .data               menuidle.o
    0x60000455   COMPRESSED   0x00000001   PAD
    0x60000456   COMPRESSED   0x00000006   Data   RW         2933    .data               menuset.o
    0x6000045c   COMPRESSED   0x00000044   Data   RW         3005    .data               menudayset.o
    0x600004a0   COMPRESSED   0x00000014   Data   RW         3025    .data               exfuns.o
    0x600004b4   COMPRESSED   0x00000008   Data   RW         3084    .data               ff.o
    0x600004bc   COMPRESSED   0x00000004   Data   RW         3141    .data               sgp_git_version.o
    0x600004c0   COMPRESSED   0x00000008   Data   RW         3204    .data               sgp30_featureset.o
    0x600004c8   COMPRESSED   0x00000004   Data   RW         3205    .data               sgp30_featureset.o
    0x600004cc   COMPRESSED   0x00000008   Data   RW         3206    .data               sgp30_featureset.o
    0x600004d4   COMPRESSED   0x00000008   Data   RW         3207    .data               sgp30_featureset.o
    0x600004dc   COMPRESSED   0x00000014   Data   RW         3208    .data               sgp30_featureset.o
    0x600004f0   COMPRESSED   0x00000018   Data   RW         3209    .data               sgp30_featureset.o
    0x60000508   COMPRESSED   0x00000020   Data   RW         3210    .data               sgp30_featureset.o
    0x60000528   COMPRESSED   0x0000000c   Data   RW         3211    .data               sgp30_featureset.o
    0x60000534   COMPRESSED   0x0000000c   Data   RW         3226    .data               voc.o
    0x60000540   COMPRESSED   0x00000002   Data   RW         3271    .data               scd4x_i2c_example_usage.o
    0x60000542   COMPRESSED   0x00000001   Data   RW         3307    .data               bacnet_ARM_revXX_mini.lib(ai.o)
    0x60000543   COMPRESSED   0x00000001   Data   RW         3495    .data               bacnet_ARM_revXX_mini.lib(ao.o)
    0x60000544   COMPRESSED   0x00000001   Data   RW         3565    .data               bacnet_ARM_revXX_mini.lib(av.o)
    0x60000545   COMPRESSED   0x00000003   PAD
    0x60000548   COMPRESSED   0x00000039   Data   RW         3661    .data               bacnet_ARM_revXX_mini.lib(apdu.o)
    0x60000581   COMPRESSED   0x00000001   Data   RW         3691    .data               bacnet_ARM_revXX_mini.lib(bi.o)
    0x60000582   COMPRESSED   0x00000001   Data   RW         3712    .data               bacnet_ARM_revXX_mini.lib(bv.o)
    0x60000583   COMPRESSED   0x00000001   Data   RW         3729    .data               bacnet_ARM_revXX_mini.lib(bo.o)
    0x60000584   COMPRESSED   0x0000000c   Data   RW         3869    .data               bacnet_ARM_revXX_mini.lib(bacapp.o)
    0x60000590   COMPRESSED   0x000002a8   Data   RW         4074    .data               bacnet_ARM_revXX_mini.lib(device.o)
    0x60000838   COMPRESSED   0x00000034   Data   RW         4101    .data               bacnet_ARM_revXX_mini.lib(dlmstp.o)
    0x6000086c   COMPRESSED   0x00000001   Data   RW         4212    .data               bacnet_ARM_revXX_mini.lib(h_whois.o)
    0x6000086d   COMPRESSED   0x00000001   Data   RW         4213    .data               bacnet_ARM_revXX_mini.lib(h_whois.o)
    0x6000086e   COMPRESSED   0x00000001   Data   RW         4215    .data               bacnet_ARM_revXX_mini.lib(h_whois.o)
    0x6000086f   COMPRESSED   0x00000001   Data   RW         4217    .data               bacnet_ARM_revXX_mini.lib(h_whois.o)
    0x60000870   COMPRESSED   0x00000002   Data   RW         4308    .data               bacnet_ARM_revXX_mini.lib(rs485.o)
    0x60000872   COMPRESSED   0x00000001   Data   RW         4349    .data               bacnet_ARM_revXX_mini.lib(calendar.o)
    0x60000873   COMPRESSED   0x00000001   PAD
    0x60000874   COMPRESSED   0x0000000e   Data   RW         4370    .data               bacnet_ARM_revXX_mini.lib(schedule.o)
    0x60000882   COMPRESSED   0x00000001   Data   RW         4464    .data               bacnet_ARM_revXX_mini.lib(proprietary.o)
    0x60000883   COMPRESSED   0x00000001   Data   RW         4481    .data               bacnet_ARM_revXX_mini.lib(msv.o)
    0x60000884   COMPRESSED   0x00000001   Data   RW         4818    .data               bacnet_ARM_revXX_mini.lib(tsm.o)
    0x60000885   COMPRESSED   0x00000003   PAD
    0x60000888   COMPRESSED   0x00000004   Data   RW         5097    .data               mc_w.l(rand.o)
    0x6000088c   COMPRESSED   0x00000004   Data   RW         5537    .data               mc_w.l(mvars.o)
    0x60000890   COMPRESSED   0x00000004   Data   RW         5538    .data               mc_w.l(mvars.o)
    0x60000894   COMPRESSED   0x00000004   Data   RW         5542    .data               mc_w.l(errno.o)
    0x60000898        -       0x00001000   Zero   RW         1069    .bss                stmflash.o
    0x60001898        -       0x0000000a   Zero   RW         1186    .bss                rtc.o
    0x600018a2   COMPRESSED   0x00000002   PAD
    0x600018a4        -       0x000001f4   Zero   RW         1458    .bss                tasks.o
    0x60001a98        -       0x0000f000   Zero   RW         1600    .bss                heap_2.o
    0x60010a98        -       0x00000600   Zero   RW         1697    .bss                bac_interface.o
    0x60011098        -       0x00000140   Zero   RW         1988    .bss                bac_control.o
    0x600111d8        -       0x000052e4   Zero   RW         2072    .bss                monitor.o
    0x600164bc        -       0x00000a00   Zero   RW         2105    .bss                point.o
    0x60016ebc        -       0x00008870   Zero   RW         2137    .bss                ptransfer.o
    0x6001f72c        -       0x00000064   Zero   RW         2139    .bss                ptransfer.o
    0x6001f790        -       0x00000258   Zero   RW         2140    .bss                ptransfer.o
    0x6001f9e8        -       0x00010e20   Zero   RW         2182    .bss                user_data.o
    0x60030808        -       0x00000190   Zero   RW         2183    .bss                user_data.o
    0x60030998        -       0x00000040   Zero   RW         2184    .bss                user_data.o
    0x600309d8        -       0x00000100   Zero   RW         2185    .bss                user_data.o
    0x60030ad8        -       0x00000100   Zero   RW         2186    .bss                user_data.o
    0x60030bd8        -       0x00000050   Zero   RW         2187    .bss                user_data.o
    0x60030c28        -       0x0000005e   Zero   RW         2188    .bss                user_data.o
    0x60030c86   COMPRESSED   0x00000002   PAD
    0x60030c88        -       0x00000120   Zero   RW         2261    .bss                io.o
    0x60030da8        -       0x00004e9a   Zero   RW         2274    .bss                flash_user.o
    0x60035c42        -       0x00000024   Zero   RW         2298    .bss                er-tft024-3_4-wire_spi.o
    0x60035c66        -       0x000000fe   Zero   RW         2375    .bss                commsub.o
    0x60035d64        -       0x000000fe   Zero   RW         2376    .bss                commsub.o
    0x60035e62        -       0x000000fe   Zero   RW         2377    .bss                commsub.o
    0x60035f60        -       0x00000be8   Zero   RW         2378    .bss                commsub.o
    0x60036b48        -       0x000032ad   Zero   RW         2406    .bss                scan.o
    0x60039df5   COMPRESSED   0x00000003   PAD
    0x60039df8        -       0x00001190   Zero   RW         2523    .bss                modbus.o
    0x6003af88        -       0x00000040   Zero   RW         2524    .bss                modbus.o
    0x6003afc8        -       0x00000040   Zero   RW         2525    .bss                modbus.o
    0x6003b008        -       0x000002e8   Zero   RW         2586    .bss                main.o
    0x6003b2f0        -       0x000001a0   Zero   RW         2643    .bss                range.o
    0x6003b490        -       0x00000048   Zero   RW         2660    .bss                tstat_wifi.o
    0x6003b4d8        -       0x00000010   Zero   RW         2661    .bss                tstat_wifi.o
    0x6003b4e8        -       0x0000000a   Zero   RW         2663    .bss                tstat_wifi.o
    0x6003b4f2        -       0x0000001c   Zero   RW         2691    .bss                sntpc.o
    0x6003b50e        -       0x0000001e   Zero   RW         2692    .bss                sntpc.o
    0x6003b52c        -       0x00000014   Zero   RW         2714    .bss                user_arm.o
    0x6003b540        -       0x00009c78   Zero   RW         2729    .bss                wifi.o
    0x600451b8        -       0x00000402   Zero   RW         2760    .bss                bsp_esp8266.o
    0x600455ba        -       0x0000000e   Zero   RW         2863    .bss                menu.o
    0x600455c8        -       0x00000009   Zero   RW         2912    .bss                menuidle.o
    0x600455d1        -       0x00006aee   Zero   RW         3024    .bss                exfuns.o
    0x6004c0bf   COMPRESSED   0x00000001   PAD
    0x6004c0c0        -       0x00000038   Zero   RW         3154    .bss                sgp30.o
    0x6004c0f8        -       0x0000000a   Zero   RW         3225    .bss                voc.o
    0x6004c102   COMPRESSED   0x00000002   PAD
    0x6004c104        -       0x000023dc   Zero   RW         3585    .bss                bacnet_ARM_revXX_mini.lib(address.o)
    0x6004e4e0        -       0x00000194   Zero   RW         3660    .bss                bacnet_ARM_revXX_mini.lib(apdu.o)
    0x6004e674        -       0x00000040   Zero   RW         3689    .bss                bacnet_ARM_revXX_mini.lib(bi.o)
    0x6004e6b4        -       0x00000272   Zero   RW         4100    .bss                bacnet_ARM_revXX_mini.lib(dlmstp.o)
    0x6004e926   COMPRESSED   0x00000002   PAD
    0x6004e928        -       0x00000270   Zero   RW         4236    .bss                bacnet_ARM_revXX_mini.lib(h_wp.o)
    0x6004eb98        -       0x00000210   Zero   RW         4305    .bss                bacnet_ARM_revXX_mini.lib(rs485.o)
    0x6004eda8        -       0x00000258   Zero   RW         4423    .bss                bacnet_ARM_revXX_mini.lib(h_rpm.o)
    0x6004f000        -       0x00000dcd   Zero   RW         4504    .bss                IO_control_ARM_revx.lib(inputs.o)
    0x6004fdcd        -       0x00000b40   Zero   RW         4531    .bss                IO_control_ARM_revx.lib(outputs.o)
    0x6005090d   COMPRESSED   0x00000003   PAD
    0x60050910        -       0x00029568   Zero   RW         4817    .bss                bacnet_ARM_revXX_mini.lib(tsm.o)
    0x60079e78        -       0x000004e4   Zero   RW         4832    .bss                bacnet_ARM_revXX_mini.lib(txbuf.o)
    0x6007a35c   COMPRESSED   0x00000004   PAD
    0x6007a360        -       0x00000200   Zero   RW          870    HEAP                startup_stm32f10x_hd.o


==============================================================================

Image component sizes


      Code (inc. data)   RO Data    RW Data    ZI Data      Debug   Object Name

       318          0          0          0          0       2770   24cxx.o
      2232        414          0          0          0      47299   alarm.o
      3928        324          0         26        320      10500   bac_control.o
      8880        950          0         42       1536      28444   bac_interface.o
       660         20          0         24          0       8176   bip.o
      4232        772          0          0       1026      15481   bsp_esp8266.o
      1456         64          0          8       3810       9558   commsub.o
         0          0         96          0          0       2508   constcode.o
         0          0          0          0          0         32   cortexm3_macro_rvds.o
      6130        360          0         16          0      23992   decode.o
       160          6          0          4          0       1175   delay.o
       162          0          0          0          0       3728   diskio.o
      6228        556      74268        108         36      20150   er-tft024-3_4-wire_spi.o
      1552        108          0         20      27374       9398   exfuns.o
      7314        108         44          8          0      25964   ff.o
         0          0          0          0          0       1228   flash.o
      3320        532          0          0      20122       7205   flash_user.o
       256          8          0         24      61440       3152   heap_2.o
       492          4          0          0          0       2527   i2c_hal.o
         0          0         20          0          0        479   info.o
      1432        100          0          0        288       6202   io.o
       340         30          0         24          0       2459   key.o
       136          0          0          0          0       6818   list.o
      6200        508          0         88        744      16486   main.o
       340         28          0        108         14       4834   menu.o
      2072        134          0         68          0       5645   menudayset.o
      4088        350          0         21          9       6037   menuidle.o
       312         64        140          0          0       2245   menumain.o
       644         74          0          6          0       2025   menuset.o
       184         12          0          0          0     208805   misc.o
      1496         26          0          1          0       6396   mmc_sd.o
     18900        982        512        136       4624      62921   modbus.o
      3324        124          0         20      21220       6387   monitor.o
       592          6          0          0          0       2936   myiic.o
      6412        260          0          0       2560      15237   point.o
       342         28          0          4          0       7380   port.o
      8824        724          0         20      35628      34127   ptransfer.o
      1614          6          0          0          0      22550   queue.o
       384         32         15          0        416       3115   range.o
       828         34         24          2         10      35046   rtc.o
      9932        490          0         68      12973      28428   scan.o
      1276         24          0          0          0       9069   scd4x_i2c.o
       224         18          0          2          0       1363   scd4x_i2c_example_usage.o
         0          0          0          0          0        392   sdioemmcdrive.o
       422          0          0          0          0       5337   sensirion_common.o
       500          0          0          0          0       5014   sensirion_i2c.o
       406          0          0          0          0       3220   sensirion_sw_i2c.o
       164          6          0          0          0       2153   sensirion_sw_i2c_implementation.o
      1188         42         16          0         56      13027   sgp30.o
         0          0        665        116          0       3967   sgp30_featureset.o
         0          0          6          4          0        250   sgp_git_version.o
      1352         76          0          2          0      11022   sht3x.o
       200         14          0          4          0       2877   sht4x.o
       156         18          0          1          0        914   sht4x_example_usage.o
       996         80         24         11         58       5736   sntpc.o
       952         42          0          0          0      15149   spi.o
       196         72        304          0        512        812   startup_stm32f10x_hd.o
       912         24          0          0          0      20872   stm32f10x_adc.o
       156          8          0          0          0       3404   stm32f10x_bkp.o
         0          0          0          0          0     206904   stm32f10x_dac.o
       488         10          0          0          0       4766   stm32f10x_dma.o
       236         10          0          0          0       2395   stm32f10x_exti.o
       664         36          0          0          0       6189   stm32f10x_gpio.o
       144         88          0          0          0     149184   stm32f10x_it.o
        60          6          0          0          0       1289   stm32f10x_iwdg.o
       172         12          0          0          0       1939   stm32f10x_pwr.o
       756         32          0         20          0       9296   stm32f10x_rcc.o
       276          6          0          0          0       2782   stm32f10x_rtc.o
       692         12          0          0          0       7118   stm32f10x_spi.o
      3114         84          0          0          0      25076   stm32f10x_tim.o
       924         20          0          0          0       9148   stm32f10x_usart.o
       698         34          0          4       4096       5880   stmflash.o
       372         34          0         20          0      64907   system_stm32f10x.o
      3568         90          0         60        500      32799   tasks.o
       340         26          0          8          0       4266   timerx.o
      6332        372          0         88         98      29487   tstat_wifi.o
       796         36          0          4          0       3874   usart.o
       628         68          0          0         20       3107   user_arm.o
      4800        510        105        102      70302      42816   user_data.o
       344         20          0         12         10       2316   voc.o
      3980        342          0         25      40056      13957   wifi.o

    ----------------------------------------------------------------------
    154214      10510      76280       1346     309868    1443918   Object Totals
         0          0         32          0          0          0   (incl. Generated)
        14          0          9         17         10          0   (incl. Padding)

    ----------------------------------------------------------------------

      Code (inc. data)   RO Data    RW Data    ZI Data      Debug   Library Member Name

      2204         66        562          0       3533      14947   inputs.o
       124          4          0          0       2880       1131   outputs.o
        88          6          0          0          0       1850   abort.o
      1376         22          0          0       9180      16382   address.o
       764         18         44          1          0     253373   ai.o
      1236         22         52          1          0      12547   ao.o
      1160        106          0         57        404       7920   apdu.o
      1160         20         32          1          0       6973   av.o
       156          0          0          0          0       1446   bacaddr.o
      1972        144          0         12          0      10390   bacapp.o
      3404         20          0          0          0      29548   bacdcode.o
       190          0          0          0          0       4604   bacerror.o
       312          4          0          0          0       3616   bacint.o
       278          0          0          0          0       3548   bacreal.o
      1388         20        256          0          0      13293   bacstr.o
       166          0          0          0          0       2268   bactimevalue.o
       756         22         44          1         64       6298   bi.o
      1282         28         64          1          0      48095   bo.o
       980         20         48          1          0       5285   bv.o
        32          0          0          0          0        958   bvlc.o
       628          8         32          1          0       4540   calendar.o
        78          0          0          0          0        796   crc.o
       164          0          0          0          0      44808   datalink.o
      1720          6         52          0          0      15186   datetime.o
      2328         92        128        680          0      12267   device.o
      2708         90          0         52        626      12006   dlmstp.o
       408         14          0          0          0       4323   fifo.o
       210          0          0          0          0       1917   h_iam.o
       148          0          0          0          0       1379   h_npdu.o
       688         14          0          0          0       2777   h_rp.o
       920         12          0          0        600       4372   h_rpm.o
       160          6          0          0          0       1520   h_ts.o
       154          0          0          0          0       2190   h_whohas.o
        72         10          0          4          0       1696   h_whois.o
       392         14          0          0        624       2417   h_wp.o
       308          4          0          0          0       1962   h_wpm.o
       302          0          0          0          0       2220   iam.o
       238          0          0          0          0       2379   ihave.o
        28          0          0          0          0        690   memcopy.o
       832          8         52          1          0       5689   msv.o
        84          4          0          0          0       4431   noserv.o
       688          4          0          0          0       3073   npdu.o
       450          0          0          0          0       2853   proplist.o
       444          8         20          1          0       4554   proprietary.o
       104         10          0          0          0       1857   reject.o
       580          0          0          0          0       3663   rp.o
      1128          0          0          0          0       8130   rpm.o
       180         18          0          2        528       3481   rs485.o
       234          0          0          0          0       2516   s_iam.o
       132          6          0          0          0       1886   s_ihave.o
       272         12          0          0          0       2420   s_rp.o
       356         12          0          0          0       2885   s_ts.o
       248         20          0          0          0       2124   s_upt.o
       264         12          0          0          0       2818   s_whois.o
       372         12          0          0          0       2859   s_wp.o
      1228         14         64         14          0       5332   schedule.o
       532          0          0          0          0       3697   timesync.o
       620          8          0          1     169320       5040   tsm.o
         0          0          0          0       1252        606   txbuf.o
       342          0          0          0          0       2307   whohas.o
       424         12          0          0          0       3146   whois.o
       442          0          0          0          0       2095   wp.o
       790          0          0          0          0       4246   wpm.o
       156          8          0          0          0        104   cos.o
       252         22         48          0          0        124   cos_i.o
        68         10          0          0          0        408   dunder.o
       644         90         88          0          0        204   exp.o
        40          0          0          0          0         68   fpclassify.o
       860         52         56          0          0        256   log.o
       170          0          0          0          0         96   poly.o
      2520        190        136          0          0        324   pow.o
         0          0          8          0          0          0   qnan.o
       904         76        200          0          0        140   rred.o
       160         10          0          0          0        108   sin.o
       236         12         40          0          0        128   sin_i.o
        76          0          0          0          0         84   sqrt.o
        28          0          0          0          0         80   strtod.o
        56          8          0          0          0         84   __0sscanf.o
        86          0          0          0          0          0   __dczerorl2.o
        28          0          0          0          0         68   _chval.o
       812          4          0          0          0        112   _scanf.o
       332          0          0          0          0         96   _scanf_int.o
        64          0          0          0          0         84   _sgetc.o
       158          0          0          0          0         92   _strtoul.o
         8          4        133          0          0         68   ctype_o.o
         0          0          0          0          0          0   entry.o
         0          0          0          0          0          0   entry10a.o
         0          0          0          0          0          0   entry11a.o
         8          4          0          0          0          0   entry2.o
         4          0          0          0          0          0   entry5.o
         0          0          0          0          0          0   entry7b.o
         0          0          0          0          0          0   entry8b.o
         8          4          0          0          0          0   entry9a.o
        20         10          0          4          0        136   errno.o
        30          0          0          0          0          0   handlers.o
        36          8          0          0          0         68   init.o
        18          0          0          0          0         76   isspace_o.o
         0          0          0          0          0          0   iusefp.o
        30          0          0          0          0         68   llshl.o
        36          0          0          0          0         68   llsshr.o
        32          0          0          0          0         68   llushr.o
       188         20          0          0          0        160   malloc.o
        20          0          0          0          0         68   memchr.o
        26          0          0          0          0         80   memcmp.o
        36          0          0          0          0         68   memcpya.o
        36          0          0          0          0        108   memseta.o
         0          0          0          8          0          0   mvars.o
      2308         96          0          0          0        604   printfa.o
        36         10          0          4          0        136   rand.o
        40          8          0          0          0         84   scanf_char.o
       878         12          0          0          0        216   scanf_fp.o
        20          0          0          0          0         68   strchr.o
        28          0          0          0          0         76   strcmp.o
        18          0          0          0          0         68   strcpy.o
        14          0          0          0          0         68   strlen.o
        36          0          0          0          0         80   strstr.o
       156         12          0          0          0        120   strtod.o
       112          0          0          0          0         88   strtol.o
       114          0          0          0          0         92   strtoul.o
        44          0          0          0          0         80   uidiv.o
        98          0          0          0          0         92   uldiv.o
        48          0          0          0          0         68   cdcmple.o
        48          0          0          0          0         68   cdrcmple.o
        20          0          0          0          0         68   cfcmple.o
        56          0          0          0          0         88   d2f.o
       334          0          0          0          0        148   dadd.o
       222          0          0          0          0        100   ddiv.o
       186          0          0          0          0        176   depilogue.o
        62          0          0          0          0         80   dfixi.o
        50          0          0          0          0         76   dfixui.o
        48          0          0          0          0         68   dfixul.o
        34          0          0          0          0         76   dflti.o
        26          0          0          0          0         76   dfltui.o
        24          0          0          0          0         76   dfltul.o
       228          0          0          0          0         96   dmul.o
        46          0          0          0          0         80   dscalb.o
       162          0          0          0          0        100   dsqrt.o
        38          0          0          0          0         68   f2d.o
       176          0          0          0          0        140   fadd.o
       124          0          0          0          0         88   fdiv.o
       110          0          0          0          0        168   fepilogue.o
        50          0          0          0          0         68   ffixi.o
        40          0          0          0          0         68   ffixui.o
        18          0          0          0          0         68   fflti.o
        10          0          0          0          0         68   ffltui.o
       100          0          0          0          0         76   fmul.o
        24          0          0          0          0         68   fscalb.o

    ----------------------------------------------------------------------
     55830       1622       2164        854     189020     653517   Library Totals
        30          0          5          7          9          0   (incl. Padding)

    ----------------------------------------------------------------------

      Code (inc. data)   RO Data    RW Data    ZI Data      Debug   Library Name

      2328         70        562          0       6413      16078   IO_control_ARM_revx.lib
     39100        882        888        831     182598     629547   bacnet_ARM_revXX_mini.lib
      6114        470        576          0          0       2124   m_ws.l
      5974        200        133         16          0       3444   mc_w.l
      2284          0          0          0          0       2324   mf_w.l

    ----------------------------------------------------------------------
     55830       1622       2164        854     189020     653517   Library Totals

    ----------------------------------------------------------------------

==============================================================================


      Code (inc. data)   RO Data    RW Data    ZI Data      Debug   

    210044      12132      78444       2200     498888    2075775   Grand Totals
    210044      12132      78444        732     498888    2075775   ELF Image Totals (compressed)
    210044      12132      78444        732          0          0   ROM Totals

==============================================================================

    Total RO  Size (Code + RO Data)               288488 ( 281.73kB)
    Total RW  Size (RW Data + ZI Data)            501088 ( 489.34kB)
    Total ROM Size (Code + RO Data + RW Data)     289220 ( 282.44kB)

==============================================================================

