Component: ARM Compiler 5.06 update 6 (build 750) Tool: armlink [4d35ed]

==============================================================================

Section Cross References

    stm32f10x_it.o(.text) refers to printfa.o(i.__0printf) for __2printf
    stm32f10x_it.o(.text) refers to usart.o(.text) for uart1_init
    stm32f10x_it.o(.text) refers to user_arm.o(.text) for E2prom_Write_Byte
    stm32f10x_it.o(.text) refers to ptransfer.o(.bss) for Test
    system_stm32f10x.o(.text) refers to system_stm32f10x.o(.data) for .data
    stm32f10x_adc.o(.text) refers to stm32f10x_rcc.o(.text) for RCC_APB2PeriphResetCmd
    stm32f10x_dac.o(.text) refers to stm32f10x_rcc.o(.text) for RCC_APB1PeriphResetCmd
    stm32f10x_gpio.o(.text) refers to stm32f10x_rcc.o(.text) for RCC_APB2PeriphResetCmd
    stm32f10x_rcc.o(.text) refers to stm32f10x_rcc.o(.data) for .data
    stm32f10x_spi.o(.text) refers to stm32f10x_rcc.o(.text) for RCC_APB2PeriphResetCmd
    stm32f10x_tim.o(.text) refers to stm32f10x_rcc.o(.text) for RCC_APB2PeriphResetCmd
    stm32f10x_usart.o(.text) refers to stm32f10x_rcc.o(.text) for RCC_APB2PeriphResetCmd
    stm32f10x_wwdg.o(.text) refers to stm32f10x_rcc.o(.text) for RCC_APB1PeriphResetCmd
    stm32f10x_bkp.o(.text) refers to stm32f10x_rcc.o(.text) for RCC_BackupResetCmd
    stm32f10x_pwr.o(.text) refers to stm32f10x_rcc.o(.text) for RCC_APB1PeriphResetCmd
    startup_stm32f10x_hd.o(RESET) refers to startup_stm32f10x_hd.o(.text) for Reset_Handler
    startup_stm32f10x_hd.o(RESET) refers to stm32f10x_it.o(.text) for NMI_Handler
    startup_stm32f10x_hd.o(RESET) refers to port.o(.emb_text) for vPortSVCHandler
    startup_stm32f10x_hd.o(RESET) refers to port.o(.text) for xPortSysTickHandler
    startup_stm32f10x_hd.o(RESET) refers to timerx.o(.text) for TIM3_IRQHandler
    startup_stm32f10x_hd.o(RESET) refers to modbus.o(.text) for USART1_IRQHandler
    startup_stm32f10x_hd.o(RESET) refers to tstat_wifi.o(.text) for EXTI15_10_IRQHandler
    startup_stm32f10x_hd.o(RESET) refers to wifi.o(.text) for UART4_IRQHandler
    startup_stm32f10x_hd.o(.text) refers to system_stm32f10x.o(.text) for SystemInit
    startup_stm32f10x_hd.o(.text) refers to entry.o(.ARM.Collect$$$$00000000) for __main
    myiic.o(.text) refers to stm32f10x_gpio.o(.text) for GPIO_SetBits
    myiic.o(.text) refers to stm32f10x_rcc.o(.text) for RCC_APB2PeriphClockCmd
    myiic.o(.text) refers to delay.o(.text) for delay_us
    24cxx.o(.text) refers to myiic.o(.text) for IIC_Init
    24cxx.o(.text) refers to delay.o(.text) for delay_ms
    spi.o(.text) refers to stm32f10x_spi.o(.text) for SPI_Cmd
    spi.o(.text) refers to stm32f10x_rcc.o(.text) for RCC_APB2PeriphClockCmd
    spi.o(.text) refers to stm32f10x_gpio.o(.text) for GPIO_Init
    spi.o(.text) refers to modbus.o(.bss) for Modbus
    flash.o(.text) refers to spi.o(.text) for SPI1_ReadWriteByte
    flash.o(.text) refers to stm32f10x_rcc.o(.text) for RCC_APB2PeriphClockCmd
    flash.o(.text) refers to stm32f10x_gpio.o(.text) for GPIO_Init
    flash.o(.text) refers to delay.o(.text) for delay_us
    flash.o(.text) refers to flash.o(.data) for .data
    flash.o(.text) refers to flash.o(.bss) for .bss
    stmflash.o(.text) refers to delay.o(.text) for delay_us
    stmflash.o(.text) refers to stmflash.o(.emb_text) for MSR_MSP
    stmflash.o(.text) refers to stmflash.o(.bss) for .bss
    stmflash.o(.text) refers to stmflash.o(.data) for .data
    dma.o(.text) refers to delay.o(.text) for delay_ms
    dma.o(.text) refers to dma.o(.data) for .data
    timerx.o(.text) refers to stm32f10x_tim.o(.text) for TIM_GetFlagStatus
    timerx.o(.text) refers to stm32f10x_rcc.o(.text) for RCC_APB1PeriphClockCmd
    timerx.o(.text) refers to misc.o(.text) for NVIC_Init
    timerx.o(.text) refers to timerx.o(.data) for .data
    timerx.o(.text) refers to decode.o(.data) for miliseclast
    timerx.o(.text) refers to modbus.o(.data) for run_time
    timerx.o(.text) refers to rs485.o(.data) for SilenceTime
    enc28j60.o(.text) refers to stm32f10x_rcc.o(.text) for RCC_APB2PeriphClockCmd
    enc28j60.o(.text) refers to stm32f10x_gpio.o(.text) for GPIO_Init
    enc28j60.o(.text) refers to delay.o(.text) for delay_ms
    enc28j60.o(.text) refers to spi.o(.text) for SPI2_ReadWriteByte
    enc28j60.o(.text) refers to enc28j60.o(.data) for .data
    enc28j60.o(.text) refers to modbus.o(.text) for QuickSoftReset
    rtc.o(.text) refers to stm32f10x_rtc.o(.text) for RTC_GetCounter
    rtc.o(.text) refers to stm32f10x_rcc.o(.text) for RCC_APB1PeriphClockCmd
    rtc.o(.text) refers to stm32f10x_pwr.o(.text) for PWR_BackupAccessCmd
    rtc.o(.text) refers to stm32f10x_bkp.o(.text) for BKP_ReadBackupRegister
    rtc.o(.text) refers to delay.o(.text) for delay_ms
    rtc.o(.text) refers to rtc.o(.constdata) for .constdata
    rtc.o(.text) refers to rtc.o(.data) for .data
    rtc.o(.text) refers to user_data.o(.data) for Local_Date
    rtc.o(.text) refers to user_data.o(.data) for Local_Time
[...]
    br                                       0x600004bc   Data           4  exfuns.o(.data)
    bw                                       0x600004c0   Data           4  exfuns.o(.data)
    SGP_DRV_VERSION_STR                      0x600004cc   Data           4  sgp_git_version.o(.data)
    voc_ok                                   0x60000545   Data           1  voc.o(.data)
    voc_ini_baseline                         0x60000546   Data           1  voc.o(.data)
    voc_value                                0x60000548   Data           2  voc.o(.data)
    iaq_baseline                             0x6000054c   Data           4  voc.o(.data)
    scd4x_perform_forced                     0x60000551   Data           1  scd4x_i2c_example_usage.o(.data)
    AIS                                      0x60000552   Data           1  ai.o(.data)
    AOS                                      0x60000553   Data           1  ao.o(.data)
    AVS                                      0x60000554   Data           1  av.o(.data)
    BIS                                      0x60000591   Data           1  bi.o(.data)
    BVS                                      0x60000592   Data           1  bv.o(.data)
    BOS                                      0x60000593   Data           1  bo.o(.data)
    Object_Instance_Number                   0x600005a4   Data           4  device.o(.data)
    MSTP_Flag                                0x60000836   Data           1  dlmstp.o(.data)
    This_Station                             0x6000083b   Data           1  dlmstp.o(.data)
    TransmitPacket_panel                     0x6000083f   Data           1  dlmstp.o(.data)
    DataLength                               0x60000844   Data           2  dlmstp.o(.data)
    TransmitPacketLen                        0x60000848   Data           2  dlmstp.o(.data)
    modbus_frame                             0x60000858   Data           8  dlmstp.o(.data)
    Send_I_Am_Flag                           0x60000860   Data           1  h_whois.o(.data)
    Send_Whois_Flag                          0x60000861   Data           1  h_whois.o(.data)
    Send_Private_Flag                        0x60000862   Data           1  h_whois.o(.data)
    Send_Time_Sync                           0x60000863   Data           1  h_whois.o(.data)
    SilenceTime                              0x60000864   Data           2  rs485.o(.data)
    CALENDARS                                0x60000866   Data           1  calendar.o(.data)
    SCHEDULES                                0x60000867   Data           1  schedule.o(.data)
    Start_Date                               0x60000868   Data           5  schedule.o(.data)
    End_Date                                 0x6000086d   Data           5  schedule.o(.data)
    TemcoVars                                0x60000872   Data           1  proprietary.o(.data)
    MSVS                                     0x60000873   Data           1  msv.o(.data)
    __microlib_freelist                      0x6000087c   Data           4  mvars.o(.data)
    __microlib_freelist_initialised          0x60000880   Data           4  mvars.o(.data)
    iapbuf                                   0x60000888   Data        2048  stmflash.o(.bss)
    STMFLASH_BUF                             0x60001088   Data        2048  stmflash.o(.bss)
    Rtc                                      0x60001888   Data          10  rtc.o(.bss)
    AI_Index_To_Instance                     0x60010a88   Data          64  bac_interface.o(.bss)
    BI_Index_To_Instance                     0x60010ac8   Data          64  bac_interface.o(.bss)
    AO_Index_To_Instance                     0x60010b08   Data          64  bac_interface.o(.bss)
    BO_Index_To_Instance                     0x60010b48   Data          64  bac_interface.o(.bss)
    AV_Index_To_Instance                     0x60010b88   Data         128  bac_interface.o(.bss)
    BV_Index_To_Instance                     0x60010c08   Data         128  bac_interface.o(.bss)
    AI_Instance_To_Index                     0x60010c88   Data          64  bac_interface.o(.bss)
    BI_Instance_To_Index                     0x60010cc8   Data          64  bac_interface.o(.bss)
    AO_Instance_To_Index                     0x60010d08   Data          64  bac_interface.o(.bss)
    BO_Instance_To_Index                     0x60010d48   Data          64  bac_interface.o(.bss)
    AV_Instance_To_Index                     0x60010d88   Data         128  bac_interface.o(.bss)
    BV_Instance_To_Index                     0x60010e08   Data         128  bac_interface.o(.bss)
    backup_IN_value                          0x60010e88   Data         256  bac_interface.o(.bss)
    backup_VAR_value                         0x60010f88   Data         512  bac_interface.o(.bss)
    backup_OUT_value                         0x60011188   Data         256  bac_interface.o(.bss)
    con_aux                                  0x60011288   Data         192  bac_control.o(.bss)
    output_pri_live                          0x60011348   Data          64  bac_control.o(.bss)
    SD_block_num                             0x600113a0   Data          96  monitor.o(.bss)
    read_mon_point_buf                       0x60011400   Data         400  monitor.o(.bss)
    write_mon_point_buf                      0x60011590   Data        9600  monitor.o(.bss)
    mon_block                                0x60013b10   Data       11040  monitor.o(.bss)
    last_digital_index                       0x60016630   Data          12  monitor.o(.bss)
    last_digital_sample_time                 0x6001663c   Data          48  monitor.o(.bss)
    points_header                            0x6001666c   Data        2560  point.o(.bss)
    temp                                     0x6001706c   Data         600  ptransfer.o(.bss)
    Rtc2                                     0x600172c4   Data          10  ptransfer.o(.bss)
    prg_code                                 0x600172ce   Data       32000  ptransfer.o(.bss)
    MSTP_Send_buffer                         0x6001efce   Data         600  ptransfer.o(.bss)
    MSTP_Rec_Header                          0x6001f226   Data          12  ptransfer.o(.bss)
    bacnet_to_modbus                         0x6001f232   Data         300  ptransfer.o(.bss)
    bacnet_to_modbus_struct                  0x6001f35e   Data         808  ptransfer.o(.bss)
    Temp_CS                                  0x6001f686   Data         598  ptransfer.o(.bss)
    Test                                     0x6001f8dc   Data         100  ptransfer.o(.bss)
    MSTP_Rec_buffer                          0x6001f940   Data         600  ptransfer.o(.bss)
    update_dyndns_time                       0x6001fb98   Data          10  user_data.o(.bss)
    input_raw                                0x6001fba2   Data         128  user_data.o(.bss)
    input_raw_back                           0x6001fc22   Data         128  user_data.o(.bss)
    output_raw                               0x6001fca2   Data         128  user_data.o(.bss)
    output_raw_back                          0x6001fd22   Data         128  user_data.o(.bss)
    chip_info                                0x6001fda2   Data          12  user_data.o(.bss)
    extio_points                             0x6001fdae   Data         360  user_data.o(.bss)
    month_length                             0x6001ff16   Data          12  user_data.o(.bss)
    info                                     0x6001ff22   Data         144  user_data.o(.bss)
    var_unit                                 0x6001ffb2   Data         100  user_data.o(.bss)
    Write_Special                            0x60020016   Data         100  user_data.o(.bss)
    MISC_Info                                0x6002007a   Data         400  user_data.o(.bss)
    Remote_tst_db                            0x6002020a   Data         385  user_data.o(.bss)
    Panel_Info                               0x6002038b   Data          23  user_data.o(.bss)
    Setting_Info                             0x600203a2   Data         400  user_data.o(.bss)
    Garphi_data_buf                          0x60020532   Data         476  user_data.o(.bss)
    alarms                                   0x6002070e   Data        1632  user_data.o(.bss)
    alarms_set                               0x60020d6e   Data         480  user_data.o(.bss)
    digi_units                               0x60020f4e   Data         200  user_data.o(.bss)
    passwords                                0x60021016   Data         384  user_data.o(.bss)
    programs                                 0x60021196   Data         592  user_data.o(.bss)
    vars                                     0x600213e6   Data        4992  user_data.o(.bss)
    controllers                              0x60022766   Data         448  user_data.o(.bss)
    totalizers                               0x60022926   Data          90  user_data.o(.bss)
    monitors                                 0x60022980   Data        1248  user_data.o(.bss)
    backup_monitors                          0x60022e60   Data        1248  user_data.o(.bss)
    msv_data                                 0x60023340   Data         736  user_data.o(.bss)
    control_groups                           0x60023620   Data         736  user_data.o(.bss)
    group_data_new                           0x60023900   Data       16800  user_data.o(.bss)
    weekly_routines                          0x60027aa0   Data         336  user_data.o(.bss)
    wr_times                                 0x60027bf0   Data        1152  user_data.o(.bss)
    wr_time_on_off                           0x60028070   Data         576  user_data.o(.bss)
    annual_routines                          0x600282b0   Data         132  user_data.o(.bss)
    ar_dates                                 0x60028334   Data         184  user_data.o(.bss)
    ID_Config                                0x600283ec   Data        9906  user_data.o(.bss)
    ID_Config_Sche                           0x6002aa9e   Data         254  user_data.o(.bss)
    output_priority                          0x6002ab9c   Data        4096  user_data.o(.bss)
    output_relinquish                        0x6002bb9c   Data         256  user_data.o(.bss)
    arrays                                   0x6002bc9c   Data         176  user_data.o(.bss)
    arrays_data                              0x6002bd4c   Data        8192  user_data.o(.bss)
    panelname                                0x6002dd4c   Data          20  user_data.o(.bss)
    network_points_list                      0x6002dd60   Data        3456  user_data.o(.bss)
    remote_points_list                       0x6002eae0   Data        3584  user_data.o(.bss)
    local_points_list                        0x6002f8e0   Data         400  user_data.o(.bss)
    remote_panel_db                          0x6002fa70   Data        4300  user_data.o(.bss)
    Email_Setting                            0x60030b3c   Data         400  user_data.o(.bss)
    arrays_address                           0x60030ccc   Data          64  user_data.o(.bss)
    Last_Contact_Local_points                0x60030d0c   Data          40  user_data.o(.bss)
    Last_Contact_Network_points              0x60030d34   Data         256  user_data.o(.bss)
    Last_Contact_Remote_points               0x60030e34   Data         256  user_data.o(.bss)
    stack                                    0x60030f34   Data          80  user_data.o(.bss)
    message                                  0x60030f84   Data          94  user_data.o(.bss)
    write_page_en                            0x60031104   Data          26  flash_user.o(.bss)
    Flash_Position                           0x60035f3e   Data          96  flash_user.o(.bss)
    scroll_buf                               0x60035f9e   Data          11  er-tft024-3_4-wire_spi.o(.bss)
    Modename                                 0x60035fa9   Data          16  er-tft024-3_4-wire_spi.o(.bss)
    icon_flag                                0x60035fb9   Data           9  er-tft024-3_4-wire_spi.o(.bss)
    uart0_sub_addr                           0x60035fc2   Data         100  commsub.o(.bss)
    uart1_sub_addr                           0x60036026   Data         100  commsub.o(.bss)
    uart2_sub_addr                           0x6003608a   Data         100  commsub.o(.bss)
    sub_map                                  0x600360ee   Data        1200  commsub.o(.bss)
    tmp_sendbuf                              0x600365a0   Data         500  scan.o(.bss)
    node_write                               0x60036794   Data        2160  scan.o(.bss)
    com_rx                                   0x60037004   Data          12  scan.o(.bss)
    com_tx                                   0x60037010   Data          12  scan.o(.bss)
    tstat_name                               0x6003701c   Data        1600  scan.o(.bss)
    flag_tstat_name                          0x6003765c   Data         100  scan.o(.bss)
    count_read_tstat_name                    0x600376c0   Data         200  scan.o(.bss)
    flag_rmp_ad                              0x60037788   Data         128  scan.o(.bss)
    count_read_rmp_ad                        0x60037808   Data         128  scan.o(.bss)
    scan_db                                  0x60037888   Data         700  scan.o(.bss)
    scan_db_time_to_live                     0x60037b44   Data         200  scan.o(.bss)
    db_online                                0x60037c0c   Data          32  scan.o(.bss)
    db_occupy                                0x60037c2c   Data          32  scan.o(.bss)
    current_online                           0x60037c4c   Data          32  scan.o(.bss)
    tst_retry                                0x60037c6c   Data         100  scan.o(.bss)
    id_conflict                              0x60037cd0   Data         260  scan.o(.bss)
    clear_high_spd                           0x60037dd4   Data          12  modbus.o(.bss)
    uart0_send_buf                           0x60037de0   Data         500  modbus.o(.bss)
    uart1_send_buf                           0x60037fd4   Data         500  modbus.o(.bss)
    uart2_send_buf                           0x600381c8   Data         500  modbus.o(.bss)
    uart2_data_buffer                        0x600383bc   Data         500  modbus.o(.bss)
    tcp_server_sendbuf                       0x600385b0   Data         300  modbus.o(.bss)
    Modbus                                   0x600386dc   Data         104  modbus.o(.bss)
    high_spd_counter                         0x60038744   Data          64  modbus.o(.bss)
    high_spd_en                              0x60038784   Data          16  modbus.o(.bss)
    uart0_data_buffer                        0x60038794   Data         500  modbus.o(.bss)
    uart1_data_buffer                        0x60038988   Data         500  modbus.o(.bss)
    main_data_buffer                         0x60038b7c   Data         500  modbus.o(.bss)
    subnet_response_buf                      0x60038d70   Data         500  modbus.o(.bss)
    Input_RPM                                0x60038f64   Data          64  modbus.o(.bss)
    high_spd_counter_tempbuf                 0x60038fa4   Data          64  modbus.o(.bss)
    task_test                                0x60038ff4   Data          90  main.o(.bss)
    default_pwm                              0x6003904e   Data          20  main.o(.bss)
    PDUBuffer                                0x60039062   Data         600  main.o(.bss)
    net_health                               0x600392bc   Data          16  main.o(.bss)
    old_reading                              0x600392cc   Data         128  range.o(.bss)
    intput_raw_sum                           0x6003934c   Data         128  range.o(.bss)
    input_raw_max                            0x600393cc   Data          64  range.o(.bss)
    input_raw_min                            0x6003940c   Data          64  range.o(.bss)
    input_count                              0x6003944c   Data          32  range.o(.bss)
    FAN_MODE                                 0x6003946c   Data          72  tstat_wifi.o(.bss)
    flag_count_in                            0x600394b4   Data          16  tstat_wifi.o(.bss)
    slop                                     0x600394c4   Data          10  tstat_wifi.o(.bss)
    new_slop                                 0x600394ce   Data          40  tstat_wifi.o(.bss)
    new_start_adc                            0x600394f6   Data          44  tstat_wifi.o(.bss)
    t                                        0x60039522   Data          28  sntpc.o(.bss)
    sntp_server                              0x6003953e   Data          30  sntpc.o(.bss)
    time                                     0x6003955c   Data          20  user_arm.o(.bss)
    cStr                                     0x60039570   Data        1024  wifi.o(.bss)
    SSID_Info                                0x60039970   Data         124  wifi.o(.bss)
    mstp_bac_buf                             0x600399ec   Data       30100  wifi.o(.bss)
    mstp_bac_buf1                            0x60040f80   Data        6020  wifi.o(.bss)
    Scan_Infor                               0x60042704   Data          64  wifi.o(.bss)
    bacnet_wifi_buf                          0x60042744   Data         600  wifi.o(.bss)
    modbus_wifi_buf                          0x6004299c   Data         500  wifi.o(.bss)
    packet                                   0x60042b90   Data        1024  wifi.o(.bss)
    SendBuff                                 0x60042f90   Data         600  wifi.o(.bss)
    strEsp8266_Fram_Record                   0x600431e8   Data        1026  bsp_esp8266.o(.bss)
    CurrentState                             0x600435ea   Data          14  menu.o(.bss)
    UI_DIS_TOP                               0x600435f8   Data           9  menuidle.o(.bss)
    fs                                       0x60043601   Data         558  exfuns.o(.bss)
    file                                     0x6004382f   Data       26304  exfuns.o(.bss)
    rw_sd_buf                                0x60049eef   Data         512  exfuns.o(.bss)
    voc_buf                                  0x6004a128   Data          10  voc.o(.bss)
    Address_Cache                            0x6004a132   Data        7905  address.o(.bss)
    TransmitPacket                           0x6004c1e8   Data         626  dlmstp.o(.bss)
    wp_data                                  0x6004c45a   Data         619  h_wp.o(.bss)
    Receive_Buffer_Data0                     0x6004c6c8   Data         512  rs485.o(.bss)
    Receive_Buffer0                          0x6004c8c8   Data          16  rs485.o(.bss)
    dat                                      0x6004c8d8   Data         619  s_wp.o(.bss)
    Temp_Buf                                 0x6004cb43   Data         600  h_rpm.o(.bss)
    custom_tab                               0x6004cd9b   Data         525  inputs.o(.bss)
    inputs                                   0x6004cfa8   Data        2944  inputs.o(.bss)
    input_type                               0x6004db28   Data          32  inputs.o(.bss)
    input_type1                              0x6004db48   Data          32  inputs.o(.bss)
    outputs                                  0x6004db68   Data        2880  outputs.o(.bss)
    Handler_Transmit_Buffer                  0x60077a12   Data        1878  txbuf.o(.bss)
    __heap_base                              0x60078168   Data           0  startup_stm32f10x_hd.o(HEAP)
    __heap_limit                             0x60078368   Data           0  startup_stm32f10x_hd.o(HEAP)



==============================================================================

Memory Map of the image

  Image Entry point : 0x08008131

  Load Region LR_IROM1 (Base: 0x08008000, Size: 0x00046f50, Max: 0x00060000, ABSOLUTE, COMPRESSED[0x000469a4])

    Execution Region ER_IROM1 (Exec base: 0x08008000, Load base: 0x08008000, Size: 0x000466c8, Max: 0x00060000, ABSOLUTE)

    Exec Addr    Load Addr    Size         Type   Attr      Idx    E Section Name        Object

    0x08008000   0x08008000   0x00000130   Data   RO          871    RESET               startup_stm32f10x_hd.o
    0x08008130   0x08008130   0x00000000   Code   RO         5079  * .ARM.Collect$$$$00000000  mc_w.l(entry.o)
    0x08008130   0x08008130   0x00000004   Code   RO         5471    .ARM.Collect$$$$00000001  mc_w.l(entry2.o)
    0x08008134   0x08008134   0x00000004   Code   RO         5474    .ARM.Collect$$$$00000004  mc_w.l(entry5.o)
    0x08008138   0x08008138   0x00000000   Code   RO         5476    .ARM.Collect$$$$00000008  mc_w.l(entry7b.o)
    0x08008138   0x08008138   0x00000000   Code   RO         5478    .ARM.Collect$$$$0000000A  mc_w.l(entry8b.o)
    0x08008138   0x08008138   0x00000008   Code   RO         5479    .ARM.Collect$$$$0000000B  mc_w.l(entry9a.o)
    0x08008140   0x08008140   0x00000000   Code   RO         5481    .ARM.Collect$$$$0000000D  mc_w.l(entry10a.o)
    0x08008140   0x08008140   0x00000000   Code   RO         5483    .ARM.Collect$$$$0000000F  mc_w.l(entry11a.o)
    0x08008140   0x08008140   0x00000004   Code   RO         5472    .ARM.Collect$$$$00002712  mc_w.l(entry2.o)
    0x08008144   0x08008144   0x00000006   Code   RO         1067    .emb_text           stmflash.o
    0x0800814a   0x0800814a   0x00000002   PAD
    0x0800814c   0x0800814c   0x00000096   Code   RO         1546    .emb_text           port.o
    0x080081e2   0x080081e2   0x0000001e   Code   RO         4893    .text               bacnet_ARM_revXX_T10.lib(memcopy.o)
    0x08008200   0x08008200   0x00000014   Data   RO         2485    .ARM.__AT_0x08008200  info.o
    0x08008214   0x08008214   0x00000108   Code   RO            1    .text               stm32f10x_it.o
    0x0800831c   0x0800831c   0x00000174   Code   RO          508    .text               system_stm32f10x.o
    0x08008490   0x08008490   0x000000b8   Code   RO          587    .text               misc.o
    0x08008548   0x08008548   0x00000390   Code   RO          619    .text               stm32f10x_adc.o
    0x080088d8   0x080088d8   0x000001e8   Code   RO          682    .text               stm32f10x_dma.o
    0x08008ac0   0x08008ac0   0x000000ec   Code   RO          694    .text               stm32f10x_exti.o
    0x08008bac   0x08008bac   0x00000298   Code   RO          718    .text               stm32f10x_gpio.o
    0x08008e44   0x08008e44   0x0000003c   Code   RO          730    .text               stm32f10x_iwdg.o
    0x08008e80   0x08008e80   0x000002f4   Code   RO          742    .text               stm32f10x_rcc.o
    0x08009174   0x08009174   0x00000114   Code   RO          756    .text               stm32f10x_rtc.o
    0x08009288   0x08009288   0x000002b4   Code   RO          780    .text               stm32f10x_spi.o
    0x0800953c   0x0800953c   0x00000c2a   Code   RO          792    .text               stm32f10x_tim.o
    0x0800a166   0x0800a166   0x00000002   PAD
    0x0800a168   0x0800a168   0x0000039c   Code   RO          804    .text               stm32f10x_usart.o
    0x0800a504   0x0800a504   0x0000009c   Code   RO          831    .text               stm32f10x_bkp.o
    0x0800a5a0   0x0800a5a0   0x000000ac   Code   RO          843    .text               stm32f10x_pwr.o
    0x0800a64c   0x0800a64c   0x000000c4   Code   RO          872    .text               startup_stm32f10x_hd.o
    0x0800a710   0x0800a710   0x00000250   Code   RO          876    .text               myiic.o
    0x0800a960   0x0800a960   0x0000013e   Code   RO          892    .text               24cxx.o
    0x0800aa9e   0x0800aa9e   0x00000002   PAD
    0x0800aaa0   0x0800aaa0   0x000003b8   Code   RO          904    .text               spi.o
    0x0800ae58   0x0800ae58   0x000002b4   Code   RO         1068    .text               stmflash.o
    0x0800b10c   0x0800b10c   0x00000154   Code   RO         1106    .text               timerx.o
    0x0800b260   0x0800b260   0x00000324   Code   RO         1185    .text               rtc.o
    0x0800b584   0x0800b584   0x000005d8   Code   RO         1216    .text               mmc_sd.o
    0x0800bb5c   0x0800bb5c   0x000001ec   Code   RO         1341    .text               i2c_hal.o
    0x0800bd48   0x0800bd48   0x00000548   Code   RO         1360    .text               sht3x.o
    0x0800c290   0x0800c290   0x000000c8   Code   RO         1392    .text               sht4x.o
    0x0800c358   0x0800c358   0x00000090   Code   RO         1422    .text               sht4x_example_usage.o
    0x0800c3e8   0x0800c3e8   0x00000df0   Code   RO         1440    .text               tasks.o
    0x0800d1d8   0x0800d1d8   0x00000088   Code   RO         1498    .text               list.o
    0x0800d260   0x0800d260   0x0000064e   Code   RO         1519    .text               queue.o
    0x0800d8ae   0x0800d8ae   0x00000002   PAD
    0x0800d8b0   0x0800d8b0   0x000000c0   Code   RO         1547    .text               port.o
    0x0800d970   0x0800d970   0x00000100   Code   RO         1582    .text               heap_2.o
    0x0800da70   0x0800da70   0x00000314   Code   RO         1600    .text               usart.o
    0x0800dd84   0x0800dd84   0x000000a0   Code   RO         1659    .text               delay.o
    0x0800de24   0x0800de24   0x000023d0   Code   RO         1679    .text               bac_interface.o
    0x080101f4   0x080101f4   0x00000294   Code   RO         1715    .text               bip.o
    0x08010488   0x08010488   0x000008b8   Code   RO         1794    .text               alarm.o
    0x08010d40   0x08010d40   0x00000ba8   Code   RO         1964    .text               bac_control.o
    0x080118e8   0x080118e8   0x00001880   Code   RO         2012    .text               decode.o
    0x08013168   0x08013168   0x00000d3c   Code   RO         2048    .text               monitor.o
    0x08013ea4   0x08013ea4   0x000017ac   Code   RO         2081    .text               point.o
    0x08015650   0x08015650   0x000021f0   Code   RO         2113    .text               ptransfer.o
    0x08017840   0x08017840   0x000012d0   Code   RO         2158    .text               user_data.o
    0x08018b10   0x08018b10   0x00000588   Code   RO         2238    .text               io.o
    0x08019098   0x08019098   0x00000c48   Code   RO         2251    .text               flash_user.o
    0x08019ce0   0x08019ce0   0x00001870   Code   RO         2274    .text               er-tft024-3_4-wire_spi.o
    0x0801b550   0x0801b550   0x00000154   Code   RO         2321    .text               key.o
    0x0801b6a4   0x0801b6a4   0x000005b0   Code   RO         2352    .text               commsub.o
    0x0801bc54   0x0801bc54   0x00002454   Code   RO         2383    .text               scan.o
    0x0801e0a8   0x0801e0a8   0x00004be4   Code   RO         2494    .text               modbus.o
    0x08022c8c   0x08022c8c   0x00001a5c   Code   RO         2565    .text               main.o
    0x080246e8   0x080246e8   0x00000180   Code   RO         2622    .text               range.o
    0x08024868   0x08024868   0x000019f4   Code   RO         2639    .text               tstat_wifi.o
    0x0802625c   0x0802625c   0x000003e4   Code   RO         2670    .text               sntpc.o
    0x08026640   0x08026640   0x00000274   Code   RO         2693    .text               user_arm.o
    0x080268b4   0x080268b4   0x00000f78   Code   RO         2708    .text               wifi.o
    0x0802782c   0x0802782c   0x00001088   Code   RO         2739    .text               bsp_esp8266.o
    0x080288b4   0x080288b4   0x00000154   Code   RO         2840    .text               menu.o
    0x08028a08   0x08028a08   0x00000ff8   Code   RO         2891    .text               menuidle.o
    0x08029a00   0x08029a00   0x00000258   Code   RO         2912    .text               menuset.o
    0x08029c58   0x08029c58   0x00000138   Code   RO         2968    .text               menumain.o
    0x08029d90   0x08029d90   0x00000818   Code   RO         2984    .text               menudayset.o
    0x0802a5a8   0x0802a5a8   0x00000610   Code   RO         3000    .text               exfuns.o
    0x0802abb8   0x0802abb8   0x000000a2   Code   RO         3043    .text               diskio.o
    0x0802ac5a   0x0802ac5a   0x00000002   PAD
    0x0802ac5c   0x0802ac5c   0x00001c92   Code   RO         3062    .text               ff.o
    0x0802c8ee   0x0802c8ee   0x000001a6   Code   RO         3078    .text               sensirion_common.o
    0x0802ca94   0x0802ca94   0x00000196   Code   RO         3091    .text               sensirion_sw_i2c.o
    0x0802cc2a   0x0802cc2a   0x00000002   PAD
    0x0802cc2c   0x0802cc2c   0x000000a4   Code   RO         3107    .text               sensirion_sw_i2c_implementation.o
    0x0802ccd0   0x0802ccd0   0x000004a4   Code   RO         3133    .text               sgp30.o
    0x0802d174   0x0802d174   0x00000158   Code   RO         3204    .text               voc.o
    0x0802d2cc   0x0802d2cc   0x000004fc   Code   RO         3225    .text               scd4x_i2c.o
    0x0802d7c8   0x0802d7c8   0x000000d0   Code   RO         3250    .text               scd4x_i2c_example_usage.o
    0x0802d898   0x0802d898   0x000001f4   Code   RO         3272    .text               sensirion_i2c.o
    0x0802da8c   0x0802da8c   0x00000304   Code   RO         3285    .text               bacnet_ARM_revXX_T10.lib(ai.o)
    0x0802dd90   0x0802dd90   0x000004d8   Code   RO         3476    .text               bacnet_ARM_revXX_T10.lib(ao.o)
    0x0802e268   0x0802e268   0x00000492   Code   RO         3546    .text               bacnet_ARM_revXX_T10.lib(av.o)
    0x0802e6fa   0x0802e6fa   0x00000002   PAD
    0x0802e6fc   0x0802e6fc   0x000005a8   Code   RO         3567    .text               bacnet_ARM_revXX_T10.lib(address.o)
    0x0802eca4   0x0802eca4   0x00000470   Code   RO         3642    .text               bacnet_ARM_revXX_T10.lib(apdu.o)
    0x0802f114   0x0802f114   0x000002f0   Code   RO         3671    .text               bacnet_ARM_revXX_T10.lib(bi.o)
    0x0802f404   0x0802f404   0x000003e4   Code   RO         3693    .text               bacnet_ARM_revXX_T10.lib(bv.o)
    0x0802f7e8   0x0802f7e8   0x0000050e   Code   RO         3710    .text               bacnet_ARM_revXX_T10.lib(bo.o)
    0x0802fcf6   0x0802fcf6   0x00000002   PAD
    0x0802fcf8   0x0802fcf8   0x00000804   Code   RO         3851    .text               bacnet_ARM_revXX_T10.lib(bacapp.o)
    0x080304fc   0x080304fc   0x00000d4c   Code   RO         3878    .text               bacnet_ARM_revXX_T10.lib(bacdcode.o)
    0x08031248   0x08031248   0x00000138   Code   RO         3934    .text               bacnet_ARM_revXX_T10.lib(bacint.o)
    0x08031380   0x08031380   0x00000116   Code   RO         3946    .text               bacnet_ARM_revXX_T10.lib(bacreal.o)
    0x08031496   0x08031496   0x00000020   Code   RO         3959    .text               bacnet_ARM_revXX_T10.lib(bvlc.o)
    0x080314b6   0x080314b6   0x0000004e   Code   RO         3971    .text               bacnet_ARM_revXX_T10.lib(crc.o)
    0x08031504   0x08031504   0x00000080   Code   RO         3986    .text               bacnet_ARM_revXX_T10.lib(datalink.o)
    0x08031584   0x08031584   0x00000948   Code   RO         4069    .text               bacnet_ARM_revXX_T10.lib(device.o)
    0x08031ecc   0x08031ecc   0x00000a94   Code   RO         4097    .text               bacnet_ARM_revXX_T10.lib(dlmstp.o)
    0x08032960   0x08032960   0x00000160   Code   RO         4136    .text               bacnet_ARM_revXX_T10.lib(fifo.o)
    0x08032ac0   0x08032ac0   0x000000d2   Code   RO         4152    .text               bacnet_ARM_revXX_T10.lib(h_iam.o)
    0x08032b92   0x08032b92   0x00000094   Code   RO         4164    .text               bacnet_ARM_revXX_T10.lib(h_npdu.o)
    0x08032c26   0x08032c26   0x00000002   PAD
    0x08032c28   0x08032c28   0x000002e0   Code   RO         4176    .text               bacnet_ARM_revXX_T10.lib(h_rp.o)
    0x08032f08   0x08032f08   0x00000048   Code   RO         4206    .text               bacnet_ARM_revXX_T10.lib(h_whois.o)
    0x08032f50   0x08032f50   0x00000188   Code   RO         4230    .text               bacnet_ARM_revXX_T10.lib(h_wp.o)
    0x080330d8   0x080330d8   0x00000054   Code   RO         4245    .text               bacnet_ARM_revXX_T10.lib(noserv.o)
    0x0803312c   0x0803312c   0x000000a4   Code   RO         4299    .text               bacnet_ARM_revXX_T10.lib(rs485.o)
    0x080331d0   0x080331d0   0x000000f8   Code   RO         4329    .text               bacnet_ARM_revXX_T10.lib(s_upt.o)
    0x080332c8   0x080332c8   0x00000274   Code   RO         4342    .text               bacnet_ARM_revXX_T10.lib(calendar.o)
    0x0803353c   0x0803353c   0x000004d0   Code   RO         4363    .text               bacnet_ARM_revXX_T10.lib(schedule.o)
    0x08033a0c   0x08033a0c   0x00000110   Code   RO         4384    .text               bacnet_ARM_revXX_T10.lib(s_rp.o)
    0x08033b1c   0x08033b1c   0x00000180   Code   RO         4405    .text               bacnet_ARM_revXX_T10.lib(s_wp.o)
    0x08033c9c   0x08033c9c   0x000003a4   Code   RO         4420    .text               bacnet_ARM_revXX_T10.lib(h_rpm.o)
    0x08034040   0x08034040   0x00000134   Code   RO         4445    .text               bacnet_ARM_revXX_T10.lib(h_wpm.o)
    0x08034174   0x08034174   0x000001c0   Code   RO         4460    .text               bacnet_ARM_revXX_T10.lib(proprietary.o)
    0x08034334   0x08034334   0x00000348   Code   RO         4477    .text               bacnet_ARM_revXX_T10.lib(msv.o)
    0x0803467c   0x0803467c   0x0000089c   Code   RO         4501    .text               IO_control_ARM_revx.lib(inputs.o)
    0x08034f18   0x08034f18   0x0000007c   Code   RO         4528    .text               IO_control_ARM_revx.lib(outputs.o)
    0x08034f94   0x08034f94   0x00000058   Code   RO         4547    .text               bacnet_ARM_revXX_T10.lib(abort.o)
    0x08034fec   0x08034fec   0x0000009c   Code   RO         4559    .text               bacnet_ARM_revXX_T10.lib(bacaddr.o)
    0x08035088   0x08035088   0x000000be   Code   RO         4571    .text               bacnet_ARM_revXX_T10.lib(bacerror.o)
    0x08035146   0x08035146   0x00000002   PAD
    0x08035148   0x08035148   0x0000056c   Code   RO         4616    .text               bacnet_ARM_revXX_T10.lib(bacstr.o)
    0x080356b4   0x080356b4   0x000006b8   Code   RO         4631    .text               bacnet_ARM_revXX_T10.lib(datetime.o)
    0x08035d6c   0x08035d6c   0x0000012e   Code   RO         4691    .text               bacnet_ARM_revXX_T10.lib(iam.o)
    0x08035e9a   0x08035e9a   0x00000002   PAD
    0x08035e9c   0x08035e9c   0x000002b0   Code   RO         4704    .text               bacnet_ARM_revXX_T10.lib(npdu.o)
    0x0803614c   0x0803614c   0x00000068   Code   RO         4753    .text               bacnet_ARM_revXX_T10.lib(reject.o)
    0x080361b4   0x080361b4   0x00000248   Code   RO         4765    .text               bacnet_ARM_revXX_T10.lib(rp.o)
    0x080363fc   0x080363fc   0x000000ea   Code   RO         4777    .text               bacnet_ARM_revXX_T10.lib(s_iam.o)
    0x080364e6   0x080364e6   0x00000002   PAD
    0x080364e8   0x080364e8   0x00000108   Code   RO         4789    .text               bacnet_ARM_revXX_T10.lib(s_whois.o)
    0x080365f0   0x080365f0   0x00000290   Code   RO         4802    .text               bacnet_ARM_revXX_T10.lib(tsm.o)
    0x08036880   0x08036880   0x000001a8   Code   RO         4827    .text               bacnet_ARM_revXX_T10.lib(whois.o)
    0x08036a28   0x08036a28   0x000001c4   Code   RO         4843    .text               bacnet_ARM_revXX_T10.lib(wp.o)
    0x08036bec   0x08036bec   0x000000a2   Code   RO         4855    .text               bacnet_ARM_revXX_T10.lib(bactimevalue.o)
    0x08036c8e   0x08036c8e   0x00000472   Code   RO         4868    .text               bacnet_ARM_revXX_T10.lib(rpm.o)
    0x08037100   0x08037100   0x0000031e   Code   RO         4881    .text               bacnet_ARM_revXX_T10.lib(wpm.o)
    0x0803741e   0x0803741e   0x00000002   PAD
    0x08037420   0x08037420   0x00000164   Code   RO         4908    .text               bacnet_ARM_revXX_T10.lib(s_ts.o)
    0x08037584   0x08037584   0x000000a0   Code   RO         4921    .text               bacnet_ARM_revXX_T10.lib(h_ts.o)
    0x08037624   0x08037624   0x000000a2   Code   RO         4933    .text               bacnet_ARM_revXX_T10.lib(h_whohas.o)
    0x080376c6   0x080376c6   0x000001c2   Code   RO         4948    .text               bacnet_ARM_revXX_T10.lib(proplist.o)
    0x08037888   0x08037888   0x00000224   Code   RO         4964    .text               bacnet_ARM_revXX_T10.lib(timesync.o)
    0x08037aac   0x08037aac   0x00000084   Code   RO         4976    .text               bacnet_ARM_revXX_T10.lib(s_ihave.o)
    0x08037b30   0x08037b30   0x0000015c   Code   RO         4991    .text               bacnet_ARM_revXX_T10.lib(whohas.o)
    0x08037c8c   0x08037c8c   0x000000f0   Code   RO         5006    .text               bacnet_ARM_revXX_T10.lib(ihave.o)
    0x08037d7c   0x08037d7c   0x00000024   Code   RO         5082    .text               mc_w.l(rand.o)
    0x08037da0   0x08037da0   0x00000024   Code   RO         5085    .text               mc_w.l(memcpya.o)
    0x08037dc4   0x08037dc4   0x00000024   Code   RO         5087    .text               mc_w.l(memseta.o)
    0x08037de8   0x08037de8   0x00000024   Code   RO         5089    .text               mc_w.l(strstr.o)
    0x08037e0c   0x08037e0c   0x00000014   Code   RO         5091    .text               mc_w.l(strchr.o)
    0x08037e20   0x08037e20   0x0000000e   Code   RO         5093    .text               mc_w.l(strlen.o)
    0x08037e2e   0x08037e2e   0x0000001c   Code   RO         5095    .text               mc_w.l(strcmp.o)
    0x08037e4a   0x08037e4a   0x00000014   Code   RO         5097    .text               mc_w.l(memchr.o)
    0x08037e5e   0x08037e5e   0x0000001a   Code   RO         5099    .text               mc_w.l(memcmp.o)
    0x08037e78   0x08037e78   0x00000012   Code   RO         5101    .text               mc_w.l(strcpy.o)
    0x08037e8a   0x08037e8a   0x00000002   PAD
    0x08037e8c   0x08037e8c   0x00000038   Code   RO         5394    .text               mc_w.l(__0sscanf.o)
    0x08037ec4   0x08037ec4   0x0000014c   Code   RO         5396    .text               mc_w.l(_scanf_int.o)
    0x08038010   0x08038010   0x00000070   Code   RO         5398    .text               mc_w.l(strtol.o)
    0x08038080   0x08038080   0x00000072   Code   RO         5400    .text               mc_w.l(strtoul.o)
    0x080380f2   0x080380f2   0x000000b0   Code   RO         5402    .text               mf_w.l(fadd.o)
    0x080381a2   0x080381a2   0x00000064   Code   RO         5404    .text               mf_w.l(fmul.o)
    0x08038206   0x08038206   0x0000007c   Code   RO         5406    .text               mf_w.l(fdiv.o)
    0x08038282   0x08038282   0x00000018   Code   RO         5408    .text               mf_w.l(fscalb.o)
    0x0803829a   0x0803829a   0x0000014e   Code   RO         5410    .text               mf_w.l(dadd.o)
    0x080383e8   0x080383e8   0x000000e4   Code   RO         5412    .text               mf_w.l(dmul.o)
    0x080384cc   0x080384cc   0x000000de   Code   RO         5414    .text               mf_w.l(ddiv.o)
    0x080385aa   0x080385aa   0x00000012   Code   RO         5416    .text               mf_w.l(fflti.o)
    0x080385bc   0x080385bc   0x0000000a   Code   RO         5418    .text               mf_w.l(ffltui.o)
    0x080385c6   0x080385c6   0x00000022   Code   RO         5420    .text               mf_w.l(dflti.o)
    0x080385e8   0x080385e8   0x0000001a   Code   RO         5422    .text               mf_w.l(dfltui.o)
    0x08038602   0x08038602   0x00000032   Code   RO         5424    .text               mf_w.l(ffixi.o)
    0x08038634   0x08038634   0x00000028   Code   RO         5426    .text               mf_w.l(ffixui.o)
    0x0803865c   0x0803865c   0x0000003e   Code   RO         5428    .text               mf_w.l(dfixi.o)
    0x0803869a   0x0803869a   0x00000032   Code   RO         5430    .text               mf_w.l(dfixui.o)
    0x080386cc   0x080386cc   0x00000026   Code   RO         5432    .text               mf_w.l(f2d.o)
    0x080386f2   0x080386f2   0x00000038   Code   RO         5434    .text               mf_w.l(d2f.o)
    0x0803872a   0x0803872a   0x00000002   PAD
    0x0803872c   0x0803872c   0x00000014   Code   RO         5436    .text               mf_w.l(cfcmple.o)
    0x08038740   0x08038740   0x0000002c   Code   RO         5485    .text               mc_w.l(uidiv.o)
    0x0803876c   0x0803876c   0x00000062   Code   RO         5487    .text               mc_w.l(uldiv.o)
    0x080387ce   0x080387ce   0x0000001e   Code   RO         5489    .text               mc_w.l(llshl.o)
    0x080387ec   0x080387ec   0x00000020   Code   RO         5491    .text               mc_w.l(llushr.o)
    0x0803880c   0x0803880c   0x00000024   Code   RO         5493    .text               mc_w.l(llsshr.o)
    0x08038830   0x08038830   0x00000008   Code   RO         5495    .text               mc_w.l(ctype_o.o)
    0x08038838   0x08038838   0x00000012   Code   RO         5517    .text               mc_w.l(isspace_o.o)
    0x0803884a   0x0803884a   0x0000001c   Code   RO         5532    .text               mc_w.l(_chval.o)
    0x08038866   0x08038866   0x00000002   PAD
    0x08038868   0x08038868   0x00000028   Code   RO         5534    .text               mc_w.l(scanf_char.o)
    0x08038890   0x08038890   0x00000040   Code   RO         5536    .text               mc_w.l(_sgetc.o)
    0x080388d0   0x080388d0   0x0000009e   Code   RO         5538    .text               mc_w.l(_strtoul.o)
    0x0803896e   0x0803896e   0x00000002   PAD
    0x08038970   0x08038970   0x0000009c   Code   RO         5540    .text               mc_w.l(strtod.o)
    0x08038a0c   0x08038a0c   0x00000000   Code   RO         5542    .text               mc_w.l(iusefp.o)
    0x08038a0c   0x08038a0c   0x0000006e   Code   RO         5543    .text               mf_w.l(fepilogue.o)
    0x08038a7a   0x08038a7a   0x000000ba   Code   RO         5545    .text               mf_w.l(depilogue.o)
    0x08038b34   0x08038b34   0x0000002e   Code   RO         5547    .text               mf_w.l(dscalb.o)
    0x08038b62   0x08038b62   0x000000a2   Code   RO         5549    .text               mf_w.l(dsqrt.o)
    0x08038c04   0x08038c04   0x00000030   Code   RO         5551    .text               mf_w.l(dfixul.o)
    0x08038c34   0x08038c34   0x00000030   Code   RO         5553    .text               mf_w.l(cdcmple.o)
    0x08038c64   0x08038c64   0x00000030   Code   RO         5555    .text               mf_w.l(cdrcmple.o)
    0x08038c94   0x08038c94   0x00000024   Code   RO         5557    .text               mc_w.l(init.o)
    0x08038cb8   0x08038cb8   0x0000032c   Code   RO         5561    .text               mc_w.l(_scanf.o)
    0x08038fe4   0x08038fe4   0x00000360   Code   RO         5563    .text               mc_w.l(scanf_fp.o)
    0x08039344   0x08039344   0x00000018   Code   RO         5570    .text               mf_w.l(dfltul.o)
    0x0803935c   0x0803935c   0x00000056   Code   RO         5580    .text               mc_w.l(__dczerorl2.o)
    0x080393b2   0x080393b2   0x00000002   PAD
    0x080393b4   0x080393b4   0x00000020   Code   RO         5338    i.__0printf         mc_w.l(printfa.o)
    0x080393d4   0x080393d4   0x00000028   Code   RO         5340    i.__0sprintf        mc_w.l(printfa.o)
    0x080393fc   0x080393fc   0x00000028   Code   RO         5455    i.__ARM_fpclassify  m_ws.l(fpclassify.o)
    0x08039424   0x08039424   0x00000008   Code   RO         5525    i.__aeabi_errno_addr  mc_w.l(errno.o)
    0x0803942c   0x0803942c   0x00000388   Code   RO         5460    i.__ieee754_rem_pio2  m_ws.l(rred.o)
    0x080397b4   0x080397b4   0x000000fc   Code   RO         5438    i.__kernel_cos      m_ws.l(cos_i.o)
    0x080398b0   0x080398b0   0x000000aa   Code   RO         5457    i.__kernel_poly     m_ws.l(poly.o)
    0x0803995a   0x0803995a   0x00000002   PAD
    0x0803995c   0x0803995c   0x000000ec   Code   RO         5465    i.__kernel_sin      m_ws.l(sin_i.o)
    0x08039a48   0x08039a48   0x00000010   Code   RO         5441    i.__mathlib_dbl_divzero  m_ws.l(dunder.o)
    0x08039a58   0x08039a58   0x00000006   Code   RO         5442    i.__mathlib_dbl_infnan  m_ws.l(dunder.o)
    0x08039a5e   0x08039a5e   0x00000004   Code   RO         5443    i.__mathlib_dbl_infnan2  m_ws.l(dunder.o)
    0x08039a62   0x08039a62   0x0000000c   Code   RO         5444    i.__mathlib_dbl_invalid  m_ws.l(dunder.o)
    0x08039a6e   0x08039a6e   0x0000000e   Code   RO         5445    i.__mathlib_dbl_overflow  m_ws.l(dunder.o)
    0x08039a7c   0x08039a7c   0x00000010   Code   RO         5447    i.__mathlib_dbl_underflow  m_ws.l(dunder.o)
    0x08039a8c   0x08039a8c   0x0000000e   Code   RO         5574    i.__scatterload_copy  mc_w.l(handlers.o)
    0x08039a9a   0x08039a9a   0x00000002   Code   RO         5575    i.__scatterload_null  mc_w.l(handlers.o)
    0x08039a9c   0x08039a9c   0x0000000e   Code   RO         5576    i.__scatterload_zeroinit  mc_w.l(handlers.o)
    0x08039aaa   0x08039aaa   0x00000002   PAD
    0x08039aac   0x08039aac   0x0000000c   Code   RO         5527    i.__set_errno       mc_w.l(errno.o)
    0x08039ab8   0x08039ab8   0x00000184   Code   RO         5345    i._fp_digits        mc_w.l(printfa.o)
    0x08039c3c   0x08039c3c   0x0000000e   Code   RO         5565    i._is_digit         mc_w.l(scanf_fp.o)
    0x08039c4a   0x08039c4a   0x00000002   PAD
    0x08039c4c   0x08039c4c   0x000006dc   Code   RO         5346    i._printf_core      mc_w.l(printfa.o)
    0x0803a328   0x0803a328   0x00000024   Code   RO         5347    i._printf_post_padding  mc_w.l(printfa.o)
    0x0803a34c   0x0803a34c   0x0000002e   Code   RO         5348    i._printf_pre_padding  mc_w.l(printfa.o)
    0x0803a37a   0x0803a37a   0x0000000a   Code   RO         5350    i._sputc            mc_w.l(printfa.o)
    0x0803a384   0x0803a384   0x0000009c   Code   RO         5022    i.cos               m_ws.l(cos.o)
    0x0803a420   0x0803a420   0x00000284   Code   RO         5030    i.exp               m_ws.l(exp.o)
    0x0803a6a4   0x0803a6a4   0x00000050   Code   RO         5366    i.free              mc_w.l(malloc.o)
    0x0803a6f4   0x0803a6f4   0x0000035c   Code   RO         5040    i.log               m_ws.l(log.o)
    0x0803aa50   0x0803aa50   0x0000006c   Code   RO         5367    i.malloc            mc_w.l(malloc.o)
    0x0803aabc   0x0803aabc   0x000009d8   Code   RO         5050    i.pow               m_ws.l(pow.o)
    0x0803b494   0x0803b494   0x000000a0   Code   RO         5060    i.sin               m_ws.l(sin.o)
    0x0803b534   0x0803b534   0x0000004c   Code   RO         5068    i.sqrt              m_ws.l(sqrt.o)
    0x0803b580   0x0803b580   0x0000001c   Code   RO         5076    i.strtod            m_ws.l(strtod.o)
    0x0803b59c   0x0803b59c   0x00000018   Data   RO         1187    .constdata          rtc.o
    0x0803b5b4   0x0803b5b4   0x0000005a   Data   RO         2167    .constdata          user_data.o
    0x0803b60e   0x0803b60e   0x0000000f   Data   RO         2168    .constdata          user_data.o
    0x0803b61d   0x0803b61d   0x00000001   PAD
    0x0803b61e   0x0803b61e   0x0000fd24   Data   RO         2280    .constdata          er-tft024-3_4-wire_spi.o
    0x0804b342   0x0804b342   0x000002a4   Data   RO         2281    .constdata          er-tft024-3_4-wire_spi.o
    0x0804b5e6   0x0804b5e6   0x000002a4   Data   RO         2282    .constdata          er-tft024-3_4-wire_spi.o
    0x0804b88a   0x0804b88a   0x00000548   Data   RO         2283    .constdata          er-tft024-3_4-wire_spi.o
    0x0804bdd2   0x0804bdd2   0x00000548   Data   RO         2284    .constdata          er-tft024-3_4-wire_spi.o
    0x0804c31a   0x0804c31a   0x00000548   Data   RO         2285    .constdata          er-tft024-3_4-wire_spi.o
    0x0804c862   0x0804c862   0x00000548   Data   RO         2286    .constdata          er-tft024-3_4-wire_spi.o
    0x0804cdaa   0x0804cdaa   0x00000548   Data   RO         2287    .constdata          er-tft024-3_4-wire_spi.o
    0x0804d2f2   0x0804d2f2   0x00000548   Data   RO         2288    .constdata          er-tft024-3_4-wire_spi.o
    0x0804d83a   0x0804d83a   0x00000200   Data   RO         2498    .constdata          modbus.o
    0x0804da3a   0x0804da3a   0x0000000f   Data   RO         2625    .constdata          range.o
    0x0804da49   0x0804da49   0x00000018   Data   RO         2673    .constdata          sntpc.o
    0x0804da61   0x0804da61   0x00000060   Data   RO         2945    .constdata          constcode.o
    0x0804dac1   0x0804dac1   0x0000008c   Data   RO         2969    .constdata          menumain.o
    0x0804db4d   0x0804db4d   0x00000001   PAD
    0x0804db4e   0x0804db4e   0x0000002c   Data   RO         3063    .constdata          ff.o
    0x0804db7a   0x0804db7a   0x00000002   PAD
    0x0804db7c   0x0804db7c   0x00000010   Data   RO         3135    .constdata          sgp30.o
    0x0804db8c   0x0804db8c   0x00000001   Data   RO         3160    .constdata          sgp30_featureset.o
    0x0804db8d   0x0804db8d   0x00000001   Data   RO         3161    .constdata          sgp30_featureset.o
    0x0804db8e   0x0804db8e   0x00000001   Data   RO         3162    .constdata          sgp30_featureset.o
    0x0804db8f   0x0804db8f   0x00000001   PAD
    0x0804db90   0x0804db90   0x00000024   Data   RO         3163    .constdata          sgp30_featureset.o
    0x0804dbb4   0x0804dbb4   0x00000024   Data   RO         3164    .constdata          sgp30_featureset.o
    0x0804dbd8   0x0804dbd8   0x00000024   Data   RO         3165    .constdata          sgp30_featureset.o
    0x0804dbfc   0x0804dbfc   0x00000024   Data   RO         3166    .constdata          sgp30_featureset.o
    0x0804dc20   0x0804dc20   0x00000024   Data   RO         3167    .constdata          sgp30_featureset.o
    0x0804dc44   0x0804dc44   0x00000024   Data   RO         3168    .constdata          sgp30_featureset.o
    0x0804dc68   0x0804dc68   0x00000030   Data   RO         3169    .constdata          sgp30_featureset.o
    0x0804dc98   0x0804dc98   0x00000030   Data   RO         3170    .constdata          sgp30_featureset.o
    0x0804dcc8   0x0804dcc8   0x00000030   Data   RO         3171    .constdata          sgp30_featureset.o
    0x0804dcf8   0x0804dcf8   0x00000030   Data   RO         3172    .constdata          sgp30_featureset.o
    0x0804dd28   0x0804dd28   0x00000030   Data   RO         3173    .constdata          sgp30_featureset.o
    0x0804dd58   0x0804dd58   0x00000030   Data   RO         3174    .constdata          sgp30_featureset.o
    0x0804dd88   0x0804dd88   0x00000030   Data   RO         3175    .constdata          sgp30_featureset.o
    0x0804ddb8   0x0804ddb8   0x00000030   Data   RO         3176    .constdata          sgp30_featureset.o
    0x0804dde8   0x0804dde8   0x00000002   Data   RO         3177    .constdata          sgp30_featureset.o
    0x0804ddea   0x0804ddea   0x00000002   Data   RO         3178    .constdata          sgp30_featureset.o
    0x0804ddec   0x0804ddec   0x00000002   Data   RO         3179    .constdata          sgp30_featureset.o
    0x0804ddee   0x0804ddee   0x00000002   PAD
    0x0804ddf0   0x0804ddf0   0x00000010   Data   RO         3180    .constdata          sgp30_featureset.o
    0x0804de00   0x0804de00   0x00000010   Data   RO         3181    .constdata          sgp30_featureset.o
    0x0804de10   0x0804de10   0x00000010   Data   RO         3182    .constdata          sgp30_featureset.o
    0x0804de20   0x0804de20   0x00000008   Data   RO         3183    .constdata          sgp30_featureset.o
    0x0804de28   0x0804de28   0x0000002c   Data   RO         3286    .constdata          bacnet_ARM_revXX_T10.lib(ai.o)
    0x0804de54   0x0804de54   0x00000034   Data   RO         3477    .constdata          bacnet_ARM_revXX_T10.lib(ao.o)
    0x0804de88   0x0804de88   0x00000020   Data   RO         3547    .constdata          bacnet_ARM_revXX_T10.lib(av.o)
    0x0804dea8   0x0804dea8   0x0000002c   Data   RO         3673    .constdata          bacnet_ARM_revXX_T10.lib(bi.o)
    0x0804ded4   0x0804ded4   0x00000030   Data   RO         3694    .constdata          bacnet_ARM_revXX_T10.lib(bv.o)
    0x0804df04   0x0804df04   0x00000040   Data   RO         3711    .constdata          bacnet_ARM_revXX_T10.lib(bo.o)
    0x0804df44   0x0804df44   0x00000080   Data   RO         4071    .constdata          bacnet_ARM_revXX_T10.lib(device.o)
    0x0804dfc4   0x0804dfc4   0x00000020   Data   RO         4343    .constdata          bacnet_ARM_revXX_T10.lib(calendar.o)
    0x0804dfe4   0x0804dfe4   0x00000040   Data   RO         4364    .constdata          bacnet_ARM_revXX_T10.lib(schedule.o)
    0x0804e024   0x0804e024   0x00000014   Data   RO         4461    .constdata          bacnet_ARM_revXX_T10.lib(proprietary.o)
    0x0804e038   0x0804e038   0x00000034   Data   RO         4478    .constdata          bacnet_ARM_revXX_T10.lib(msv.o)
    0x0804e06c   0x0804e06c   0x00000232   Data   RO         4503    .constdata          IO_control_ARM_revx.lib(inputs.o)
    0x0804e29e   0x0804e29e   0x00000100   Data   RO         4617    .constdata          bacnet_ARM_revXX_T10.lib(bacstr.o)
    0x0804e39e   0x0804e39e   0x00000002   PAD
    0x0804e3a0   0x0804e3a0   0x00000034   Data   RO         4632    .constdata          bacnet_ARM_revXX_T10.lib(datetime.o)
    0x0804e3d4   0x0804e3d4   0x00000004   PAD
    0x0804e3d8   0x0804e3d8   0x00000058   Data   RO         5031    .constdata          m_ws.l(exp.o)
    0x0804e430   0x0804e430   0x00000038   Data   RO         5041    .constdata          m_ws.l(log.o)
    0x0804e468   0x0804e468   0x00000088   Data   RO         5051    .constdata          m_ws.l(pow.o)
    0x0804e4f0   0x0804e4f0   0x00000030   Data   RO         5439    .constdata          m_ws.l(cos_i.o)
    0x0804e520   0x0804e520   0x00000008   Data   RO         5459    .constdata          m_ws.l(qnan.o)
    0x0804e528   0x0804e528   0x000000c8   Data   RO         5462    .constdata          m_ws.l(rred.o)
    0x0804e5f0   0x0804e5f0   0x00000028   Data   RO         5466    .constdata          m_ws.l(sin_i.o)
    0x0804e618   0x0804e618   0x00000081   Data   RO         5496    .constdata          mc_w.l(ctype_o.o)
    0x0804e699   0x0804e699   0x00000003   PAD
    0x0804e69c   0x0804e69c   0x00000004   Data   RO         5497    .constdata          mc_w.l(ctype_o.o)
    0x0804e6a0   0x0804e6a0   0x00000006   Data   RO         3120    .conststring        sgp_git_version.o
    0x0804e6a6   0x0804e6a6   0x00000002   PAD
    0x0804e6a8   0x0804e6a8   0x00000020   Data   RO         5572    Region$$Table       anon$$obj.o


    Execution Region RW_IRAM1 (Exec base: 0x20000000, Load base: 0x0804e9a4, Size: 0x00000000, Max: 0x00080000, ABSOLUTE)

    **** No section assigned to this execution region ****


    Execution Region RW_RAM1 (Exec base: 0x60000000, Load base: 0x0804e6c8, Size: 0x00078368, Max: 0x00800000, ABSOLUTE, COMPRESSED[0x000002dc])

    Exec Addr    Load Addr    Size         Type   Attr      Idx    E Section Name        Object

    0x60000000   COMPRESSED   0x00000014   Data   RW          509    .data               system_stm32f10x.o
    0x60000014   COMPRESSED   0x00000014   Data   RW          743    .data               stm32f10x_rcc.o
    0x60000028   COMPRESSED   0x00000004   Data   RW         1070    .data               stmflash.o
    0x6000002c   COMPRESSED   0x00000008   Data   RW         1107    .data               timerx.o
    0x60000034   COMPRESSED   0x00000002   Data   RW         1188    .data               rtc.o
    0x60000036   COMPRESSED   0x00000001   Data   RW         1217    .data               mmc_sd.o
    0x60000037   COMPRESSED   0x00000002   Data   RW         1361    .data               sht3x.o
    0x60000039   COMPRESSED   0x00000001   PAD
    0x6000003a   COMPRESSED   0x00000004   Data   RW         1393    .data               sht4x.o
    0x6000003e   COMPRESSED   0x00000001   Data   RW         1423    .data               sht4x_example_usage.o
    0x6000003f   COMPRESSED   0x00000001   PAD
    0x60000040   COMPRESSED   0x0000003c   Data   RW         1442    .data               tasks.o
    0x6000007c   COMPRESSED   0x00000004   Data   RW         1548    .data               port.o
    0x60000080   COMPRESSED   0x00000018   Data   RW         1584    .data               heap_2.o
    0x60000098   COMPRESSED   0x00000004   Data   RW         1602    .data               usart.o
    0x6000009c   COMPRESSED   0x00000004   Data   RW         1660    .data               delay.o
    0x600000a0   COMPRESSED   0x0000002a   Data   RW         1681    .data               bac_interface.o
    0x600000ca   COMPRESSED   0x00000002   PAD
    0x600000cc   COMPRESSED   0x00000018   Data   RW         1718    .data               bip.o
    0x600000e4   COMPRESSED   0x00000014   Data   RW         1966    .data               bac_control.o
    0x600000f8   COMPRESSED   0x00000002   Data   RW         1968    .data               bac_control.o
    0x600000fa   COMPRESSED   0x00000002   PAD
    0x600000fc   COMPRESSED   0x0000000c   Data   RW         2013    .data               decode.o
    0x60000108   COMPRESSED   0x00000004   Data   RW         2014    .data               decode.o
    0x6000010c   COMPRESSED   0x00000010   Data   RW         2050    .data               monitor.o
    0x6000011c   COMPRESSED   0x00000004   Data   RW         2051    .data               monitor.o
    0x60000120   COMPRESSED   0x00000014   Data   RW         2118    .data               ptransfer.o
    0x60000134   COMPRESSED   0x00000032   Data   RW         2171    .data               user_data.o
    0x60000166   COMPRESSED   0x00000005   Data   RW         2172    .data               user_data.o
    0x6000016b   COMPRESSED   0x00000004   Data   RW         2173    .data               user_data.o
    0x6000016f   COMPRESSED   0x00000001   Data   RW         2174    .data               user_data.o
    0x60000170   COMPRESSED   0x00000001   Data   RW         2175    .data               user_data.o
    0x60000171   COMPRESSED   0x00000001   Data   RW         2176    .data               user_data.o
    0x60000172   COMPRESSED   0x00000001   Data   RW         2177    .data               user_data.o
    0x60000173   COMPRESSED   0x00000001   Data   RW         2180    .data               user_data.o
    0x60000174   COMPRESSED   0x00000004   Data   RW         2181    .data               user_data.o
    0x60000178   COMPRESSED   0x00000004   Data   RW         2182    .data               user_data.o
    0x6000017c   COMPRESSED   0x00000004   Data   RW         2183    .data               user_data.o
    0x60000180   COMPRESSED   0x00000004   Data   RW         2184    .data               user_data.o
    0x60000184   COMPRESSED   0x00000004   Data   RW         2185    .data               user_data.o
    0x60000188   COMPRESSED   0x00000004   Data   RW         2186    .data               user_data.o
    0x6000018c   COMPRESSED   0x00000004   Data   RW         2187    .data               user_data.o
    0x60000190   COMPRESSED   0x00000004   Data   RW         2188    .data               user_data.o
    0x60000194   COMPRESSED   0x00000004   Data   RW         2190    .data               user_data.o
    0x60000198   COMPRESSED   0x00000001   Data   RW         2191    .data               user_data.o
    0x60000199   COMPRESSED   0x00000001   Data   RW         2192    .data               user_data.o
    0x6000019a   COMPRESSED   0x00000001   Data   RW         2193    .data               user_data.o
    0x6000019b   COMPRESSED   0x00000005   Data   RW         2194    .data               user_data.o
    0x600001a0   COMPRESSED   0x0000006c   Data   RW         2289    .data               er-tft024-3_4-wire_spi.o
    0x6000020c   COMPRESSED   0x00000018   Data   RW         2323    .data               key.o
    0x60000224   COMPRESSED   0x00000004   Data   RW         2361    .data               commsub.o
    0x60000228   COMPRESSED   0x00000001   Data   RW         2362    .data               commsub.o
    0x60000229   COMPRESSED   0x00000001   Data   RW         2363    .data               commsub.o
    0x6000022a   COMPRESSED   0x00000001   Data   RW         2364    .data               commsub.o
    0x6000022b   COMPRESSED   0x00000001   Data   RW         2365    .data               commsub.o
    0x6000022c   COMPRESSED   0x00000044   Data   RW         2386    .data               scan.o
    0x60000270   COMPRESSED   0x00000001   Data   RW         2387    .data               scan.o
    0x60000271   COMPRESSED   0x00000001   Data   RW         2388    .data               scan.o
    0x60000272   COMPRESSED   0x00000001   Data   RW         2394    .data               scan.o
    0x60000273   COMPRESSED   0x00000001   Data   RW         2395    .data               scan.o
    0x60000274   COMPRESSED   0x00000080   Data   RW         2499    .data               modbus.o
    0x600002f4   COMPRESSED   0x00000001   Data   RW         2504    .data               modbus.o
    0x600002f5   COMPRESSED   0x00000001   Data   RW         2505    .data               modbus.o
    0x600002f6   COMPRESSED   0x00000001   Data   RW         2506    .data               modbus.o
    0x600002f7   COMPRESSED   0x00000003   Data   RW         2508    .data               modbus.o
    0x600002fa   COMPRESSED   0x00000003   Data   RW         2509    .data               modbus.o
    0x600002fd   COMPRESSED   0x00000001   PAD
    0x600002fe   COMPRESSED   0x00000002   Data   RW         2510    .data               modbus.o
    0x60000300   COMPRESSED   0x00000001   Data   RW         2511    .data               modbus.o
    0x60000301   COMPRESSED   0x00000003   PAD
    0x60000304   COMPRESSED   0x00000048   Data   RW         2570    .data               main.o
    0x6000034c   COMPRESSED   0x00000002   Data   RW         2581    .data               main.o
    0x6000034e   COMPRESSED   0x00000001   Data   RW         2582    .data               main.o
    0x6000034f   COMPRESSED   0x00000001   Data   RW         2583    .data               main.o
    0x60000350   COMPRESSED   0x00000004   Data   RW         2584    .data               main.o
    0x60000354   COMPRESSED   0x00000004   Data   RW         2585    .data               main.o
    0x60000358   COMPRESSED   0x00000004   Data   RW         2586    .data               main.o
    0x6000035c   COMPRESSED   0x0000005a   Data   RW         2644    .data               tstat_wifi.o
    0x600003b6   COMPRESSED   0x00000002   Data   RW         2645    .data               tstat_wifi.o
    0x600003b8   COMPRESSED   0x00000002   Data   RW         2646    .data               tstat_wifi.o
    0x600003ba   COMPRESSED   0x00000002   PAD
    0x600003bc   COMPRESSED   0x0000000a   Data   RW         2674    .data               sntpc.o
    0x600003c6   COMPRESSED   0x00000001   Data   RW         2675    .data               sntpc.o
    0x600003c7   COMPRESSED   0x00000001   PAD
    0x600003c8   COMPRESSED   0x00000018   Data   RW         2712    .data               wifi.o
    0x600003e0   COMPRESSED   0x00000001   Data   RW         2715    .data               wifi.o
    0x600003e1   COMPRESSED   0x00000003   PAD
    0x600003e4   COMPRESSED   0x0000006c   Data   RW         2844    .data               menu.o
    0x60000450   COMPRESSED   0x00000015   Data   RW         2893    .data               menuidle.o
    0x60000465   COMPRESSED   0x00000001   PAD
    0x60000466   COMPRESSED   0x00000006   Data   RW         2913    .data               menuset.o
    0x6000046c   COMPRESSED   0x00000044   Data   RW         2985    .data               menudayset.o
    0x600004b0   COMPRESSED   0x00000014   Data   RW         3005    .data               exfuns.o
    0x600004c4   COMPRESSED   0x00000008   Data   RW         3064    .data               ff.o
    0x600004cc   COMPRESSED   0x00000004   Data   RW         3121    .data               sgp_git_version.o
    0x600004d0   COMPRESSED   0x00000008   Data   RW         3184    .data               sgp30_featureset.o
    0x600004d8   COMPRESSED   0x00000004   Data   RW         3185    .data               sgp30_featureset.o
    0x600004dc   COMPRESSED   0x00000008   Data   RW         3186    .data               sgp30_featureset.o
    0x600004e4   COMPRESSED   0x00000008   Data   RW         3187    .data               sgp30_featureset.o
    0x600004ec   COMPRESSED   0x00000014   Data   RW         3188    .data               sgp30_featureset.o
    0x60000500   COMPRESSED   0x00000018   Data   RW         3189    .data               sgp30_featureset.o
    0x60000518   COMPRESSED   0x00000020   Data   RW         3190    .data               sgp30_featureset.o
    0x60000538   COMPRESSED   0x0000000c   Data   RW         3191    .data               sgp30_featureset.o
    0x60000544   COMPRESSED   0x0000000c   Data   RW         3206    .data               voc.o
    0x60000550   COMPRESSED   0x00000002   Data   RW         3251    .data               scd4x_i2c_example_usage.o
    0x60000552   COMPRESSED   0x00000001   Data   RW         3287    .data               bacnet_ARM_revXX_T10.lib(ai.o)
    0x60000553   COMPRESSED   0x00000001   Data   RW         3478    .data               bacnet_ARM_revXX_T10.lib(ao.o)
    0x60000554   COMPRESSED   0x00000001   Data   RW         3548    .data               bacnet_ARM_revXX_T10.lib(av.o)
    0x60000555   COMPRESSED   0x00000003   PAD
    0x60000558   COMPRESSED   0x00000039   Data   RW         3644    .data               bacnet_ARM_revXX_T10.lib(apdu.o)
    0x60000591   COMPRESSED   0x00000001   Data   RW         3674    .data               bacnet_ARM_revXX_T10.lib(bi.o)
    0x60000592   COMPRESSED   0x00000001   Data   RW         3695    .data               bacnet_ARM_revXX_T10.lib(bv.o)
    0x60000593   COMPRESSED   0x00000001   Data   RW         3712    .data               bacnet_ARM_revXX_T10.lib(bo.o)
    0x60000594   COMPRESSED   0x0000000c   Data   RW         3852    .data               bacnet_ARM_revXX_T10.lib(bacapp.o)
    0x600005a0   COMPRESSED   0x00000290   Data   RW         4072    .data               bacnet_ARM_revXX_T10.lib(device.o)
    0x60000830   COMPRESSED   0x00000030   Data   RW         4099    .data               bacnet_ARM_revXX_T10.lib(dlmstp.o)
    0x60000860   COMPRESSED   0x00000001   Data   RW         4207    .data               bacnet_ARM_revXX_T10.lib(h_whois.o)
    0x60000861   COMPRESSED   0x00000001   Data   RW         4208    .data               bacnet_ARM_revXX_T10.lib(h_whois.o)
    0x60000862   COMPRESSED   0x00000001   Data   RW         4210    .data               bacnet_ARM_revXX_T10.lib(h_whois.o)
    0x60000863   COMPRESSED   0x00000001   Data   RW         4212    .data               bacnet_ARM_revXX_T10.lib(h_whois.o)
    0x60000864   COMPRESSED   0x00000002   Data   RW         4303    .data               bacnet_ARM_revXX_T10.lib(rs485.o)
    0x60000866   COMPRESSED   0x00000001   Data   RW         4344    .data               bacnet_ARM_revXX_T10.lib(calendar.o)
    0x60000867   COMPRESSED   0x0000000b   Data   RW         4365    .data               bacnet_ARM_revXX_T10.lib(schedule.o)
    0x60000872   COMPRESSED   0x00000001   Data   RW         4462    .data               bacnet_ARM_revXX_T10.lib(proprietary.o)
    0x60000873   COMPRESSED   0x00000001   Data   RW         4479    .data               bacnet_ARM_revXX_T10.lib(msv.o)
    0x60000874   COMPRESSED   0x00000001   Data   RW         4804    .data               bacnet_ARM_revXX_T10.lib(tsm.o)
    0x60000875   COMPRESSED   0x00000003   PAD
    0x60000878   COMPRESSED   0x00000004   Data   RW         5083    .data               mc_w.l(rand.o)
    0x6000087c   COMPRESSED   0x00000004   Data   RW         5523    .data               mc_w.l(mvars.o)
    0x60000880   COMPRESSED   0x00000004   Data   RW         5524    .data               mc_w.l(mvars.o)
    0x60000884   COMPRESSED   0x00000004   Data   RW         5528    .data               mc_w.l(errno.o)
    0x60000888        -       0x00001000   Zero   RW         1069    .bss                stmflash.o
    0x60001888        -       0x0000000a   Zero   RW         1186    .bss                rtc.o
    0x60001892   COMPRESSED   0x00000002   PAD
    0x60001894        -       0x000001f4   Zero   RW         1441    .bss                tasks.o
    0x60001a88        -       0x0000f000   Zero   RW         1583    .bss                heap_2.o
    0x60010a88        -       0x00000800   Zero   RW         1680    .bss                bac_interface.o
    0x60011288        -       0x00000100   Zero   RW         1965    .bss                bac_control.o
    0x60011388        -       0x000052e4   Zero   RW         2049    .bss                monitor.o
    0x6001666c        -       0x00000a00   Zero   RW         2082    .bss                point.o
    0x6001706c        -       0x00008870   Zero   RW         2114    .bss                ptransfer.o
    0x6001f8dc        -       0x00000064   Zero   RW         2116    .bss                ptransfer.o
    0x6001f940        -       0x00000258   Zero   RW         2117    .bss                ptransfer.o
    0x6001fb98        -       0x00010fa4   Zero   RW         2159    .bss                user_data.o
    0x60030b3c        -       0x00000190   Zero   RW         2160    .bss                user_data.o
    0x60030ccc        -       0x00000040   Zero   RW         2161    .bss                user_data.o
    0x60030d0c        -       0x00000028   Zero   RW         2162    .bss                user_data.o
    0x60030d34        -       0x00000100   Zero   RW         2163    .bss                user_data.o
    0x60030e34        -       0x00000100   Zero   RW         2164    .bss                user_data.o
    0x60030f34        -       0x00000050   Zero   RW         2165    .bss                user_data.o
    0x60030f84        -       0x0000005e   Zero   RW         2166    .bss                user_data.o
    0x60030fe2   COMPRESSED   0x00000002   PAD
    0x60030fe4        -       0x00000120   Zero   RW         2239    .bss                io.o
    0x60031104        -       0x00004e9a   Zero   RW         2252    .bss                flash_user.o
    0x60035f9e        -       0x00000024   Zero   RW         2276    .bss                er-tft024-3_4-wire_spi.o
    0x60035fc2        -       0x00000064   Zero   RW         2353    .bss                commsub.o
    0x60036026        -       0x00000064   Zero   RW         2354    .bss                commsub.o
    0x6003608a        -       0x00000064   Zero   RW         2355    .bss                commsub.o
    0x600360ee        -       0x000004b0   Zero   RW         2356    .bss                commsub.o
    0x6003659e   COMPRESSED   0x00000002   PAD
    0x600365a0        -       0x00001834   Zero   RW         2384    .bss                scan.o
    0x60037dd4        -       0x00001190   Zero   RW         2495    .bss                modbus.o
    0x60038f64        -       0x00000040   Zero   RW         2496    .bss                modbus.o
    0x60038fa4        -       0x00000040   Zero   RW         2497    .bss                modbus.o
    0x60038fe4        -       0x000002e8   Zero   RW         2566    .bss                main.o
    0x600392cc        -       0x000001a0   Zero   RW         2623    .bss                range.o
    0x6003946c        -       0x00000048   Zero   RW         2640    .bss                tstat_wifi.o
    0x600394b4        -       0x00000010   Zero   RW         2641    .bss                tstat_wifi.o
    0x600394c4        -       0x0000005e   Zero   RW         2643    .bss                tstat_wifi.o
    0x60039522        -       0x0000001c   Zero   RW         2671    .bss                sntpc.o
    0x6003953e        -       0x0000001e   Zero   RW         2672    .bss                sntpc.o
    0x6003955c        -       0x00000014   Zero   RW         2694    .bss                user_arm.o
    0x60039570        -       0x00009c78   Zero   RW         2709    .bss                wifi.o
    0x600431e8        -       0x00000402   Zero   RW         2740    .bss                bsp_esp8266.o
    0x600435ea        -       0x0000000e   Zero   RW         2843    .bss                menu.o
    0x600435f8        -       0x00000009   Zero   RW         2892    .bss                menuidle.o
    0x60043601        -       0x00006aee   Zero   RW         3004    .bss                exfuns.o
    0x6004a0ef   COMPRESSED   0x00000001   PAD
    0x6004a0f0        -       0x00000038   Zero   RW         3134    .bss                sgp30.o
    0x6004a128        -       0x0000000a   Zero   RW         3205    .bss                voc.o
    0x6004a132        -       0x00001ee1   Zero   RW         3568    .bss                bacnet_ARM_revXX_T10.lib(address.o)
    0x6004c013   COMPRESSED   0x00000001   PAD
    0x6004c014        -       0x00000194   Zero   RW         3643    .bss                bacnet_ARM_revXX_T10.lib(apdu.o)
    0x6004c1a8        -       0x00000040   Zero   RW         3672    .bss                bacnet_ARM_revXX_T10.lib(bi.o)
    0x6004c1e8        -       0x00000272   Zero   RW         4098    .bss                bacnet_ARM_revXX_T10.lib(dlmstp.o)
    0x6004c45a        -       0x0000026b   Zero   RW         4231    .bss                bacnet_ARM_revXX_T10.lib(h_wp.o)
    0x6004c6c5   COMPRESSED   0x00000003   PAD
    0x6004c6c8        -       0x00000210   Zero   RW         4300    .bss                bacnet_ARM_revXX_T10.lib(rs485.o)
    0x6004c8d8        -       0x0000026b   Zero   RW         4406    .bss                bacnet_ARM_revXX_T10.lib(s_wp.o)
    0x6004cb43        -       0x00000258   Zero   RW         4421    .bss                bacnet_ARM_revXX_T10.lib(h_rpm.o)
    0x6004cd9b        -       0x00000dcd   Zero   RW         4502    .bss                IO_control_ARM_revx.lib(inputs.o)
    0x6004db68        -       0x00000b40   Zero   RW         4529    .bss                IO_control_ARM_revx.lib(outputs.o)
    0x6004e6a8        -       0x0002936a   Zero   RW         4803    .bss                bacnet_ARM_revXX_T10.lib(tsm.o)
    0x60077a12        -       0x00000756   Zero   RW         4818    .bss                bacnet_ARM_revXX_T10.lib(txbuf.o)
    0x60078168        -       0x00000200   Zero   RW          870    HEAP                startup_stm32f10x_hd.o


==============================================================================

Image component sizes


      Code (inc. data)   RO Data    RW Data    ZI Data      Debug   Object Name

       318          0          0          0          0       2770   24cxx.o
      2232        414          0          0          0      46491   alarm.o
      2984        288          0         22        256       7921   bac_control.o
      9168        942          0         42       2048      29948   bac_interface.o
       660         20          0         24          0       7216   bip.o
      4232        772          0          0       1026      15481   bsp_esp8266.o
      1456         64          0          8       1500       9554   commsub.o
         0          0         96          0          0       2508   constcode.o
         0          0          0          0          0         32   cortexm3_macro_rvds.o
      6272        370          0         16          0      24186   decode.o
       160          6          0          4          0       1175   delay.o
       162          0          0          0          0       3728   diskio.o
      6256        564      74268        108         36      20210   er-tft024-3_4-wire_spi.o
      1552        108          0         20      27374       9398   exfuns.o
      7314        108         44          8          0      25964   ff.o
         0          0          0          0          0       1228   flash.o
      3144        498          0          0      20122       7141   flash_user.o
       256          8          0         24      61440       3152   heap_2.o
       492          4          0          0          0       2527   i2c_hal.o
         0          0         20          0          0        479   info.o
      1416        100          0          0        288       6154   io.o
       340         30          0         24          0       2459   key.o
       136          0          0          0          0       6818   list.o
      6748        518          0         88        744      17096   main.o
       340         28          0        108         14       4834   menu.o
      2072        134          0         68          0       5645   menudayset.o
      4088        350          0         21          9       6037   menuidle.o
       312         64        140          0          0       2245   menumain.o
       600         74          0          6          0       1985   menuset.o
       184         12          0          0          0     208805   misc.o
      1496         26          0          1          0       6396   mmc_sd.o
     19428       1018        512        140       4624      75354   modbus.o
      3388        126          0         20      21220       6527   monitor.o
       592          6          0          0          0       2936   myiic.o
      6060        280          0          0       2560      14841   point.o
       342         28          0          4          0       7380   port.o
      8688        694          0         20      35628      34118   ptransfer.o
      1614          6          0          0          0      22550   queue.o
       384         32         15          0        416       3115   range.o
       804         32         24          2         10      15885   rtc.o
      9300        466          0         72       6196      26248   scan.o
      1276         24          0          0          0       9069   scd4x_i2c.o
       208         18          0          2          0       1355   scd4x_i2c_example_usage.o
         0          0          0          0          0        392   sdioemmcdrive.o
       422          0          0          0          0       5337   sensirion_common.o
       500          0          0          0          0       5014   sensirion_i2c.o
       406          0          0          0          0       3220   sensirion_sw_i2c.o
       164          6          0          0          0       2153   sensirion_sw_i2c_implementation.o
      1188         42         16          0         56      13027   sgp30.o
         0          0        665        116          0       3967   sgp30_featureset.o
         0          0          6          4          0        250   sgp_git_version.o
      1352         76          0          2          0      11022   sht3x.o
       200         14          0          4          0       2877   sht4x.o
       144         14          0          1          0        910   sht4x_example_usage.o
       996         80         24         11         58       5736   sntpc.o
       952         42          0          0          0      15149   spi.o
       196         72        304          0        512        812   startup_stm32f10x_hd.o
       912         24          0          0          0      20872   stm32f10x_adc.o
       156          8          0          0          0       3404   stm32f10x_bkp.o
         0          0          0          0          0     206904   stm32f10x_dac.o
       488         10          0          0          0       4766   stm32f10x_dma.o
       236         10          0          0          0       2395   stm32f10x_exti.o
       664         36          0          0          0       6189   stm32f10x_gpio.o
       264        114          0          0          0     147599   stm32f10x_it.o
        60          6          0          0          0       1289   stm32f10x_iwdg.o
       172         12          0          0          0       1939   stm32f10x_pwr.o
       756         32          0         20          0       9296   stm32f10x_rcc.o
       276          6          0          0          0       2782   stm32f10x_rtc.o
       692         12          0          0          0       7118   stm32f10x_spi.o
      3114         84          0          0          0      25076   stm32f10x_tim.o
       924         20          0          0          0       9148   stm32f10x_usart.o
       698         34          0          4       4096       5880   stmflash.o
       372         34          0         20          0      64907   system_stm32f10x.o
      3568         90          0         60        500      32799   tasks.o
       340         26          0          8          0       4266   timerx.o
      6644        392          0         94        182      31695   tstat_wifi.o
       788         36          0          4          0       3870   usart.o
       628         68          0          0         20       3107   user_arm.o
      4816        512        105        108      70730      43143   user_data.o
       344         20          0         12         10       2316   voc.o
      3960        338          0         25      40056      13941   wifi.o

    ----------------------------------------------------------------------
    153878      10502      76280       1362     301738    1433528   Object Totals
         0          0         32          0          0          0   (incl. Generated)
        12          0          9         17          7          0   (incl. Padding)

    ----------------------------------------------------------------------

      Code (inc. data)   RO Data    RW Data    ZI Data      Debug   Library Member Name

      2204         66        562          0       3533      14947   inputs.o
       124          4          0          0       2880       1131   outputs.o
        88          6          0          0          0       1850   abort.o
      1448         20          0          0       7905      16129   address.o
       772         18         44          1          0     253381   ai.o
      1240         22         52          1          0      12551   ao.o
      1136         96          0         57        404       7892   apdu.o
      1170         22         32          1          0       6977   av.o
       156          0          0          0          0       1446   bacaddr.o
      2052        148          0         12          0      10010   bacapp.o
      3404         20          0          0          0      29548   bacdcode.o
       190          0          0          0          0       4604   bacerror.o
       312          4          0          0          0       3616   bacint.o
       278          0          0          0          0       3548   bacreal.o
      1388         18        256          0          0      13169   bacstr.o
       162          0          0          0          0       2268   bactimevalue.o
       752         20         44          1         64       6013   bi.o
      1294         28         64          1          0      48095   bo.o
       996         20         48          1          0       5289   bv.o
        32          0          0          0          0        958   bvlc.o
       628          8         32          1          0       4540   calendar.o
        78          0          0          0          0        796   crc.o
       128          0          0          0          0      44732   datalink.o
      1720          6         52          0          0      15186   datetime.o
      2376         92        128        656          0      12299   device.o
      2708         92          0         48        626      11998   dlmstp.o
       352          0          0          0          0       4351   fifo.o
       210          0          0          0          0       1917   h_iam.o
       148          0          0          0          0       1379   h_npdu.o
       736         14          0          0          0       2777   h_rp.o
       932         14          0          0        600       4368   h_rpm.o
       160          6          0          0          0       1520   h_ts.o
       162          0          0          0          0       2190   h_whohas.o
        72         10          0          4          0       1696   h_whois.o
       392         14          0          0        619       2417   h_wp.o
       308          4          0          0          0       1966   h_wpm.o
       302          0          0          0          0       2220   iam.o
       240          0          0          0          0       2391   ihave.o
        30          0          0          0          0        670   memcopy.o
       840         10         52          1          0       5677   msv.o
        84          4          0          0          0       4431   noserv.o
       688          4          0          0          0       3073   npdu.o
       450          0          0          0          0       2825   proplist.o
       448         10         20          1          0       4554   proprietary.o
       104         10          0          0          0       1857   reject.o
       584          0          0          0          0       3663   rp.o
      1138          0          0          0          0       8138   rpm.o
       164         14          0          2        528       3425   rs485.o
       234          0          0          0          0       2516   s_iam.o
       132          6          0          0          0       1890   s_ihave.o
       272         12          0          0          0       2420   s_rp.o
       356         12          0          0          0       2885   s_ts.o
       248         20          0          0          0       2124   s_upt.o
       264         12          0          0          0       2818   s_whois.o
       384         16          0          0        619       3041   s_wp.o
      1232         12         64         11          0       5336   schedule.o
       548          0          0          0          0       3705   timesync.o
       656         10          0          1     168810       5044   tsm.o
         0          0          0          0       1878        606   txbuf.o
       348          0          0          0          0       2275   whohas.o
       424         12          0          0          0       3146   whois.o
       452          0          0          0          0       2107   wp.o
       798          0          0          0          0       4266   wpm.o
       156          8          0          0          0        104   cos.o
       252         22         48          0          0        124   cos_i.o
        68         10          0          0          0        408   dunder.o
       644         90         88          0          0        204   exp.o
        40          0          0          0          0         68   fpclassify.o
       860         52         56          0          0        256   log.o
       170          0          0          0          0         96   poly.o
      2520        190        136          0          0        324   pow.o
         0          0          8          0          0          0   qnan.o
       904         76        200          0          0        140   rred.o
       160         10          0          0          0        108   sin.o
       236         12         40          0          0        128   sin_i.o
        76          0          0          0          0         84   sqrt.o
        28          0          0          0          0         80   strtod.o
        56          8          0          0          0         84   __0sscanf.o
        86          0          0          0          0          0   __dczerorl2.o
        28          0          0          0          0         68   _chval.o
       812          4          0          0          0        112   _scanf.o
       332          0          0          0          0         96   _scanf_int.o
        64          0          0          0          0         84   _sgetc.o
       158          0          0          0          0         92   _strtoul.o
         8          4        133          0          0         68   ctype_o.o
         0          0          0          0          0          0   entry.o
         0          0          0          0          0          0   entry10a.o
         0          0          0          0          0          0   entry11a.o
         8          4          0          0          0          0   entry2.o
         4          0          0          0          0          0   entry5.o
         0          0          0          0          0          0   entry7b.o
         0          0          0          0          0          0   entry8b.o
         8          4          0          0          0          0   entry9a.o
        20         10          0          4          0        136   errno.o
        30          0          0          0          0          0   handlers.o
        36          8          0          0          0         68   init.o
        18          0          0          0          0         76   isspace_o.o
         0          0          0          0          0          0   iusefp.o
        30          0          0          0          0         68   llshl.o
        36          0          0          0          0         68   llsshr.o
        32          0          0          0          0         68   llushr.o
       188         20          0          0          0        160   malloc.o
        20          0          0          0          0         68   memchr.o
        26          0          0          0          0         80   memcmp.o
        36          0          0          0          0         68   memcpya.o
        36          0          0          0          0        108   memseta.o
         0          0          0          8          0          0   mvars.o
      2308         96          0          0          0        604   printfa.o
        36         10          0          4          0        136   rand.o
        40          8          0          0          0         84   scanf_char.o
       878         12          0          0          0        216   scanf_fp.o
        20          0          0          0          0         68   strchr.o
        28          0          0          0          0         76   strcmp.o
        18          0          0          0          0         68   strcpy.o
        14          0          0          0          0         68   strlen.o
        36          0          0          0          0         80   strstr.o
       156         12          0          0          0        120   strtod.o
       112          0          0          0          0         88   strtol.o
       114          0          0          0          0         92   strtoul.o
        44          0          0          0          0         80   uidiv.o
        98          0          0          0          0         92   uldiv.o
        48          0          0          0          0         68   cdcmple.o
        48          0          0          0          0         68   cdrcmple.o
        20          0          0          0          0         68   cfcmple.o
        56          0          0          0          0         88   d2f.o
       334          0          0          0          0        148   dadd.o
       222          0          0          0          0        100   ddiv.o
       186          0          0          0          0        176   depilogue.o
        62          0          0          0          0         80   dfixi.o
        50          0          0          0          0         76   dfixui.o
        48          0          0          0          0         68   dfixul.o
        34          0          0          0          0         76   dflti.o
        26          0          0          0          0         76   dfltui.o
        24          0          0          0          0         76   dfltul.o
       228          0          0          0          0         96   dmul.o
        46          0          0          0          0         80   dscalb.o
       162          0          0          0          0        100   dsqrt.o
        38          0          0          0          0         68   f2d.o
       176          0          0          0          0        140   fadd.o
       124          0          0          0          0         88   fdiv.o
       110          0          0          0          0        168   fepilogue.o
        50          0          0          0          0         68   ffixi.o
        40          0          0          0          0         68   ffixui.o
        18          0          0          0          0         68   fflti.o
        10          0          0          0          0         68   ffltui.o
       100          0          0          0          0         76   fmul.o
        24          0          0          0          0         68   fscalb.o

    ----------------------------------------------------------------------
     56130       1606       2168        822     188470     652549   Library Totals
        30          0          9          6          4          0   (incl. Padding)

    ----------------------------------------------------------------------

      Code (inc. data)   RO Data    RW Data    ZI Data      Debug   Library Name

      2328         70        562          0       6413      16078   IO_control_ARM_revx.lib
     39400        866        888        800     182053     628579   bacnet_ARM_revXX_T10.lib
      6114        470        576          0          0       2124   m_ws.l
      5974        200        133         16          0       3444   mc_w.l
      2284          0          0          0          0       2324   mf_w.l

    ----------------------------------------------------------------------
     56130       1606       2168        822     188470     652549   Library Totals

    ----------------------------------------------------------------------

==============================================================================


      Code (inc. data)   RO Data    RW Data    ZI Data      Debug   

    210008      12108      78448       2184     490208    2064417   Grand Totals
    210008      12108      78448        732     490208    2064417   ELF Image Totals (compressed)
    210008      12108      78448        732          0          0   ROM Totals

==============================================================================

    Total RO  Size (Code + RO Data)               288456 ( 281.70kB)
    Total RW  Size (RW Data + ZI Data)            492392 ( 480.85kB)
    Total ROM Size (Code + RO Data + RW Data)     289188 ( 282.41kB)

==============================================================================

